../Drivers/CMSIS/Include/core_cm4.h:1667:26:uint32_t __NVIC_GetPriorityGrouping()	4	static
../Drivers/CMSIS/Include/core_cm4.h:1679:22:void __NVIC_EnableIRQ(IRQn_Type)	16	static,ignoring_inline_asm
../Drivers/CMSIS/Include/core_cm4.h:1809:22:void __NVIC_SetPriority(IRQn_Type, uint32_t)	16	static
../Drivers/CMSIS/Include/core_cm4.h:1856:26:uint32_t NVIC_EncodePriority(uint32_t, uint32_t, uint32_t)	40	static
../Drivers/STM32G4xx_HAL_Driver/Inc/stm32g4xx_ll_bus.h:451:22:void LL_AHB2_GRP1_EnableClock(uint32_t)	24	static
../Drivers/STM32G4xx_HAL_Driver/Inc/stm32g4xx_ll_bus.h:935:22:void LL_APB1_GRP2_EnableClock(uint32_t)	24	static
../Drivers/STM32G4xx_HAL_Driver/Inc/stm32g4xx_ll_dma.h:628:22:void LL_DMA_SetDataTransferDirection(DMA_TypeDef*, uint32_t, uint32_t)	32	static
../Drivers/STM32G4xx_HAL_Driver/Inc/stm32g4xx_ll_dma.h:683:22:void LL_DMA_SetMode(DMA_TypeDef*, uint32_t, uint32_t)	32	static
../Drivers/STM32G4xx_HAL_Driver/Inc/stm32g4xx_ll_dma.h:734:22:void LL_DMA_SetPeriphIncMode(DMA_TypeDef*, uint32_t, uint32_t)	32	static
../Drivers/STM32G4xx_HAL_Driver/Inc/stm32g4xx_ll_dma.h:785:22:void LL_DMA_SetMemoryIncMode(DMA_TypeDef*, uint32_t, uint32_t)	32	static
../Drivers/STM32G4xx_HAL_Driver/Inc/stm32g4xx_ll_dma.h:837:22:void LL_DMA_SetPeriphSize(DMA_TypeDef*, uint32_t, uint32_t)	32	static
../Drivers/STM32G4xx_HAL_Driver/Inc/stm32g4xx_ll_dma.h:890:22:void LL_DMA_SetMemorySize(DMA_TypeDef*, uint32_t, uint32_t)	32	static
../Drivers/STM32G4xx_HAL_Driver/Inc/stm32g4xx_ll_dma.h:944:22:void LL_DMA_SetChannelPriorityLevel(DMA_TypeDef*, uint32_t, uint32_t)	32	static
../Drivers/STM32G4xx_HAL_Driver/Inc/stm32g4xx_ll_dma.h:1406:22:void LL_DMA_SetPeriphRequest(DMA_TypeDef*, uint32_t, uint32_t)	32	static
../Core/Src/main.cpp:97:5:int main()	8	static
../Core/Src/main.cpp:184:6:void SystemClock_Config()	88	static
../Core/Src/main.cpp:234:13:void MX_ADC1_Init()	56	static
../Core/Src/main.cpp:320:13:void MX_SPI1_Init()	8	static
../Core/Src/main.cpp:360:13:void MX_TIM3_Init()	40	static
../Core/Src/main.cpp:405:13:void MX_TIM8_Init()	104	static
../Core/Src/main.cpp:477:13:void MX_UART4_Init()	8	static
../Core/Src/main.cpp:525:13:void MX_UCPD1_Init()	32	static
../Core/Src/main.cpp:604:13:void MX_DMA_Init()	16	static
../Core/Src/main.cpp:629:13:void MX_GPIO_Init()	32	static
../Core/Src/main.cpp:650:6:void HAL_ADC_ConvHalfCpltCallback(ADC_HandleTypeDef*)	16	static
../Core/Src/main.cpp:655:6:void HAL_ADC_ConvCpltCallback(ADC_HandleTypeDef*)	16	static
../Core/Src/main.cpp:668:6:void StartDefaultTask(void*)	16	static
../Core/Src/main.cpp:691:6:void HAL_TIM_PeriodElapsedCallback(TIM_HandleTypeDef*)	16	static
../Core/Src/main.cpp:709:6:void Error_Handler()	4	static,ignoring_inline_asm
../Core/Src/main.cpp:718:1:void __static_initialization_and_destruction_0()	16	static
../Core/Src/main.cpp:718:1:void __static_initialization_and_destruction_1()	8	static
../Core/Src/main.cpp:718:1:cpp)	8	static
../Core/Src/main.cpp:718:1:cpp)	8	static
