../Core/Src/stm32g4xx_it.c:72:6:NMI_Handler	4	static
../Core/Src/stm32g4xx_it.c:87:6:HardFault_Handler	4	static
../Core/Src/stm32g4xx_it.c:105:6:MemManage_Handler	4	static
../Core/Src/stm32g4xx_it.c:120:6:BusFault_Handler	4	static
../Core/Src/stm32g4xx_it.c:135:6:UsageFault_Handler	4	static
../Core/Src/stm32g4xx_it.c:150:6:DebugMon_Handler	4	static
../Core/Src/stm32g4xx_it.c:170:6:DMA1_Channel1_IRQHandler	4	static
../Core/Src/stm32g4xx_it.c:183:6:DMA1_Channel2_IRQHandler	4	static
../Core/Src/stm32g4xx_it.c:196:6:DMA1_Channel3_IRQHandler	8	static
../Core/Src/stm32g4xx_it.c:210:6:USB_LP_IRQHandler	8	static
../Core/Src/stm32g4xx_it.c:224:6:TIM1_TRG_COM_TIM17_IRQHandler	8	static
../Core/Src/stm32g4xx_it.c:238:6:UCPD1_IRQHandler	4	static
