../USBPD/App/usbpd_pwr_if.c:115:21:USBPD_PWR_IF_Init	0	static
../USBPD/App/usbpd_pwr_if.c:127:21:USBPD_PWR_IF_SetProfile	0	static
../USBPD/App/usbpd_pwr_if.c:147:21:USBPD_PWR_IF_SupplyReady	16	static
../USBPD/App/usbpd_pwr_if.c:180:21:USBPD_PWR_IF_VBUSEnable	16	static
../USBPD/App/usbpd_pwr_if.c:193:21:USBPD_PWR_IF_VBUSDisable	16	static
../USBPD/App/usbpd_pwr_if.c:206:23:USBPD_PWR_IF_VBUSIsEnabled	0	static
../USBPD/App/usbpd_pwr_if.c:219:21:USBPD_PWR_IF_ReadVA	0	static
../USBPD/App/usbpd_pwr_if.c:232:21:USBPD_PWR_IF_Enable_VConn	0	static
../USBPD/App/usbpd_pwr_if.c:245:21:USBPD_PWR_IF_Disable_VConn	0	static
../USBPD/App/usbpd_pwr_if.c:263:6:USBPD_PWR_IF_GetPortPDOs	0	static
../USBPD/App/usbpd_pwr_if.c:289:21:USBPD_PWR_IF_SearchRequestedPDO	0	static
../USBPD/App/usbpd_pwr_if.c:301:6:USBPD_PWR_IF_AlarmType	0	static
../USBPD/App/usbpd_pwr_if.c:312:6:USBPD_PWR_IF_Alarm	0	static
../USBPD/App/usbpd_pwr_if.c:325:9:USBPD_PWR_IF_GetVBUSStatus	8	static
../USBPD/App/usbpd_pwr_if.c:354:6:USBPD_PWR_IF_UpdateVbusThreshold	0	static
../USBPD/App/usbpd_pwr_if.c:365:6:USBPD_PWR_IF_ResetVbusThreshold	0	static
