../Core/Src/Powerbank/Converter.cpp:12:1:Converter::Converter(ADC_HandleTypeDef*, TIM_HandleTypeDef*, TIM_HandleTypeDef*)	24	static
../Core/Src/Powerbank/Converter.cpp:22:1:Converter::~Converter()	16	static
../Core/Src/Powerbank/Converter.cpp:22:1:virtual Converter::~Converter()	16	static
../Core/Src/Powerbank/Converter.cpp:25:6:void Converter::init()	16	static
../Core/Src/Powerbank/Converter.cpp:31:6:void Converter::initPwm()	24	static
../Core/Src/Powerbank/Converter.cpp:51:6:void Converter::initAdc()	16	static
../Core/Src/Powerbank/Converter.cpp:58:6:void Converter::SetPwmDutyCycle(TIM_HandleTypeDef*, uint32_t, float)	32	static
../Core/Src/Powerbank/Converter.cpp:72:6:void Converter::setPwmFrequency(TIM_HandleTypeDef*, uint32_t, uint32_t, uint32_t, float)	48	static
../Core/Src/Powerbank/Converter.cpp:86:6:void Converter::adcComplete(ADC_HandleTypeDef*)	16	static
../Core/Src/Powerbank/Converter.cpp:103:6:void Converter::boostControlLoop()	24	static
../Core/Src/Powerbank/Converter.cpp:129:6:void Converter::setVoltageSetpoint(float)	16	static
../Core/Src/Powerbank/Converter.cpp:134:6:void Converter::setCurrentSetpoint(float)	16	static
../Core/Src/Powerbank/Converter.cpp:138:7:float Converter::getVoltageSetpoint()	16	static
../Core/Src/Powerbank/Converter.cpp:142:7:float Converter::getCurrentSetpoint()	16	static
