../Core/Src/main.cpp:548:6:void StartDefaultTask(void*)	8	static
../Drivers/CMSIS/Include/core_cm4.h:1856:26:uint32_t NVIC_EncodePriority(uint32_t, uint32_t, uint32_t)	0	static
../Core/Src/main.cpp:183:6:void SystemClock_Config()	88	static,ignoring_inline_asm
../Core/Src/main.cpp:96:5:int main()	136	static,ignoring_inline_asm
../Core/Src/main.cpp:567:6:void HAL_TIM_PeriodElapsedCallback(TIM_HandleTypeDef*)	0	static
../Core/Src/main.cpp:585:6:void Error_Handler()	0	static,ignoring_inline_asm
../Core/Src/main.cpp:594:1:cpp)	0	static
../Core/Src/main.cpp:594:1:cpp)	0	static
