../Core/Src/stm32g4xx_hal_msp.c:65:6:HAL_MspInit	8	static
../Core/Src/stm32g4xx_hal_msp.c:90:6:HAL_ADC_MspInit	104	static
../Core/Src/stm32g4xx_hal_msp.c:135:6:HAL_ADC_MspDeInit	0	static
../Core/Src/stm32g4xx_hal_msp.c:163:6:HAL_TIM_PWM_MspInit	8	static
../Core/Src/stm32g4xx_hal_msp.c:180:6:HAL_TIM_MspPostInit	48	static
../Core/Src/stm32g4xx_hal_msp.c:221:6:HAL_TIM_PWM_MspDeInit	0	static
../Core/Src/stm32g4xx_hal_msp.c:243:6:HAL_UART_MspInit	104	static
../Core/Src/stm32g4xx_hal_msp.c:291:6:HAL_UART_MspDeInit	0	static
