Archive member included to satisfy reference by file (symbol)

C:/ST/STM32CubeIDE_1.18.1/STM32CubeIDE/plugins/com.st.stm32cube.ide.mcu.externaltools.gnu-tools-for-stm32.13.3.rel1.win32_1.0.0.202411081344/tools/bin/../lib/gcc/arm-none-eabi/13.3.1/../../../../arm-none-eabi/lib/thumb/v7e-m+fp/hard\libstdc++_nano.a(del_ops.o)
                              ./Core/Src/Powerbank/Converter.o (operator delete(void*, unsigned int))
C:/ST/STM32CubeIDE_1.18.1/STM32CubeIDE/plugins/com.st.stm32cube.ide.mcu.externaltools.gnu-tools-for-stm32.13.3.rel1.win32_1.0.0.202411081344/tools/bin/../lib/gcc/arm-none-eabi/13.3.1/../../../../arm-none-eabi/lib/thumb/v7e-m+fp/hard\libstdc++_nano.a(del_op.o)
                              C:/ST/STM32CubeIDE_1.18.1/STM32CubeIDE/plugins/com.st.stm32cube.ide.mcu.externaltools.gnu-tools-for-stm32.13.3.rel1.win32_1.0.0.202411081344/tools/bin/../lib/gcc/arm-none-eabi/13.3.1/../../../../arm-none-eabi/lib/thumb/v7e-m+fp/hard\libstdc++_nano.a(del_ops.o) (operator delete(void*))
C:/ST/STM32CubeIDE_1.18.1/STM32CubeIDE/plugins/com.st.stm32cube.ide.mcu.externaltools.gnu-tools-for-stm32.13.3.rel1.win32_1.0.0.202411081344/tools/bin/../lib/gcc/arm-none-eabi/13.3.1/../../../../arm-none-eabi/lib/thumb/v7e-m+fp/hard\libc_nano.a(libc_a-exit.o)
                              C:/ST/STM32CubeIDE_1.18.1/STM32CubeIDE/plugins/com.st.stm32cube.ide.mcu.externaltools.gnu-tools-for-stm32.13.3.rel1.win32_1.0.0.202411081344/tools/bin/../lib/gcc/arm-none-eabi/13.3.1/../../../../arm-none-eabi/lib/thumb/v7e-m+fp/hard/crt0.o (exit)
C:/ST/STM32CubeIDE_1.18.1/STM32CubeIDE/plugins/com.st.stm32cube.ide.mcu.externaltools.gnu-tools-for-stm32.13.3.rel1.win32_1.0.0.202411081344/tools/bin/../lib/gcc/arm-none-eabi/13.3.1/../../../../arm-none-eabi/lib/thumb/v7e-m+fp/hard\libc_nano.a(libc_a-malloc.o)
                              C:/ST/STM32CubeIDE_1.18.1/STM32CubeIDE/plugins/com.st.stm32cube.ide.mcu.externaltools.gnu-tools-for-stm32.13.3.rel1.win32_1.0.0.202411081344/tools/bin/../lib/gcc/arm-none-eabi/13.3.1/../../../../arm-none-eabi/lib/thumb/v7e-m+fp/hard\libstdc++_nano.a(del_op.o) (free)
C:/ST/STM32CubeIDE_1.18.1/STM32CubeIDE/plugins/com.st.stm32cube.ide.mcu.externaltools.gnu-tools-for-stm32.13.3.rel1.win32_1.0.0.202411081344/tools/bin/../lib/gcc/arm-none-eabi/13.3.1/../../../../arm-none-eabi/lib/thumb/v7e-m+fp/hard\libc_nano.a(libc_a-mallocr.o)
                              C:/ST/STM32CubeIDE_1.18.1/STM32CubeIDE/plugins/com.st.stm32cube.ide.mcu.externaltools.gnu-tools-for-stm32.13.3.rel1.win32_1.0.0.202411081344/tools/bin/../lib/gcc/arm-none-eabi/13.3.1/../../../../arm-none-eabi/lib/thumb/v7e-m+fp/hard\libc_nano.a(libc_a-malloc.o) (_malloc_r)
C:/ST/STM32CubeIDE_1.18.1/STM32CubeIDE/plugins/com.st.stm32cube.ide.mcu.externaltools.gnu-tools-for-stm32.13.3.rel1.win32_1.0.0.202411081344/tools/bin/../lib/gcc/arm-none-eabi/13.3.1/../../../../arm-none-eabi/lib/thumb/v7e-m+fp/hard\libc_nano.a(libc_a-mlock.o)
                              C:/ST/STM32CubeIDE_1.18.1/STM32CubeIDE/plugins/com.st.stm32cube.ide.mcu.externaltools.gnu-tools-for-stm32.13.3.rel1.win32_1.0.0.202411081344/tools/bin/../lib/gcc/arm-none-eabi/13.3.1/../../../../arm-none-eabi/lib/thumb/v7e-m+fp/hard\libc_nano.a(libc_a-mallocr.o) (__malloc_lock)
C:/ST/STM32CubeIDE_1.18.1/STM32CubeIDE/plugins/com.st.stm32cube.ide.mcu.externaltools.gnu-tools-for-stm32.13.3.rel1.win32_1.0.0.202411081344/tools/bin/../lib/gcc/arm-none-eabi/13.3.1/../../../../arm-none-eabi/lib/thumb/v7e-m+fp/hard\libc_nano.a(libc_a-findfp.o)
                              ./Middlewares/Third_Party/FreeRTOS/Source/tasks.o (__sf)
C:/ST/STM32CubeIDE_1.18.1/STM32CubeIDE/plugins/com.st.stm32cube.ide.mcu.externaltools.gnu-tools-for-stm32.13.3.rel1.win32_1.0.0.202411081344/tools/bin/../lib/gcc/arm-none-eabi/13.3.1/../../../../arm-none-eabi/lib/thumb/v7e-m+fp/hard\libc_nano.a(libc_a-fwalk.o)
                              C:/ST/STM32CubeIDE_1.18.1/STM32CubeIDE/plugins/com.st.stm32cube.ide.mcu.externaltools.gnu-tools-for-stm32.13.3.rel1.win32_1.0.0.202411081344/tools/bin/../lib/gcc/arm-none-eabi/13.3.1/../../../../arm-none-eabi/lib/thumb/v7e-m+fp/hard\libc_nano.a(libc_a-findfp.o) (_fwalk_sglue)
C:/ST/STM32CubeIDE_1.18.1/STM32CubeIDE/plugins/com.st.stm32cube.ide.mcu.externaltools.gnu-tools-for-stm32.13.3.rel1.win32_1.0.0.202411081344/tools/bin/../lib/gcc/arm-none-eabi/13.3.1/../../../../arm-none-eabi/lib/thumb/v7e-m+fp/hard\libc_nano.a(libc_a-stdio.o)
                              C:/ST/STM32CubeIDE_1.18.1/STM32CubeIDE/plugins/com.st.stm32cube.ide.mcu.externaltools.gnu-tools-for-stm32.13.3.rel1.win32_1.0.0.202411081344/tools/bin/../lib/gcc/arm-none-eabi/13.3.1/../../../../arm-none-eabi/lib/thumb/v7e-m+fp/hard\libc_nano.a(libc_a-findfp.o) (__sread)
C:/ST/STM32CubeIDE_1.18.1/STM32CubeIDE/plugins/com.st.stm32cube.ide.mcu.externaltools.gnu-tools-for-stm32.13.3.rel1.win32_1.0.0.202411081344/tools/bin/../lib/gcc/arm-none-eabi/13.3.1/../../../../arm-none-eabi/lib/thumb/v7e-m+fp/hard\libc_nano.a(libc_a-memset.o)
[...]
Memory Configuration

Name             Origin             Length             Attributes
RAM              0x20000000         0x00008000         xrw
FLASH            0x08000000         0x00020000         xr
*default*        0x00000000         0xffffffff

Linker script and memory map

LOAD C:/ST/STM32CubeIDE_1.18.1/STM32CubeIDE/plugins/com.st.stm32cube.ide.mcu.externaltools.gnu-tools-for-stm32.13.3.rel1.win32_1.0.0.202411081344/tools/bin/../lib/gcc/arm-none-eabi/13.3.1/thumb/v7e-m+fp/hard/crti.o
LOAD C:/ST/STM32CubeIDE_1.18.1/STM32CubeIDE/plugins/com.st.stm32cube.ide.mcu.externaltools.gnu-tools-for-stm32.13.3.rel1.win32_1.0.0.202411081344/tools/bin/../lib/gcc/arm-none-eabi/13.3.1/thumb/v7e-m+fp/hard/crtbegin.o
LOAD C:/ST/STM32CubeIDE_1.18.1/STM32CubeIDE/plugins/com.st.stm32cube.ide.mcu.externaltools.gnu-tools-for-stm32.13.3.rel1.win32_1.0.0.202411081344/tools/bin/../lib/gcc/arm-none-eabi/13.3.1/../../../../arm-none-eabi/lib/thumb/v7e-m+fp/hard/crt0.o
LOAD ./Core/Src/Powerbank/Converter.o
LOAD ./Core/Src/Powerbank/Statemachine.o
LOAD ./Core/Src/app_freertos.o
LOAD ./Core/Src/main.o
LOAD ./Core/Src/stm32g4xx_hal_msp.o
LOAD ./Core/Src/stm32g4xx_hal_timebase_tim.o
LOAD ./Core/Src/stm32g4xx_it.o
LOAD ./Core/Src/syscalls.o
LOAD ./Core/Src/sysmem.o
LOAD ./Core/Src/system_stm32g4xx.o
LOAD ./Core/Startup/startup_stm32g431c8ux.o
LOAD ./Drivers/STM32G4xx_HAL_Driver/Src/stm32g4xx_hal.o
LOAD ./Drivers/STM32G4xx_HAL_Driver/Src/stm32g4xx_hal_adc.o
LOAD ./Drivers/STM32G4xx_HAL_Driver/Src/stm32g4xx_hal_adc_ex.o
LOAD ./Drivers/STM32G4xx_HAL_Driver/Src/stm32g4xx_hal_cortex.o
LOAD ./Drivers/STM32G4xx_HAL_Driver/Src/stm32g4xx_hal_dma.o
LOAD ./Drivers/STM32G4xx_HAL_Driver/Src/stm32g4xx_hal_dma_ex.o
LOAD ./Drivers/STM32G4xx_HAL_Driver/Src/stm32g4xx_hal_exti.o
LOAD ./Drivers/STM32G4xx_HAL_Driver/Src/stm32g4xx_hal_flash.o
LOAD ./Drivers/STM32G4xx_HAL_Driver/Src/stm32g4xx_hal_flash_ex.o
LOAD ./Drivers/STM32G4xx_HAL_Driver/Src/stm32g4xx_hal_flash_ramfunc.o
LOAD ./Drivers/STM32G4xx_HAL_Driver/Src/stm32g4xx_hal_gpio.o
LOAD ./Drivers/STM32G4xx_HAL_Driver/Src/stm32g4xx_hal_pcd.o
LOAD ./Drivers/STM32G4xx_HAL_Driver/Src/stm32g4xx_hal_pcd_ex.o
LOAD ./Drivers/STM32G4xx_HAL_Driver/Src/stm32g4xx_hal_pwr.o
LOAD ./Drivers/STM32G4xx_HAL_Driver/Src/stm32g4xx_hal_pwr_ex.o
LOAD ./Drivers/STM32G4xx_HAL_Driver/Src/stm32g4xx_hal_rcc.o
LOAD ./Drivers/STM32G4xx_HAL_Driver/Src/stm32g4xx_hal_rcc_ex.o
LOAD ./Drivers/STM32G4xx_HAL_Driver/Src/stm32g4xx_hal_spi.o
LOAD ./Drivers/STM32G4xx_HAL_Driver/Src/stm32g4xx_hal_spi_ex.o
LOAD ./Drivers/STM32G4xx_HAL_Driver/Src/stm32g4xx_hal_tim.o
LOAD ./Drivers/STM32G4xx_HAL_Driver/Src/stm32g4xx_hal_tim_ex.o
LOAD ./Drivers/STM32G4xx_HAL_Driver/Src/stm32g4xx_hal_uart.o
LOAD ./Drivers/STM32G4xx_HAL_Driver/Src/stm32g4xx_hal_uart_ex.o
LOAD ./Drivers/STM32G4xx_HAL_Driver/Src/stm32g4xx_ll_adc.o
LOAD ./Drivers/STM32G4xx_HAL_Driver/Src/stm32g4xx_ll_dma.o
LOAD ./Drivers/STM32G4xx_HAL_Driver/Src/stm32g4xx_ll_exti.o
LOAD ./Drivers/STM32G4xx_HAL_Driver/Src/stm32g4xx_ll_gpio.o
LOAD ./Drivers/STM32G4xx_HAL_Driver/Src/stm32g4xx_ll_ucpd.o
LOAD ./Drivers/STM32G4xx_HAL_Driver/Src/stm32g4xx_ll_usb.o
LOAD ./Drivers/STM32G4xx_HAL_Driver/Src/stm32g4xx_ll_utils.o
LOAD ./Middlewares/ST/STM32_USB_Device_Library/Class/CDC/Src/usbd_cdc.o
LOAD ./Middlewares/ST/STM32_USB_Device_Library/Core/Src/usbd_core.o
LOAD ./Middlewares/ST/STM32_USB_Device_Library/Core/Src/usbd_ctlreq.o
LOAD ./Middlewares/ST/STM32_USB_Device_Library/Core/Src/usbd_ioreq.o
LOAD ./Middlewares/Third_Party/FreeRTOS/Source/CMSIS_RTOS_V2/cmsis_os2.o
LOAD ./Middlewares/Third_Party/FreeRTOS/Source/croutine.o
LOAD ./Middlewares/Third_Party/FreeRTOS/Source/event_groups.o
LOAD ./Middlewares/Third_Party/FreeRTOS/Source/list.o
LOAD ./Middlewares/Third_Party/FreeRTOS/Source/queue.o
LOAD ./Middlewares/Third_Party/FreeRTOS/Source/stream_buffer.o
LOAD ./Middlewares/Third_Party/FreeRTOS/Source/tasks.o
LOAD ./Middlewares/Third_Party/FreeRTOS/Source/timers.o
LOAD ./Middlewares/Third_Party/FreeRTOS/Source/portable/GCC/ARM_CM4F/port.o
LOAD ./Middlewares/Third_Party/FreeRTOS/Source/portable/MemMang/heap_4.o
LOAD ./USB_Device/App/usb_device.o
LOAD ./USB_Device/App/usbd_cdc_if.o
LOAD ./USB_Device/App/usbd_desc.o
LOAD ./USB_Device/Target/usbd_conf.o
START GROUP
LOAD C:/ST/STM32CubeIDE_1.18.1/STM32CubeIDE/plugins/com.st.stm32cube.ide.mcu.externaltools.gnu-tools-for-stm32.13.3.rel1.win32_1.0.0.202411081344/tools/bin/../lib/gcc/arm-none-eabi/13.3.1/../../../../arm-none-eabi/lib/thumb/v7e-m+fp/hard\libstdc++_nano.a
LOAD C:/ST/STM32CubeIDE_1.18.1/STM32CubeIDE/plugins/com.st.stm32cube.ide.mcu.externaltools.gnu-tools-for-stm32.13.3.rel1.win32_1.0.0.202411081344/tools/bin/../lib/gcc/arm-none-eabi/13.3.1/../../../../arm-none-eabi/lib/thumb/v7e-m+fp/hard\libsupc++_nano.a
END GROUP
LOAD C:/ST/STM32CubeIDE_1.18.1/STM32CubeIDE/plugins/com.st.stm32cube.ide.mcu.externaltools.gnu-tools-for-stm32.13.3.rel1.win32_1.0.0.202411081344/tools/bin/../lib/gcc/arm-none-eabi/13.3.1/../../../../arm-none-eabi/lib/thumb/v7e-m+fp/hard\libstdc++_nano.a
LOAD C:/ST/STM32CubeIDE_1.18.1/STM32CubeIDE/plugins/com.st.stm32cube.ide.mcu.externaltools.gnu-tools-for-stm32.13.3.rel1.win32_1.0.0.202411081344/tools/bin/../lib/gcc/arm-none-eabi/13.3.1/../../../../arm-none-eabi/lib/thumb/v7e-m+fp/hard\libm.a
LOAD C:/ST/STM32CubeIDE_1.18.1/STM32CubeIDE/plugins/com.st.stm32cube.ide.mcu.externaltools.gnu-tools-for-stm32.13.3.rel1.win32_1.0.0.202411081344/tools/bin/../lib/gcc/arm-none-eabi/13.3.1/../../../../arm-none-eabi/lib/thumb/v7e-m+fp/hard\libc_nano.a
START GROUP
LOAD C:/ST/STM32CubeIDE_1.18.1/STM32CubeIDE/plugins/com.st.stm32cube.ide.mcu.externaltools.gnu-tools-for-stm32.13.3.rel1.win32_1.0.0.202411081344/tools/bin/../lib/gcc/arm-none-eabi/13.3.1/thumb/v7e-m+fp/hard\libgcc.a
LOAD C:/ST/STM32CubeIDE_1.18.1/STM32CubeIDE/plugins/com.st.stm32cube.ide.mcu.externaltools.gnu-tools-for-stm32.13.3.rel1.win32_1.0.0.202411081344/tools/bin/../lib/gcc/arm-none-eabi/13.3.1/../../../../arm-none-eabi/lib/thumb/v7e-m+fp/hard\libc_nano.a
END GROUP
START GROUP
LOAD C:/ST/STM32CubeIDE_1.18.1/STM32CubeIDE/plugins/com.st.stm32cube.ide.mcu.externaltools.gnu-tools-for-stm32.13.3.rel1.win32_1.0.0.202411081344/tools/bin/../lib/gcc/arm-none-eabi/13.3.1/thumb/v7e-m+fp/hard\libgcc.a
LOAD C:/ST/STM32CubeIDE_1.18.1/STM32CubeIDE/plugins/com.st.stm32cube.ide.mcu.externaltools.gnu-tools-for-stm32.13.3.rel1.win32_1.0.0.202411081344/tools/bin/../lib/gcc/arm-none-eabi/13.3.1/../../../../arm-none-eabi/lib/thumb/v7e-m+fp/hard\libc_nano.a
LOAD C:/ST/STM32CubeIDE_1.18.1/STM32CubeIDE/plugins/com.st.stm32cube.ide.mcu.externaltools.gnu-tools-for-stm32.13.3.rel1.win32_1.0.0.202411081344/tools/bin/../lib/gcc/arm-none-eabi/13.3.1/../../../../arm-none-eabi/lib/thumb/v7e-m+fp/hard\libnosys.a
END GROUP
START GROUP
LOAD C:/ST/STM32CubeIDE_1.18.1/STM32CubeIDE/plugins/com.st.stm32cube.ide.mcu.externaltools.gnu-tools-for-stm32.13.3.rel1.win32_1.0.0.202411081344/tools/bin/../lib/gcc/arm-none-eabi/13.3.1/thumb/v7e-m+fp/hard\libgcc.a
LOAD C:/ST/STM32CubeIDE_1.18.1/STM32CubeIDE/plugins/com.st.stm32cube.ide.mcu.externaltools.gnu-tools-for-stm32.13.3.rel1.win32_1.0.0.202411081344/tools/bin/../lib/gcc/arm-none-eabi/13.3.1/../../../../arm-none-eabi/lib/thumb/v7e-m+fp/hard\libc_nano.a
LOAD C:/ST/STM32CubeIDE_1.18.1/STM32CubeIDE/plugins/com.st.stm32cube.ide.mcu.externaltools.gnu-tools-for-stm32.13.3.rel1.win32_1.0.0.202411081344/tools/bin/../lib/gcc/arm-none-eabi/13.3.1/../../../../arm-none-eabi/lib/thumb/v7e-m+fp/hard\libnosys.a
END GROUP
LOAD C:/ST/STM32CubeIDE_1.18.1/STM32CubeIDE/plugins/com.st.stm32cube.ide.mcu.externaltools.gnu-tools-for-stm32.13.3.rel1.win32_1.0.0.202411081344/tools/bin/../lib/gcc/arm-none-eabi/13.3.1/thumb/v7e-m+fp/hard/crtend.o
LOAD C:/ST/STM32CubeIDE_1.18.1/STM32CubeIDE/plugins/com.st.stm32cube.ide.mcu.externaltools.gnu-tools-for-stm32.13.3.rel1.win32_1.0.0.202411081344/tools/bin/../lib/gcc/arm-none-eabi/13.3.1/thumb/v7e-m+fp/hard/crtn.o
                0x20008000                        _estack = (ORIGIN (RAM) + LENGTH (RAM))
                0x00000200                        _Min_Heap_Size = 0x200
                0x00000400                        _Min_Stack_Size = 0x400

.isr_vector     0x08000000      0x1d8
                0x08000000                        . = ALIGN (0x4)
 *(.isr_vector)
 .isr_vector    0x08000000      0x1d8 ./Core/Startup/startup_stm32g431c8ux.o
                0x08000000                g_pfnVectors
                0x080001d8                        . = ALIGN (0x4)

.text           0x080001e0    0x103d0
                0x080001e0                        . = ALIGN (0x4)
 *(.text)
 .text          0x080001e0       0x40 C:/ST/STM32CubeIDE_1.18.1/STM32CubeIDE/plugins/com.st.stm32cube.ide.mcu.externaltools.gnu-tools-for-stm32.13.3.rel1.win32_1.0.0.202411081344/tools/bin/../lib/gcc/arm-none-eabi/13.3.1/thumb/v7e-m+fp/hard/crtbegin.o
 .text          0x08000220      0x378 C:/ST/STM32CubeIDE_1.18.1/STM32CubeIDE/plugins/com.st.stm32cube.ide.mcu.externaltools.gnu-tools-for-stm32.13.3.rel1.win32_1.0.0.202411081344/tools/bin/../lib/gcc/arm-none-eabi/13.3.1/thumb/v7e-m+fp/hard\libgcc.a(_arm_addsubdf3.o)
                0x08000220                __aeabi_drsub
                0x08000228                __aeabi_dsub
                0x08000228                __subdf3
                0x0800022c                __aeabi_dadd
                0x0800022c                __adddf3
                0x080004a4                __floatunsidf
                0x080004a4                __aeabi_ui2d
                0x080004c4                __floatsidf
                0x080004c4                __aeabi_i2d
                0x080004e8                __aeabi_f2d
                0x080004e8                __extendsfdf2
                0x0800052c                __floatundidf
                0x0800052c                __aeabi_ul2d
                0x0800053c                __floatdidf
                0x0800053c                __aeabi_l2d
 .text          0x08000598      0x424 C:/ST/STM32CubeIDE_1.18.1/STM32CubeIDE/plugins/com.st.stm32cube.ide.mcu.externaltools.gnu-tools-for-stm32.13.3.rel1.win32_1.0.0.202411081344/tools/bin/../lib/gcc/arm-none-eabi/13.3.1/thumb/v7e-m+fp/hard\libgcc.a(_arm_muldivdf3.o)
                0x08000598                __aeabi_dmul
                0x08000598                __muldf3
                0x080007ec                __divdf3
                0x080007ec                __aeabi_ddiv
 .text          0x080009bc       0xa0 C:/ST/STM32CubeIDE_1.18.1/STM32CubeIDE/plugins/com.st.stm32cube.ide.mcu.externaltools.gnu-tools-for-stm32.13.3.rel1.win32_1.0.0.202411081344/tools/bin/../lib/gcc/arm-none-eabi/13.3.1/thumb/v7e-m+fp/hard\libgcc.a(_arm_truncdfsf2.o)
                0x080009bc                __truncdfsf2
                0x080009bc                __aeabi_d2f
 .text          0x08000a5c       0x30 C:/ST/STM32CubeIDE_1.18.1/STM32CubeIDE/plugins/com.st.stm32cube.ide.mcu.externaltools.gnu-tools-for-stm32.13.3.rel1.win32_1.0.0.202411081344/tools/bin/../lib/gcc/arm-none-eabi/13.3.1/thumb/v7e-m+fp/hard\libgcc.a(_aeabi_uldivmod.o)
                0x08000a5c                __aeabi_uldivmod
 .text          0x08000a8c      0x2f8 C:/ST/STM32CubeIDE_1.18.1/STM32CubeIDE/plugins/com.st.stm32cube.ide.mcu.externaltools.gnu-tools-for-stm32.13.3.rel1.win32_1.0.0.202411081344/tools/bin/../lib/gcc/arm-none-eabi/13.3.1/thumb/v7e-m+fp/hard\libgcc.a(_udivmoddi4.o)
                0x08000a8c                __udivmoddi4
 .text          0x08000d84        0x4 C:/ST/STM32CubeIDE_1.18.1/STM32CubeIDE/plugins/com.st.stm32cube.ide.mcu.externaltools.gnu-tools-for-stm32.13.3.rel1.win32_1.0.0.202411081344/tools/bin/../lib/gcc/arm-none-eabi/13.3.1/thumb/v7e-m+fp/hard\libgcc.a(_dvmd_tls.o)
                0x08000d84                __aeabi_idiv0
                0x08000d84                __aeabi_ldiv0
 *(.text*)
 .text._ZN9ConverterC2EP17ADC_HandleTypeDefP17TIM_HandleTypeDefS3_
                0x08000d88      0x138 ./Core/Src/Powerbank/Converter.o
                0x08000d88                Converter::Converter(ADC_HandleTypeDef*, TIM_HandleTypeDef*, TIM_HandleTypeDef*)
                0x08000d88                Converter::Converter(ADC_HandleTypeDef*, TIM_HandleTypeDef*, TIM_HandleTypeDef*)
 .text._ZN9ConverterD2Ev
                0x08000ec0       0x20 ./Core/Src/Powerbank/Converter.o
                0x08000ec0                Converter::~Converter()
                0x08000ec0                Converter::~Converter()
 .text._ZN9ConverterD0Ev
                0x08000ee0       0x20 ./Core/Src/Powerbank/Converter.o
                0x08000ee0                Converter::~Converter()
 .text._ZN9Converter4initEv
                0x08000f00       0x1c ./Core/Src/Powerbank/Converter.o
                0x08000f00                Converter::init()
 .text._ZN9Converter7initPwmEv
                0x08000f1c       0x32 ./Core/Src/Powerbank/Converter.o
                0x08000f1c                Converter::initPwm()
 .text._ZN9Converter7initAdcEv
                0x08000f4e       0x2a ./Core/Src/Powerbank/Converter.o
                0x08000f4e                Converter::initAdc()
 .text._ZN9Converter10setPwmDutyEh
                0x08000f78       0x22 ./Core/Src/Powerbank/Converter.o
                0x08000f78                Converter::setPwmDuty(unsigned char)
 *fill*         0x08000f9a        0x6 
 .text._ZN9Converter11adcCompleteEP17ADC_HandleTypeDef
                0x08000fa0      0x170 ./Core/Src/Powerbank/Converter.o
                0x08000fa0                Converter::adcComplete(ADC_HandleTypeDef*)
 .text._ZN9Converter16boostControlLoopEv
                0x08001110      0x130 ./Core/Src/Powerbank/Converter.o
                0x08001110                Converter::boostControlLoop()
 .text._ZN12StatemachineC2EP20__UART_HandleTypeDefP17ADC_HandleTypeDefP17TIM_HandleTypeDefS5_P19__SPI_HandleTypeDef
                0x08001240       0x50 ./Core/Src/Powerbank/Statemachine.o
                0x08001240                Statemachine::Statemachine(__UART_HandleTypeDef*, ADC_HandleTypeDef*, TIM_HandleTypeDef*, TIM_HandleTypeDef*, __SPI_HandleTypeDef*)
                0x08001240                Statemachine::Statemachine(__UART_HandleTypeDef*, ADC_HandleTypeDef*, TIM_HandleTypeDef*, TIM_HandleTypeDef*, __SPI_HandleTypeDef*)
 .text._ZN12StatemachineD2Ev
                0x08001290       0x28 ./Core/Src/Powerbank/Statemachine.o
                0x08001290                Statemachine::~Statemachine()
                0x08001290                Statemachine::~Statemachine()
 .text._ZN12StatemachineD0Ev
                0x080012b8       0x20 ./Core/Src/Powerbank/Statemachine.o
                0x080012b8                Statemachine::~Statemachine()
 .text._ZN12Statemachine4initEv
                0x080012d8       0x22 ./Core/Src/Powerbank/Statemachine.o
                0x080012d8                Statemachine::init()
 .text._ZN12Statemachine9iterationEv
                0x080012fa       0x2a ./Core/Src/Powerbank/Statemachine.o
                0x080012fa                Statemachine::iteration()
 .text._ZN12Statemachine8setStateE5State
                0x08001324       0x2a ./Core/Src/Powerbank/Statemachine.o
                0x08001324                Statemachine::setState(State)
 .text._ZN12Statemachine11adcCompleteEP17ADC_HandleTypeDef
                0x0800134e       0x1e ./Core/Src/Powerbank/Statemachine.o
                0x0800134e                Statemachine::adcComplete(ADC_HandleTypeDef*)
 .text.__NVIC_GetPriorityGrouping
                0x0800136c       0x1c ./Core/Src/main.o
 .text.__NVIC_EnableIRQ
                0x08001388       0x3c ./Core/Src/main.o
 .text.__NVIC_SetPriority
                0x080013c4       0x54 ./Core/Src/main.o
 .text.NVIC_EncodePriority
                0x08001418       0x62 ./Core/Src/main.o
 *fill*         0x0800147a        0x2 
 .text.LL_AHB2_GRP1_EnableClock
                0x0800147c       0x30 ./Core/Src/main.o
 .text.LL_APB1_GRP2_EnableClock
                0x080014ac       0x30 ./Core/Src/main.o
 .text.LL_DMA_SetDataTransferDirection
                0x080014dc       0x50 ./Core/Src/main.o
 .text.LL_DMA_SetMode
                0x0800152c       0x4c ./Core/Src/main.o
 .text.LL_DMA_SetPeriphIncMode
                0x08001578       0x4c ./Core/Src/main.o
 .text.LL_DMA_SetMemoryIncMode
                0x080015c4       0x4c ./Core/Src/main.o
 .text.LL_DMA_SetPeriphSize
                0x08001610       0x4c ./Core/Src/main.o
 .text.LL_DMA_SetMemorySize
                0x0800165c       0x4c ./Core/Src/main.o
 .text.LL_DMA_SetChannelPriorityLevel
                0x080016a8       0x4c ./Core/Src/main.o
 .text.LL_DMA_SetPeriphRequest
                0x080016f4       0x56 ./Core/Src/main.o
 *fill*         0x0800174a        0x2 
 .text.main     0x0800174c       0x54 ./Core/Src/main.o
                0x0800174c                main
 .text.SystemClock_Config
                0x080017a0       0xb4 ./Core/Src/main.o
                0x080017a0                SystemClock_Config
 .text._ZL12MX_ADC1_Initv
                0x08001854      0x168 ./Core/Src/main.o
 .text._ZL12MX_SPI1_Initv
                0x080019bc       0x84 ./Core/Src/main.o
 .text._ZL12MX_TIM3_Initv
                0x08001a40       0xb8 ./Core/Src/main.o
 .text._ZL12MX_TIM8_Initv
                0x08001af8      0x14c ./Core/Src/main.o
 .text._ZL13MX_UART4_Initv
                0x08001c44       0xc0 ./Core/Src/main.o
 .text._ZL13MX_UCPD1_Initv
                0x08001d04      0x120 ./Core/Src/main.o
 .text._ZL11MX_DMA_Initv
                0x08001e24       0x94 ./Core/Src/main.o
 .text._ZL12MX_GPIO_Initv
                0x08001eb8       0xa0 ./Core/Src/main.o
 .text.HAL_ADC_ConvHalfCpltCallback
                0x08001f58       0x14 ./Core/Src/main.o
                0x08001f58                HAL_ADC_ConvHalfCpltCallback
 .text.HAL_ADC_ConvCpltCallback
                0x08001f6c       0x1c ./Core/Src/main.o
                0x08001f6c                HAL_ADC_ConvCpltCallback
 .text._Z16StartDefaultTaskPv
                0x08001f88       0x28 ./Core/Src/main.o
                0x08001f88                StartDefaultTask(void*)
 .text.HAL_TIM_PeriodElapsedCallback
                0x08001fb0       0x24 ./Core/Src/main.o
                0x08001fb0                HAL_TIM_PeriodElapsedCallback
 .text.Error_Handler
                0x08001fd4        0xc ./Core/Src/main.o
                0x08001fd4                Error_Handler
 .text._Z41__static_initialization_and_destruction_0v
                0x08001fe0       0x38 ./Core/Src/main.o
 .text._Z41__static_initialization_and_destruction_1v
                0x08002018       0x14 ./Core/Src/main.o
 .text._GLOBAL__sub_I_hadc1
                0x0800202c        0xa ./Core/Src/main.o
 .text._GLOBAL__sub_D_hadc1
                0x08002036        0xa ./Core/Src/main.o
 .text.HAL_MspInit
                0x08002040       0x50 ./Core/Src/stm32g4xx_hal_msp.o
                0x08002040                HAL_MspInit
 .text.HAL_ADC_MspInit
                0x08002090      0x108 ./Core/Src/stm32g4xx_hal_msp.o
                0x08002090                HAL_ADC_MspInit
 .text.HAL_SPI_MspInit
                0x08002198       0x84 ./Core/Src/stm32g4xx_hal_msp.o
                0x08002198                HAL_SPI_MspInit
 .text.HAL_TIM_Base_MspInit
                0x0800221c       0x40 ./Core/Src/stm32g4xx_hal_msp.o
                0x0800221c                HAL_TIM_Base_MspInit
 .text.HAL_TIM_PWM_MspInit
                0x0800225c       0x40 ./Core/Src/stm32g4xx_hal_msp.o
                0x0800225c                HAL_TIM_PWM_MspInit
 .text.HAL_TIM_MspPostInit
                0x0800229c       0x90 ./Core/Src/stm32g4xx_hal_msp.o
                0x0800229c                HAL_TIM_MspPostInit
 .text.HAL_UART_MspInit
                0x0800232c       0xb4 ./Core/Src/stm32g4xx_hal_msp.o
                0x0800232c                HAL_UART_MspInit
 .text.HAL_InitTick
                0x080023e0       0xd8 ./Core/Src/stm32g4xx_hal_timebase_tim.o
                0x080023e0                HAL_InitTick
 .text.NMI_Handler
                0x080024b8        0x8 ./Core/Src/stm32g4xx_it.o
                0x080024b8                NMI_Handler
 .text.HardFault_Handler
                0x080024c0       0x18 ./Core/Src/stm32g4xx_it.o
                0x080024c0                HardFault_Handler
 .text.MemManage_Handler
                0x080024d8        0x8 ./Core/Src/stm32g4xx_it.o
                0x080024d8                MemManage_Handler
 .text.BusFault_Handler
                0x080024e0        0x8 ./Core/Src/stm32g4xx_it.o
                0x080024e0                BusFault_Handler
 .text.UsageFault_Handler
                0x080024e8        0x8 ./Core/Src/stm32g4xx_it.o
                0x080024e8                UsageFault_Handler
 .text.DebugMon_Handler
                0x080024f0        0xe ./Core/Src/stm32g4xx_it.o
                0x080024f0                DebugMon_Handler
 .text.DMA1_Channel1_IRQHandler
                0x080024fe        0xe ./Core/Src/stm32g4xx_it.o
                0x080024fe                DMA1_Channel1_IRQHandler
 .text.DMA1_Channel2_IRQHandler
                0x0800250c        0xe ./Core/Src/stm32g4xx_it.o
                0x0800250c                DMA1_Channel2_IRQHandler
 *fill*         0x0800251a        0x2 
 .text.DMA1_Channel3_IRQHandler
                0x0800251c       0x14 ./Core/Src/stm32g4xx_it.o
                0x0800251c                DMA1_Channel3_IRQHandler
 .text.USB_LP_IRQHandler
                0x08002530       0x14 ./Core/Src/stm32g4xx_it.o
                0x08002530                USB_LP_IRQHandler
 .text.TIM1_TRG_COM_TIM17_IRQHandler
                0x08002544       0x14 ./Core/Src/stm32g4xx_it.o
                0x08002544                TIM1_TRG_COM_TIM17_IRQHandler
 .text.UCPD1_IRQHandler
                0x08002558        0xe ./Core/Src/stm32g4xx_it.o
                0x08002558                UCPD1_IRQHandler
 *fill*         0x08002566        0x2 
 .text.SystemInit
                0x08002568       0x24 ./Core/Src/system_stm32g4xx.o
                0x08002568                SystemInit
 .text.Reset_Handler
                0x0800258c       0x50 ./Core/Startup/startup_stm32g431c8ux.o
                0x0800258c                Reset_Handler
 .text.Default_Handler
                0x080025dc        0x2 ./Core/Startup/startup_stm32g431c8ux.o
                0x080025dc                RTC_Alarm_IRQHandler
                0x080025dc                EXTI2_IRQHandler
                0x080025dc                TIM8_TRG_COM_IRQHandler
                0x080025dc                TIM8_CC_IRQHandler
                0x080025dc                TIM1_CC_IRQHandler
                0x080025dc                USB_HP_IRQHandler
                0x080025dc                CORDIC_IRQHandler
                0x080025dc                EXTI3_IRQHandler
                0x080025dc                I2C3_ER_IRQHandler
                0x080025dc                EXTI0_IRQHandler
                0x080025dc                I2C2_EV_IRQHandler
                0x080025dc                FPU_IRQHandler
                0x080025dc                FDCAN1_IT1_IRQHandler
                0x080025dc                TIM1_UP_TIM16_IRQHandler
                0x080025dc                ADC1_2_IRQHandler
                0x080025dc                SPI1_IRQHandler
                0x080025dc                TIM6_DAC_IRQHandler
                0x080025dc                TIM8_UP_IRQHandler
                0x080025dc                DMA2_Channel2_IRQHandler
                0x080025dc                DMA1_Channel4_IRQHandler
                0x080025dc                USART3_IRQHandler
                0x080025dc                TIM4_IRQHandler
                0x080025dc                DMA2_Channel1_IRQHandler
                0x080025dc                I2C1_EV_IRQHandler
                0x080025dc                DMA1_Channel6_IRQHandler
                0x080025dc                UART4_IRQHandler
                0x080025dc                DMA2_Channel4_IRQHandler
                0x080025dc                TIM3_IRQHandler
                0x080025dc                RCC_IRQHandler
                0x080025dc                Default_Handler
                0x080025dc                RTC_TAMP_LSECSS_IRQHandler
                0x080025dc                FMAC_IRQHandler
                0x080025dc                EXTI15_10_IRQHandler
                0x080025dc                TIM7_IRQHandler
                0x080025dc                I2C3_EV_IRQHandler
                0x080025dc                EXTI9_5_IRQHandler
                0x080025dc                RTC_WKUP_IRQHandler
                0x080025dc                PVD_PVM_IRQHandler
                0x080025dc                SPI2_IRQHandler
                0x080025dc                DMA2_Channel5_IRQHandler
                0x080025dc                CRS_IRQHandler
                0x080025dc                DMA1_Channel5_IRQHandler
                0x080025dc                EXTI4_IRQHandler
                0x080025dc                RNG_IRQHandler
                0x080025dc                WWDG_IRQHandler
                0x080025dc                LPUART1_IRQHandler
                0x080025dc                DMA2_Channel6_IRQHandler
                0x080025dc                FDCAN1_IT0_IRQHandler
                0x080025dc                TIM2_IRQHandler
                0x080025dc                COMP1_2_3_IRQHandler
                0x080025dc                EXTI1_IRQHandler
                0x080025dc                USART2_IRQHandler
                0x080025dc                I2C2_ER_IRQHandler
                0x080025dc                TIM8_BRK_IRQHandler
                0x080025dc                FLASH_IRQHandler
                0x080025dc                USART1_IRQHandler
                0x080025dc                SPI3_IRQHandler
                0x080025dc                I2C1_ER_IRQHandler
                0x080025dc                LPTIM1_IRQHandler
                0x080025dc                DMAMUX_OVR_IRQHandler
                0x080025dc                USBWakeUp_IRQHandler
                0x080025dc                SAI1_IRQHandler
                0x080025dc                DMA2_Channel3_IRQHandler
                0x080025dc                COMP4_IRQHandler
                0x080025dc                TIM1_BRK_TIM15_IRQHandler
 .text.HAL_Init
                0x080025de       0x30 ./Drivers/STM32G4xx_HAL_Driver/Src/stm32g4xx_hal.o
                0x080025de                HAL_Init
 *fill*         0x0800260e        0x2 
 .text.HAL_IncTick
                0x08002610       0x24 ./Drivers/STM32G4xx_HAL_Driver/Src/stm32g4xx_hal.o
                0x08002610                HAL_IncTick
 .text.HAL_GetTick
                0x08002634       0x18 ./Drivers/STM32G4xx_HAL_Driver/Src/stm32g4xx_hal.o
                0x08002634                HAL_GetTick
 .text.LL_ADC_SetCommonClock
                0x0800264c       0x26 ./Drivers/STM32G4xx_HAL_Driver/Src/stm32g4xx_hal_adc.o
 .text.LL_ADC_SetCommonPathInternalCh
                0x08002672       0x26 ./Drivers/STM32G4xx_HAL_Driver/Src/stm32g4xx_hal_adc.o
 .text.LL_ADC_GetCommonPathInternalCh
                0x08002698       0x1c ./Drivers/STM32G4xx_HAL_Driver/Src/stm32g4xx_hal_adc.o
 .text.LL_ADC_SetOffset
                0x080026b4       0x48 ./Drivers/STM32G4xx_HAL_Driver/Src/stm32g4xx_hal_adc.o
 .text.LL_ADC_GetOffsetChannel
                0x080026fc       0x2c ./Drivers/STM32G4xx_HAL_Driver/Src/stm32g4xx_hal_adc.o
 .text.LL_ADC_SetOffsetState
                0x08002728       0x36 ./Drivers/STM32G4xx_HAL_Driver/Src/stm32g4xx_hal_adc.o
 .text.LL_ADC_SetOffsetSign
                0x0800275e       0x36 ./Drivers/STM32G4xx_HAL_Driver/Src/stm32g4xx_hal_adc.o
 .text.LL_ADC_SetOffsetSaturation
                0x08002794       0x36 ./Drivers/STM32G4xx_HAL_Driver/Src/stm32g4xx_hal_adc.o
 .text.LL_ADC_SetSamplingTimeCommonConfig
                0x080027ca       0x26 ./Drivers/STM32G4xx_HAL_Driver/Src/stm32g4xx_hal_adc.o
 .text.LL_ADC_REG_IsTriggerSourceSWStart
                0x080027f0       0x26 ./Drivers/STM32G4xx_HAL_Driver/Src/stm32g4xx_hal_adc.o
 .text.LL_ADC_REG_SetSequencerRanks
                0x08002816       0x58 ./Drivers/STM32G4xx_HAL_Driver/Src/stm32g4xx_hal_adc.o
 .text.LL_ADC_SetChannelSamplingTime
                0x0800286e       0x56 ./Drivers/STM32G4xx_HAL_Driver/Src/stm32g4xx_hal_adc.o
 .text.LL_ADC_SetChannelSingleDiff
                0x080028c4       0x48 ./Drivers/STM32G4xx_HAL_Driver/Src/stm32g4xx_hal_adc.o
 .text.LL_ADC_GetMultimode
                0x0800290c       0x1c ./Drivers/STM32G4xx_HAL_Driver/Src/stm32g4xx_hal_adc.o
 .text.LL_ADC_DisableDeepPowerDown
                0x08002928       0x24 ./Drivers/STM32G4xx_HAL_Driver/Src/stm32g4xx_hal_adc.o
 .text.LL_ADC_IsDeepPowerDownEnabled
                0x0800294c       0x28 ./Drivers/STM32G4xx_HAL_Driver/Src/stm32g4xx_hal_adc.o
 .text.LL_ADC_EnableInternalRegulator
                0x08002974       0x28 ./Drivers/STM32G4xx_HAL_Driver/Src/stm32g4xx_hal_adc.o
 .text.LL_ADC_IsInternalRegulatorEnabled
                0x0800299c       0x28 ./Drivers/STM32G4xx_HAL_Driver/Src/stm32g4xx_hal_adc.o
 .text.LL_ADC_Enable
                0x080029c4       0x28 ./Drivers/STM32G4xx_HAL_Driver/Src/stm32g4xx_hal_adc.o
 .text.LL_ADC_IsEnabled
                0x080029ec       0x26 ./Drivers/STM32G4xx_HAL_Driver/Src/stm32g4xx_hal_adc.o
 .text.LL_ADC_REG_StartConversion
                0x08002a12       0x28 ./Drivers/STM32G4xx_HAL_Driver/Src/stm32g4xx_hal_adc.o
 .text.LL_ADC_REG_IsConversionOngoing
                0x08002a3a       0x26 ./Drivers/STM32G4xx_HAL_Driver/Src/stm32g4xx_hal_adc.o
 .text.LL_ADC_INJ_IsConversionOngoing
                0x08002a60       0x26 ./Drivers/STM32G4xx_HAL_Driver/Src/stm32g4xx_hal_adc.o
 *fill*         0x08002a86        0x2 
 .text.HAL_ADC_Init
                0x08002a88      0x308 ./Drivers/STM32G4xx_HAL_Driver/Src/stm32g4xx_hal_adc.o
                0x08002a88                HAL_ADC_Init
 .text.HAL_ADC_Start_DMA
                0x08002d90      0x168 ./Drivers/STM32G4xx_HAL_Driver/Src/stm32g4xx_hal_adc.o
                0x08002d90                HAL_ADC_Start_DMA
 .text.HAL_ADC_ErrorCallback
                0x08002ef8       0x14 ./Drivers/STM32G4xx_HAL_Driver/Src/stm32g4xx_hal_adc.o
                0x08002ef8                HAL_ADC_ErrorCallback
 .text.HAL_ADC_ConfigChannel
                0x08002f0c      0x7e0 ./Drivers/STM32G4xx_HAL_Driver/Src/stm32g4xx_hal_adc.o
                0x08002f0c                HAL_ADC_ConfigChannel
 .text.ADC_Enable
                0x080036ec      0x10c ./Drivers/STM32G4xx_HAL_Driver/Src/stm32g4xx_hal_adc.o
                0x080036ec                ADC_Enable
 .text.ADC_DMAConvCplt
                0x080037f8       0xd8 ./Drivers/STM32G4xx_HAL_Driver/Src/stm32g4xx_hal_adc.o
                0x080037f8                ADC_DMAConvCplt
 .text.ADC_DMAHalfConvCplt
                0x080038d0       0x1c ./Drivers/STM32G4xx_HAL_Driver/Src/stm32g4xx_hal_adc.o
                0x080038d0                ADC_DMAHalfConvCplt
 .text.ADC_DMAError
                0x080038ec       0x34 ./Drivers/STM32G4xx_HAL_Driver/Src/stm32g4xx_hal_adc.o
                0x080038ec                ADC_DMAError
 .text.LL_ADC_IsEnabled
                0x08003920       0x26 ./Drivers/STM32G4xx_HAL_Driver/Src/stm32g4xx_hal_adc_ex.o
 .text.LL_ADC_REG_IsConversionOngoing
                0x08003946       0x26 ./Drivers/STM32G4xx_HAL_Driver/Src/stm32g4xx_hal_adc_ex.o
 .text.HAL_ADCEx_MultiModeConfigChannel
                0x0800396c      0x148 ./Drivers/STM32G4xx_HAL_Driver/Src/stm32g4xx_hal_adc_ex.o
                0x0800396c                HAL_ADCEx_MultiModeConfigChannel
 .text.__NVIC_SetPriorityGrouping
                0x08003ab4       0x48 ./Drivers/STM32G4xx_HAL_Driver/Src/stm32g4xx_hal_cortex.o
 .text.__NVIC_GetPriorityGrouping
                0x08003afc       0x1c ./Drivers/STM32G4xx_HAL_Driver/Src/stm32g4xx_hal_cortex.o
 .text.__NVIC_EnableIRQ
                0x08003b18       0x3c ./Drivers/STM32G4xx_HAL_Driver/Src/stm32g4xx_hal_cortex.o
 .text.__NVIC_SetPriority
                0x08003b54       0x54 ./Drivers/STM32G4xx_HAL_Driver/Src/stm32g4xx_hal_cortex.o
 .text.NVIC_EncodePriority
                0x08003ba8       0x66 ./Drivers/STM32G4xx_HAL_Driver/Src/stm32g4xx_hal_cortex.o
 .text.HAL_NVIC_SetPriorityGrouping
                0x08003c0e       0x16 ./Drivers/STM32G4xx_HAL_Driver/Src/stm32g4xx_hal_cortex.o
                0x08003c0e                HAL_NVIC_SetPriorityGrouping
 .text.HAL_NVIC_SetPriority
                0x08003c24       0x34 ./Drivers/STM32G4xx_HAL_Driver/Src/stm32g4xx_hal_cortex.o
                0x08003c24                HAL_NVIC_SetPriority
 .text.HAL_NVIC_EnableIRQ
                0x08003c58       0x1c ./Drivers/STM32G4xx_HAL_Driver/Src/stm32g4xx_hal_cortex.o
                0x08003c58                HAL_NVIC_EnableIRQ
 .text.HAL_DMA_Init
                0x08003c74      0x150 ./Drivers/STM32G4xx_HAL_Driver/Src/stm32g4xx_hal_dma.o
                0x08003c74                HAL_DMA_Init
 .text.HAL_DMA_Start_IT
                0x08003dc4       0xf6 ./Drivers/STM32G4xx_HAL_Driver/Src/stm32g4xx_hal_dma.o
                0x08003dc4                HAL_DMA_Start_IT
 .text.HAL_DMA_IRQHandler
                0x08003eba      0x15e ./Drivers/STM32G4xx_HAL_Driver/Src/stm32g4xx_hal_dma.o
                0x08003eba                HAL_DMA_IRQHandler
 .text.DMA_SetConfig
                0x08004018       0x7c ./Drivers/STM32G4xx_HAL_Driver/Src/stm32g4xx_hal_dma.o
 .text.DMA_CalcDMAMUXChannelBaseAndMask
                0x08004094       0x7c ./Drivers/STM32G4xx_HAL_Driver/Src/stm32g4xx_hal_dma.o
 .text.DMA_CalcDMAMUXRequestGenBaseAndMask
                0x08004110       0x48 ./Drivers/STM32G4xx_HAL_Driver/Src/stm32g4xx_hal_dma.o
 .text.HAL_GPIO_Init
                0x08004158      0x304 ./Drivers/STM32G4xx_HAL_Driver/Src/stm32g4xx_hal_gpio.o
                0x08004158                HAL_GPIO_Init
 .text.HAL_PCD_Init
                0x0800445c      0x19c ./Drivers/STM32G4xx_HAL_Driver/Src/stm32g4xx_hal_pcd.o
                0x0800445c                HAL_PCD_Init
 .text.HAL_PCD_Start
                0x080045f8       0x44 ./Drivers/STM32G4xx_HAL_Driver/Src/stm32g4xx_hal_pcd.o
                0x080045f8                HAL_PCD_Start
 .text.HAL_PCD_IRQHandler
                0x0800463c      0x24e ./Drivers/STM32G4xx_HAL_Driver/Src/stm32g4xx_hal_pcd.o
                0x0800463c                HAL_PCD_IRQHandler
 .text.HAL_PCD_SetAddress
                0x0800488a       0x48 ./Drivers/STM32G4xx_HAL_Driver/Src/stm32g4xx_hal_pcd.o
                0x0800488a                HAL_PCD_SetAddress
 .text.HAL_PCD_EP_Open
                0x080048d2       0xbe ./Drivers/STM32G4xx_HAL_Driver/Src/stm32g4xx_hal_pcd.o
                0x080048d2                HAL_PCD_EP_Open
 .text.HAL_PCD_EP_Close
                0x08004990       0x90 ./Drivers/STM32G4xx_HAL_Driver/Src/stm32g4xx_hal_pcd.o
                0x08004990                HAL_PCD_EP_Close
 .text.HAL_PCD_EP_Receive
                0x08004a20       0x62 ./Drivers/STM32G4xx_HAL_Driver/Src/stm32g4xx_hal_pcd.o
                0x08004a20                HAL_PCD_EP_Receive
 .text.HAL_PCD_EP_GetRxCount
                0x08004a82       0x30 ./Drivers/STM32G4xx_HAL_Driver/Src/stm32g4xx_hal_pcd.o
                0x08004a82                HAL_PCD_EP_GetRxCount
 .text.HAL_PCD_EP_Transmit
                0x08004ab2       0x6e ./Drivers/STM32G4xx_HAL_Driver/Src/stm32g4xx_hal_pcd.o
                0x08004ab2                HAL_PCD_EP_Transmit
 .text.HAL_PCD_EP_SetStall
                0x08004b20       0xa4 ./Drivers/STM32G4xx_HAL_Driver/Src/stm32g4xx_hal_pcd.o
                0x08004b20                HAL_PCD_EP_SetStall
 .text.HAL_PCD_EP_ClrStall
                0x08004bc4       0xa8 ./Drivers/STM32G4xx_HAL_Driver/Src/stm32g4xx_hal_pcd.o
                0x08004bc4                HAL_PCD_EP_ClrStall
 .text.PCD_EP_ISR_Handler
                0x08004c6c      0x68e ./Drivers/STM32G4xx_HAL_Driver/Src/stm32g4xx_hal_pcd.o
 .text.HAL_PCD_EP_DB_Receive
                0x080052fa      0x212 ./Drivers/STM32G4xx_HAL_Driver/Src/stm32g4xx_hal_pcd.o
 .text.HAL_PCD_EP_DB_Transmit
                0x0800550c      0x878 ./Drivers/STM32G4xx_HAL_Driver/Src/stm32g4xx_hal_pcd.o
 .text.HAL_PCDEx_PMAConfig
                0x08005d84       0x86 ./Drivers/STM32G4xx_HAL_Driver/Src/stm32g4xx_hal_pcd_ex.o
                0x08005d84                HAL_PCDEx_PMAConfig
 .text.HAL_PCDEx_ActivateLPM
                0x08005e0a       0x54 ./Drivers/STM32G4xx_HAL_Driver/Src/stm32g4xx_hal_pcd_ex.o
                0x08005e0a                HAL_PCDEx_ActivateLPM
 *fill*         0x08005e5e        0x2 
 .text.HAL_PWREx_ControlVoltageScaling
                0x08005e60      0x148 ./Drivers/STM32G4xx_HAL_Driver/Src/stm32g4xx_hal_pwr_ex.o
                0x08005e60                HAL_PWREx_ControlVoltageScaling
 .text.HAL_RCC_OscConfig
                0x08005fa8      0x624 ./Drivers/STM32G4xx_HAL_Driver/Src/stm32g4xx_hal_rcc.o
                0x08005fa8                HAL_RCC_OscConfig
 .text.HAL_RCC_ClockConfig
                0x080065cc      0x278 ./Drivers/STM32G4xx_HAL_Driver/Src/stm32g4xx_hal_rcc.o
                0x080065cc                HAL_RCC_ClockConfig
 .text.HAL_RCC_GetSysClockFreq
                0x08006844       0xc4 ./Drivers/STM32G4xx_HAL_Driver/Src/stm32g4xx_hal_rcc.o
                0x08006844                HAL_RCC_GetSysClockFreq
 .text.HAL_RCC_GetHCLKFreq
                0x08006908       0x18 ./Drivers/STM32G4xx_HAL_Driver/Src/stm32g4xx_hal_rcc.o
                0x08006908                HAL_RCC_GetHCLKFreq
 .text.HAL_RCC_GetPCLK1Freq
                0x08006920       0x2c ./Drivers/STM32G4xx_HAL_Driver/Src/stm32g4xx_hal_rcc.o
                0x08006920                HAL_RCC_GetPCLK1Freq
 .text.HAL_RCC_GetPCLK2Freq
                0x0800694c       0x2c ./Drivers/STM32G4xx_HAL_Driver/Src/stm32g4xx_hal_rcc.o
                0x0800694c                HAL_RCC_GetPCLK2Freq
 .text.HAL_RCC_GetClockConfig
                0x08006978       0x64 ./Drivers/STM32G4xx_HAL_Driver/Src/stm32g4xx_hal_rcc.o
                0x08006978                HAL_RCC_GetClockConfig
 .text.RCC_GetSysClockFreqFromPLLSource
                0x080069dc       0x8c ./Drivers/STM32G4xx_HAL_Driver/Src/stm32g4xx_hal_rcc.o
 .text.HAL_RCCEx_PeriphCLKConfig
                0x08006a68      0x3e0 ./Drivers/STM32G4xx_HAL_Driver/Src/stm32g4xx_hal_rcc_ex.o
                0x08006a68                HAL_RCCEx_PeriphCLKConfig
 .text.HAL_SPI_Init
                0x08006e48      0x156 ./Drivers/STM32G4xx_HAL_Driver/Src/stm32g4xx_hal_spi.o
                0x08006e48                HAL_SPI_Init
 .text.HAL_TIM_Base_Init
                0x08006f9e       0xae ./Drivers/STM32G4xx_HAL_Driver/Src/stm32g4xx_hal_tim.o
                0x08006f9e                HAL_TIM_Base_Init
 .text.HAL_TIM_Base_Start
                0x0800704c       0xc4 ./Drivers/STM32G4xx_HAL_Driver/Src/stm32g4xx_hal_tim.o
                0x0800704c                HAL_TIM_Base_Start
 .text.HAL_TIM_Base_Start_IT
                0x08007110       0xd4 ./Drivers/STM32G4xx_HAL_Driver/Src/stm32g4xx_hal_tim.o
                0x08007110                HAL_TIM_Base_Start_IT
 .text.HAL_TIM_PWM_Init
                0x080071e4       0xae ./Drivers/STM32G4xx_HAL_Driver/Src/stm32g4xx_hal_tim.o
                0x080071e4                HAL_TIM_PWM_Init
 *fill*         0x08007292        0x2 
 .text.HAL_TIM_PWM_Start
                0x08007294      0x200 ./Drivers/STM32G4xx_HAL_Driver/Src/stm32g4xx_hal_tim.o
                0x08007294                HAL_TIM_PWM_Start
 .text.HAL_TIM_IRQHandler
                0x08007494      0x29e ./Drivers/STM32G4xx_HAL_Driver/Src/stm32g4xx_hal_tim.o
                0x08007494                HAL_TIM_IRQHandler
 *fill*         0x08007732        0x2 
 .text.HAL_TIM_PWM_ConfigChannel
                0x08007734      0x228 ./Drivers/STM32G4xx_HAL_Driver/Src/stm32g4xx_hal_tim.o
                0x08007734                HAL_TIM_PWM_ConfigChannel
 .text.HAL_TIM_ConfigClockSource
                0x0800795c      0x1f4 ./Drivers/STM32G4xx_HAL_Driver/Src/stm32g4xx_hal_tim.o
                0x0800795c                HAL_TIM_ConfigClockSource
 .text.HAL_TIM_OC_DelayElapsedCallback
                0x08007b50       0x14 ./Drivers/STM32G4xx_HAL_Driver/Src/stm32g4xx_hal_tim.o
                0x08007b50                HAL_TIM_OC_DelayElapsedCallback
 .text.HAL_TIM_IC_CaptureCallback
                0x08007b64       0x14 ./Drivers/STM32G4xx_HAL_Driver/Src/stm32g4xx_hal_tim.o
                0x08007b64                HAL_TIM_IC_CaptureCallback
 .text.HAL_TIM_PWM_PulseFinishedCallback
                0x08007b78       0x14 ./Drivers/STM32G4xx_HAL_Driver/Src/stm32g4xx_hal_tim.o
                0x08007b78                HAL_TIM_PWM_PulseFinishedCallback
 .text.HAL_TIM_TriggerCallback
                0x08007b8c       0x14 ./Drivers/STM32G4xx_HAL_Driver/Src/stm32g4xx_hal_tim.o
                0x08007b8c                HAL_TIM_TriggerCallback
 .text.TIM_Base_SetConfig
                0x08007ba0      0x138 ./Drivers/STM32G4xx_HAL_Driver/Src/stm32g4xx_hal_tim.o
                0x08007ba0                TIM_Base_SetConfig
 .text.TIM_OC1_SetConfig
                0x08007cd8      0x120 ./Drivers/STM32G4xx_HAL_Driver/Src/stm32g4xx_hal_tim.o
 .text.TIM_OC2_SetConfig
                0x08007df8      0x114 ./Drivers/STM32G4xx_HAL_Driver/Src/stm32g4xx_hal_tim.o
                0x08007df8                TIM_OC2_SetConfig
 .text.TIM_OC3_SetConfig
                0x08007f0c      0x110 ./Drivers/STM32G4xx_HAL_Driver/Src/stm32g4xx_hal_tim.o
 .text.TIM_OC4_SetConfig
                0x0800801c      0x114 ./Drivers/STM32G4xx_HAL_Driver/Src/stm32g4xx_hal_tim.o
 .text.TIM_OC5_SetConfig
                0x08008130       0xc8 ./Drivers/STM32G4xx_HAL_Driver/Src/stm32g4xx_hal_tim.o
 .text.TIM_OC6_SetConfig
                0x080081f8       0xcc ./Drivers/STM32G4xx_HAL_Driver/Src/stm32g4xx_hal_tim.o
 .text.TIM_TI1_ConfigInputStage
                0x080082c4       0x5e ./Drivers/STM32G4xx_HAL_Driver/Src/stm32g4xx_hal_tim.o
 .text.TIM_TI2_ConfigInputStage
                0x08008322       0x60 ./Drivers/STM32G4xx_HAL_Driver/Src/stm32g4xx_hal_tim.o
 .text.TIM_ITRx_SetConfig
                0x08008382       0x3a ./Drivers/STM32G4xx_HAL_Driver/Src/stm32g4xx_hal_tim.o
 .text.TIM_ETR_SetConfig
                0x080083bc       0x40 ./Drivers/STM32G4xx_HAL_Driver/Src/stm32g4xx_hal_tim.o
                0x080083bc                TIM_ETR_SetConfig
 .text.TIM_CCxChannelCmd
                0x080083fc       0x4a ./Drivers/STM32G4xx_HAL_Driver/Src/stm32g4xx_hal_tim.o
                0x080083fc                TIM_CCxChannelCmd
 *fill*         0x08008446        0x2 
 .text.HAL_TIMEx_PWMN_Start
                0x08008448      0x168 ./Drivers/STM32G4xx_HAL_Driver/Src/stm32g4xx_hal_tim_ex.o
                0x08008448                HAL_TIMEx_PWMN_Start
 .text.HAL_TIMEx_MasterConfigSynchronization
                0x080085b0      0x104 ./Drivers/STM32G4xx_HAL_Driver/Src/stm32g4xx_hal_tim_ex.o
                0x080085b0                HAL_TIMEx_MasterConfigSynchronization
 .text.HAL_TIMEx_ConfigBreakDeadTime
                0x080086b4      0x118 ./Drivers/STM32G4xx_HAL_Driver/Src/stm32g4xx_hal_tim_ex.o
                0x080086b4                HAL_TIMEx_ConfigBreakDeadTime
 .text.HAL_TIMEx_CommutCallback
                0x080087cc       0x14 ./Drivers/STM32G4xx_HAL_Driver/Src/stm32g4xx_hal_tim_ex.o
                0x080087cc                HAL_TIMEx_CommutCallback
 .text.HAL_TIMEx_BreakCallback
                0x080087e0       0x14 ./Drivers/STM32G4xx_HAL_Driver/Src/stm32g4xx_hal_tim_ex.o
                0x080087e0                HAL_TIMEx_BreakCallback
 .text.HAL_TIMEx_Break2Callback
                0x080087f4       0x14 ./Drivers/STM32G4xx_HAL_Driver/Src/stm32g4xx_hal_tim_ex.o
                0x080087f4                HAL_TIMEx_Break2Callback
 .text.HAL_TIMEx_EncoderIndexCallback
                0x08008808       0x14 ./Drivers/STM32G4xx_HAL_Driver/Src/stm32g4xx_hal_tim_ex.o
                0x08008808                HAL_TIMEx_EncoderIndexCallback
 .text.HAL_TIMEx_DirectionChangeCallback
                0x0800881c       0x14 ./Drivers/STM32G4xx_HAL_Driver/Src/stm32g4xx_hal_tim_ex.o
                0x0800881c                HAL_TIMEx_DirectionChangeCallback
 .text.HAL_TIMEx_IndexErrorCallback
                0x08008830       0x14 ./Drivers/STM32G4xx_HAL_Driver/Src/stm32g4xx_hal_tim_ex.o
                0x08008830                HAL_TIMEx_IndexErrorCallback
 .text.HAL_TIMEx_TransitionErrorCallback
                0x08008844       0x14 ./Drivers/STM32G4xx_HAL_Driver/Src/stm32g4xx_hal_tim_ex.o
                0x08008844                HAL_TIMEx_TransitionErrorCallback
 .text.TIM_CCxNChannelCmd
                0x08008858       0x4a ./Drivers/STM32G4xx_HAL_Driver/Src/stm32g4xx_hal_tim_ex.o
 .text.HAL_UART_Init
                0x080088a2       0xa0 ./Drivers/STM32G4xx_HAL_Driver/Src/stm32g4xx_hal_uart.o
                0x080088a2                HAL_UART_Init
 *fill*         0x08008942        0x2 
 .text.UART_SetConfig
                0x08008944      0x598 ./Drivers/STM32G4xx_HAL_Driver/Src/stm32g4xx_hal_uart.o
                0x08008944                UART_SetConfig
 .text.UART_AdvFeatureConfig
                0x08008edc      0x144 ./Drivers/STM32G4xx_HAL_Driver/Src/stm32g4xx_hal_uart.o
                0x08008edc                UART_AdvFeatureConfig
 .text.UART_CheckIdleState
                0x08009020      0x154 ./Drivers/STM32G4xx_HAL_Driver/Src/stm32g4xx_hal_uart.o
                0x08009020                UART_CheckIdleState
 .text.UART_WaitOnFlagUntilTimeout
                0x08009174       0xda ./Drivers/STM32G4xx_HAL_Driver/Src/stm32g4xx_hal_uart.o
                0x08009174                UART_WaitOnFlagUntilTimeout
 .text.UART_EndRxTransfer
                0x0800924e       0xcc ./Drivers/STM32G4xx_HAL_Driver/Src/stm32g4xx_hal_uart.o
 .text.HAL_UARTEx_DisableFifoMode
                0x0800931a       0x72 ./Drivers/STM32G4xx_HAL_Driver/Src/stm32g4xx_hal_uart_ex.o
                0x0800931a                HAL_UARTEx_DisableFifoMode
 .text.HAL_UARTEx_SetTxFifoThreshold
                0x0800938c       0x7c ./Drivers/STM32G4xx_HAL_Driver/Src/stm32g4xx_hal_uart_ex.o
                0x0800938c                HAL_UARTEx_SetTxFifoThreshold
 .text.HAL_UARTEx_SetRxFifoThreshold
                0x08009408       0x7c ./Drivers/STM32G4xx_HAL_Driver/Src/stm32g4xx_hal_uart_ex.o
                0x08009408                HAL_UARTEx_SetRxFifoThreshold
 .text.UARTEx_SetNbDataToProcess
                0x08009484       0x9c ./Drivers/STM32G4xx_HAL_Driver/Src/stm32g4xx_hal_uart_ex.o
 .text.LL_GPIO_SetPinMode
                0x08009520       0x7a ./Drivers/STM32G4xx_HAL_Driver/Src/stm32g4xx_ll_gpio.o
 .text.LL_GPIO_SetPinOutputType
                0x0800959a       0x30 ./Drivers/STM32G4xx_HAL_Driver/Src/stm32g4xx_ll_gpio.o
 .text.LL_GPIO_SetPinSpeed
                0x080095ca       0x7a ./Drivers/STM32G4xx_HAL_Driver/Src/stm32g4xx_ll_gpio.o
 .text.LL_GPIO_SetPinPull
                0x08009644       0x7a ./Drivers/STM32G4xx_HAL_Driver/Src/stm32g4xx_ll_gpio.o
 .text.LL_GPIO_SetAFPin_0_7
                0x080096be       0x7a ./Drivers/STM32G4xx_HAL_Driver/Src/stm32g4xx_ll_gpio.o
 .text.LL_GPIO_SetAFPin_8_15
                0x08009738       0x7e ./Drivers/STM32G4xx_HAL_Driver/Src/stm32g4xx_ll_gpio.o
 .text.LL_GPIO_Init
                0x080097b6       0xdc ./Drivers/STM32G4xx_HAL_Driver/Src/stm32g4xx_ll_gpio.o
                0x080097b6                LL_GPIO_Init
 .text.USB_EnableGlobalInt
                0x08009892       0x2e ./Drivers/STM32G4xx_HAL_Driver/Src/stm32g4xx_ll_usb.o
                0x08009892                USB_EnableGlobalInt
 .text.USB_DisableGlobalInt
                0x080098c0       0x36 ./Drivers/STM32G4xx_HAL_Driver/Src/stm32g4xx_ll_usb.o
                0x080098c0                USB_DisableGlobalInt
 .text.USB_DevInit
                0x080098f6       0x3c ./Drivers/STM32G4xx_HAL_Driver/Src/stm32g4xx_ll_usb.o
                0x080098f6                USB_DevInit
 *fill*         0x08009932        0x2 
 .text.USB_ActivateEndpoint
                0x08009934      0x9d0 ./Drivers/STM32G4xx_HAL_Driver/Src/stm32g4xx_ll_usb.o
                0x08009934                USB_ActivateEndpoint
 .text.USB_DeactivateEndpoint
                0x0800a304      0x3da ./Drivers/STM32G4xx_HAL_Driver/Src/stm32g4xx_ll_usb.o
                0x0800a304                USB_DeactivateEndpoint
 .text.USB_EPStartXfer
                0x0800a6de      0xb5e ./Drivers/STM32G4xx_HAL_Driver/Src/stm32g4xx_ll_usb.o
                0x0800a6de                USB_EPStartXfer
 .text.USB_EPSetStall
                0x0800b23c       0xa2 ./Drivers/STM32G4xx_HAL_Driver/Src/stm32g4xx_ll_usb.o
                0x0800b23c                USB_EPSetStall
 .text.USB_EPClearStall
                0x0800b2de      0x152 ./Drivers/STM32G4xx_HAL_Driver/Src/stm32g4xx_ll_usb.o
                0x0800b2de                USB_EPClearStall
 .text.USB_SetDevAddress
                0x0800b430       0x28 ./Drivers/STM32G4xx_HAL_Driver/Src/stm32g4xx_ll_usb.o
                0x0800b430                USB_SetDevAddress
 .text.USB_DevConnect
                0x0800b458       0x2e ./Drivers/STM32G4xx_HAL_Driver/Src/stm32g4xx_ll_usb.o
                0x0800b458                USB_DevConnect
 .text.USB_ReadInterrupts
                0x0800b486       0x20 ./Drivers/STM32G4xx_HAL_Driver/Src/stm32g4xx_ll_usb.o
                0x0800b486                USB_ReadInterrupts
 .text.USB_WritePMA
                0x0800b4a6       0x86 ./Drivers/STM32G4xx_HAL_Driver/Src/stm32g4xx_ll_usb.o
                0x0800b4a6                USB_WritePMA
 .text.USB_ReadPMA
                0x0800b52c       0x98 ./Drivers/STM32G4xx_HAL_Driver/Src/stm32g4xx_ll_usb.o
                0x0800b52c                USB_ReadPMA
 .text.USBD_CDC_Init
                0x0800b5c4       0xfe ./Middlewares/ST/STM32_USB_Device_Library/Class/CDC/Src/usbd_cdc.o
 .text.USBD_CDC_DeInit
                0x0800b6c2       0x74 ./Middlewares/ST/STM32_USB_Device_Library/Class/CDC/Src/usbd_cdc.o
 *fill*         0x0800b736        0x2 
 .text.USBD_CDC_Setup
                0x0800b738      0x190 ./Middlewares/ST/STM32_USB_Device_Library/Class/CDC/Src/usbd_cdc.o
 .text.USBD_CDC_DataIn
                0x0800b8c8       0xca ./Middlewares/ST/STM32_USB_Device_Library/Class/CDC/Src/usbd_cdc.o
 .text.USBD_CDC_DataOut
                0x0800b992       0x56 ./Middlewares/ST/STM32_USB_Device_Library/Class/CDC/Src/usbd_cdc.o
 .text.USBD_CDC_EP0_RxReady
                0x0800b9e8       0x58 ./Middlewares/ST/STM32_USB_Device_Library/Class/CDC/Src/usbd_cdc.o
 .text.USBD_CDC_GetFSCfgDesc
                0x0800ba40       0x20 ./Middlewares/ST/STM32_USB_Device_Library/Class/CDC/Src/usbd_cdc.o
 .text.USBD_CDC_GetHSCfgDesc
                0x0800ba60       0x20 ./Middlewares/ST/STM32_USB_Device_Library/Class/CDC/Src/usbd_cdc.o
 .text.USBD_CDC_GetOtherSpeedCfgDesc
                0x0800ba80       0x20 ./Middlewares/ST/STM32_USB_Device_Library/Class/CDC/Src/usbd_cdc.o
 .text.USBD_CDC_GetDeviceQualifierDescriptor
                0x0800baa0       0x20 ./Middlewares/ST/STM32_USB_Device_Library/Class/CDC/Src/usbd_cdc.o
                0x0800baa0                USBD_CDC_GetDeviceQualifierDescriptor
 .text.USBD_CDC_RegisterInterface
                0x0800bac0       0x2a ./Middlewares/ST/STM32_USB_Device_Library/Class/CDC/Src/usbd_cdc.o
                0x0800bac0                USBD_CDC_RegisterInterface
 .text.USBD_CDC_SetTxBuffer
                0x0800baea       0x3c ./Middlewares/ST/STM32_USB_Device_Library/Class/CDC/Src/usbd_cdc.o
                0x0800baea                USBD_CDC_SetTxBuffer
 .text.USBD_CDC_SetRxBuffer
                0x0800bb26       0x32 ./Middlewares/ST/STM32_USB_Device_Library/Class/CDC/Src/usbd_cdc.o
                0x0800bb26                USBD_CDC_SetRxBuffer
 .text.USBD_CDC_ReceivePacket
                0x0800bb58       0x54 ./Middlewares/ST/STM32_USB_Device_Library/Class/CDC/Src/usbd_cdc.o
                0x0800bb58                USBD_CDC_ReceivePacket
 .text.USBD_Init
                0x0800bbac       0x60 ./Middlewares/ST/STM32_USB_Device_Library/Core/Src/usbd_core.o
                0x0800bbac                USBD_Init
 .text.USBD_RegisterClass
                0x0800bc0c       0x4e ./Middlewares/ST/STM32_USB_Device_Library/Core/Src/usbd_core.o
                0x0800bc0c                USBD_RegisterClass
 .text.USBD_Start
                0x0800bc5a       0x18 ./Middlewares/ST/STM32_USB_Device_Library/Core/Src/usbd_core.o
                0x0800bc5a                USBD_Start
 .text.USBD_RunTestMode
                0x0800bc72       0x16 ./Middlewares/ST/STM32_USB_Device_Library/Core/Src/usbd_core.o
                0x0800bc72                USBD_RunTestMode
 .text.USBD_SetClassConfig
                0x0800bc88       0x38 ./Middlewares/ST/STM32_USB_Device_Library/Core/Src/usbd_core.o
                0x0800bc88                USBD_SetClassConfig
 .text.USBD_ClrClassConfig
                0x0800bcc0       0x30 ./Middlewares/ST/STM32_USB_Device_Library/Core/Src/usbd_core.o
                0x0800bcc0                USBD_ClrClassConfig
 .text.USBD_LL_SetupStage
                0x0800bcf0       0xaa ./Middlewares/ST/STM32_USB_Device_Library/Core/Src/usbd_core.o
                0x0800bcf0                USBD_LL_SetupStage
 .text.USBD_LL_DataOutStage
                0x0800bd9a       0xc6 ./Middlewares/ST/STM32_USB_Device_Library/Core/Src/usbd_core.o
                0x0800bd9a                USBD_LL_DataOutStage
 .text.USBD_LL_DataInStage
                0x0800be60      0x12c ./Middlewares/ST/STM32_USB_Device_Library/Core/Src/usbd_core.o
                0x0800be60                USBD_LL_DataInStage
 .text.USBD_LL_Reset
                0x0800bf8c       0x9c ./Middlewares/ST/STM32_USB_Device_Library/Core/Src/usbd_core.o
                0x0800bf8c                USBD_LL_Reset
 .text.USBD_LL_SetSpeed
                0x0800c028       0x20 ./Middlewares/ST/STM32_USB_Device_Library/Core/Src/usbd_core.o
                0x0800c028                USBD_LL_SetSpeed
 .text.USBD_LL_Suspend
                0x0800c048       0x2c ./Middlewares/ST/STM32_USB_Device_Library/Core/Src/usbd_core.o
                0x0800c048                USBD_LL_Suspend
 .text.USBD_LL_Resume
                0x0800c074       0x30 ./Middlewares/ST/STM32_USB_Device_Library/Core/Src/usbd_core.o
                0x0800c074                USBD_LL_Resume
 .text.USBD_LL_SOF
                0x0800c0a4       0x44 ./Middlewares/ST/STM32_USB_Device_Library/Core/Src/usbd_core.o
                0x0800c0a4                USBD_LL_SOF
 .text.SWAPBYTE
                0x0800c0e8       0x3e ./Middlewares/ST/STM32_USB_Device_Library/Core/Src/usbd_ctlreq.o
 *fill*         0x0800c126        0x2 
 .text.USBD_StdDevReq
                0x0800c128       0xdc ./Middlewares/ST/STM32_USB_Device_Library/Core/Src/usbd_ctlreq.o
                0x0800c128                USBD_StdDevReq
 .text.USBD_StdItfReq
                0x0800c204       0x92 ./Middlewares/ST/STM32_USB_Device_Library/Core/Src/usbd_ctlreq.o
                0x0800c204                USBD_StdItfReq
 .text.USBD_StdEPReq
                0x0800c296      0x2c4 ./Middlewares/ST/STM32_USB_Device_Library/Core/Src/usbd_ctlreq.o
                0x0800c296                USBD_StdEPReq
 *fill*         0x0800c55a        0x2 
 .text.USBD_GetDescriptor
                0x0800c55c      0x328 ./Middlewares/ST/STM32_USB_Device_Library/Core/Src/usbd_ctlreq.o
 .text.USBD_SetAddress
                0x0800c884       0x88 ./Middlewares/ST/STM32_USB_Device_Library/Core/Src/usbd_ctlreq.o
 .text.USBD_SetConfig
                0x0800c90c      0x14c ./Middlewares/ST/STM32_USB_Device_Library/Core/Src/usbd_ctlreq.o
 .text.USBD_GetConfig
                0x0800ca58       0x6c ./Middlewares/ST/STM32_USB_Device_Library/Core/Src/usbd_ctlreq.o
 .text.USBD_GetStatus
                0x0800cac4       0x68 ./Middlewares/ST/STM32_USB_Device_Library/Core/Src/usbd_ctlreq.o
 .text.USBD_SetFeature
                0x0800cb2c       0x28 ./Middlewares/ST/STM32_USB_Device_Library/Core/Src/usbd_ctlreq.o
 .text.USBD_ClrFeature
                0x0800cb54       0x44 ./Middlewares/ST/STM32_USB_Device_Library/Core/Src/usbd_ctlreq.o
 .text.USBD_ParseSetupRequest
                0x0800cb98       0x74 ./Middlewares/ST/STM32_USB_Device_Library/Core/Src/usbd_ctlreq.o
                0x0800cb98                USBD_ParseSetupRequest
 .text.USBD_CtlError
                0x0800cc0c       0x22 ./Middlewares/ST/STM32_USB_Device_Library/Core/Src/usbd_ctlreq.o
                0x0800cc0c                USBD_CtlError
 .text.USBD_GetString
                0x0800cc2e       0x8c ./Middlewares/ST/STM32_USB_Device_Library/Core/Src/usbd_ctlreq.o
                0x0800cc2e                USBD_GetString
 .text.USBD_GetLen
                0x0800ccba       0x34 ./Middlewares/ST/STM32_USB_Device_Library/Core/Src/usbd_ctlreq.o
 .text.USBD_CtlSendData
                0x0800ccee       0x36 ./Middlewares/ST/STM32_USB_Device_Library/Core/Src/usbd_ioreq.o
                0x0800ccee                USBD_CtlSendData
 .text.USBD_CtlContinueSendData
                0x0800cd24       0x22 ./Middlewares/ST/STM32_USB_Device_Library/Core/Src/usbd_ioreq.o
                0x0800cd24                USBD_CtlContinueSendData
 .text.USBD_CtlPrepareRx
                0x0800cd46       0x3a ./Middlewares/ST/STM32_USB_Device_Library/Core/Src/usbd_ioreq.o
                0x0800cd46                USBD_CtlPrepareRx
 .text.USBD_CtlContinueRx
                0x0800cd80       0x22 ./Middlewares/ST/STM32_USB_Device_Library/Core/Src/usbd_ioreq.o
                0x0800cd80                USBD_CtlContinueRx
 .text.USBD_CtlSendStatus
                0x0800cda2       0x26 ./Middlewares/ST/STM32_USB_Device_Library/Core/Src/usbd_ioreq.o
                0x0800cda2                USBD_CtlSendStatus
 .text.USBD_CtlReceiveStatus
                0x0800cdc8       0x26 ./Middlewares/ST/STM32_USB_Device_Library/Core/Src/usbd_ioreq.o
                0x0800cdc8                USBD_CtlReceiveStatus
 *fill*         0x0800cdee        0x2 
 .text.__NVIC_SetPriority
                0x0800cdf0       0x54 ./Middlewares/Third_Party/FreeRTOS/Source/CMSIS_RTOS_V2/cmsis_os2.o
 .text.SysTick_Handler
                0x0800ce44       0x20 ./Middlewares/Third_Party/FreeRTOS/Source/CMSIS_RTOS_V2/cmsis_os2.o
                0x0800ce44                SysTick_Handler
 .text.SVC_Setup
                0x0800ce64       0x12 ./Middlewares/Third_Party/FreeRTOS/Source/CMSIS_RTOS_V2/cmsis_os2.o
 *fill*         0x0800ce76        0x2 
 .text.osKernelInitialize
                0x0800ce78       0x48 ./Middlewares/Third_Party/FreeRTOS/Source/CMSIS_RTOS_V2/cmsis_os2.o
                0x0800ce78                osKernelInitialize
 .text.osKernelStart
                0x0800cec0       0x4c ./Middlewares/Third_Party/FreeRTOS/Source/CMSIS_RTOS_V2/cmsis_os2.o
                0x0800cec0                osKernelStart
 .text.osThreadNew
                0x0800cf0c      0x126 ./Middlewares/Third_Party/FreeRTOS/Source/CMSIS_RTOS_V2/cmsis_os2.o
                0x0800cf0c                osThreadNew
 .text.osDelay  0x0800d032       0x36 ./Middlewares/Third_Party/FreeRTOS/Source/CMSIS_RTOS_V2/cmsis_os2.o
                0x0800d032                osDelay
 .text.vApplicationGetIdleTaskMemory
                0x0800d068       0x34 ./Middlewares/Third_Party/FreeRTOS/Source/CMSIS_RTOS_V2/cmsis_os2.o
                0x0800d068                vApplicationGetIdleTaskMemory
 .text.vApplicationGetTimerTaskMemory
                0x0800d09c       0x34 ./Middlewares/Third_Party/FreeRTOS/Source/CMSIS_RTOS_V2/cmsis_os2.o
                0x0800d09c                vApplicationGetTimerTaskMemory
 .text.vListInitialise
                0x0800d0d0       0x40 ./Middlewares/Third_Party/FreeRTOS/Source/list.o
                0x0800d0d0                vListInitialise
 .text.vListInitialiseItem
                0x0800d110       0x1a ./Middlewares/Third_Party/FreeRTOS/Source/list.o
                0x0800d110                vListInitialiseItem
 .text.vListInsertEnd
                0x0800d12a       0x48 ./Middlewares/Third_Party/FreeRTOS/Source/list.o
                0x0800d12a                vListInsertEnd
 .text.vListInsert
                0x0800d172       0x72 ./Middlewares/Third_Party/FreeRTOS/Source/list.o
                0x0800d172                vListInsert
 .text.uxListRemove
                0x0800d1e4       0x54 ./Middlewares/Third_Party/FreeRTOS/Source/list.o
                0x0800d1e4                uxListRemove
 .text.xQueueGenericReset
                0x0800d238       0xd4 ./Middlewares/Third_Party/FreeRTOS/Source/queue.o
                0x0800d238                xQueueGenericReset
 .text.xQueueGenericCreateStatic
                0x0800d30c       0xfa ./Middlewares/Third_Party/FreeRTOS/Source/queue.o
                0x0800d30c                xQueueGenericCreateStatic
 .text.prvInitialiseNewQueue
                0x0800d406       0x46 ./Middlewares/Third_Party/FreeRTOS/Source/queue.o
 .text.xQueueGenericSend
                0x0800d44c      0x204 ./Middlewares/Third_Party/FreeRTOS/Source/queue.o
                0x0800d44c                xQueueGenericSend
 .text.xQueueGenericSendFromISR
                0x0800d650      0x13c ./Middlewares/Third_Party/FreeRTOS/Source/queue.o
                0x0800d650                xQueueGenericSendFromISR
 .text.xQueueReceive
                0x0800d78c      0x1c4 ./Middlewares/Third_Party/FreeRTOS/Source/queue.o
                0x0800d78c                xQueueReceive
 .text.prvCopyDataToQueue
                0x0800d950       0xd4 ./Middlewares/Third_Party/FreeRTOS/Source/queue.o
 .text.prvCopyDataFromQueue
                0x0800da24       0x4c ./Middlewares/Third_Party/FreeRTOS/Source/queue.o
 .text.prvUnlockQueue
                0x0800da70       0xa4 ./Middlewares/Third_Party/FreeRTOS/Source/queue.o
 .text.prvIsQueueEmpty
                0x0800db14       0x2c ./Middlewares/Third_Party/FreeRTOS/Source/queue.o
 .text.prvIsQueueFull
                0x0800db40       0x30 ./Middlewares/Third_Party/FreeRTOS/Source/queue.o
 .text.vQueueAddToRegistry
                0x0800db70       0x54 ./Middlewares/Third_Party/FreeRTOS/Source/queue.o
                0x0800db70                vQueueAddToRegistry
 .text.vQueueWaitForMessageRestricted
                0x0800dbc4       0x68 ./Middlewares/Third_Party/FreeRTOS/Source/queue.o
                0x0800dbc4                vQueueWaitForMessageRestricted
 .text.xTaskCreateStatic
                0x0800dc2c       0xc0 ./Middlewares/Third_Party/FreeRTOS/Source/tasks.o
                0x0800dc2c                xTaskCreateStatic
 .text.xTaskCreate
                0x0800dcec       0x8a ./Middlewares/Third_Party/FreeRTOS/Source/tasks.o
                0x0800dcec                xTaskCreate
 *fill*         0x0800dd76        0x2 
 .text.prvInitialiseNewTask
                0x0800dd78      0x150 ./Middlewares/Third_Party/FreeRTOS/Source/tasks.o
 .text.prvAddNewTaskToReadyList
                0x0800dec8       0xe0 ./Middlewares/Third_Party/FreeRTOS/Source/tasks.o
 .text.vTaskDelay
                0x0800dfa8       0x6c ./Middlewares/Third_Party/FreeRTOS/Source/tasks.o
                0x0800dfa8                vTaskDelay
 .text.vTaskStartScheduler
                0x0800e014       0xe0 ./Middlewares/Third_Party/FreeRTOS/Source/tasks.o
                0x0800e014                vTaskStartScheduler
 .text.vTaskSuspendAll
                0x0800e0f4       0x1c ./Middlewares/Third_Party/FreeRTOS/Source/tasks.o
                0x0800e0f4                vTaskSuspendAll
 .text.xTaskResumeAll
                0x0800e110      0x13c ./Middlewares/Third_Party/FreeRTOS/Source/tasks.o
                0x0800e110                xTaskResumeAll
 .text.xTaskGetTickCount
                0x0800e24c       0x20 ./Middlewares/Third_Party/FreeRTOS/Source/tasks.o
                0x0800e24c                xTaskGetTickCount
 .text.xTaskIncrementTick
                0x0800e26c      0x174 ./Middlewares/Third_Party/FreeRTOS/Source/tasks.o
                0x0800e26c                xTaskIncrementTick
 .text.vTaskSwitchContext
                0x0800e3e0       0xcc ./Middlewares/Third_Party/FreeRTOS/Source/tasks.o
                0x0800e3e0                vTaskSwitchContext
 .text.vTaskPlaceOnEventList
                0x0800e4ac       0x4c ./Middlewares/Third_Party/FreeRTOS/Source/tasks.o
                0x0800e4ac                vTaskPlaceOnEventList
 .text.vTaskPlaceOnEventListRestricted
                0x0800e4f8       0x58 ./Middlewares/Third_Party/FreeRTOS/Source/tasks.o
                0x0800e4f8                vTaskPlaceOnEventListRestricted
 .text.xTaskRemoveFromEventList
                0x0800e550       0xc8 ./Middlewares/Third_Party/FreeRTOS/Source/tasks.o
                0x0800e550                xTaskRemoveFromEventList
 .text.vTaskInternalSetTimeOutState
                0x0800e618       0x2c ./Middlewares/Third_Party/FreeRTOS/Source/tasks.o
                0x0800e618                vTaskInternalSetTimeOutState
 .text.xTaskCheckForTimeOut
                0x0800e644       0xc8 ./Middlewares/Third_Party/FreeRTOS/Source/tasks.o
                0x0800e644                xTaskCheckForTimeOut
 .text.vTaskMissedYield
                0x0800e70c       0x18 ./Middlewares/Third_Party/FreeRTOS/Source/tasks.o
                0x0800e70c                vTaskMissedYield
 .text.prvIdleTask
                0x0800e724       0x30 ./Middlewares/Third_Party/FreeRTOS/Source/tasks.o
 .text.prvInitialiseTaskLists
                0x0800e754       0x80 ./Middlewares/Third_Party/FreeRTOS/Source/tasks.o
 .text.prvCheckTasksWaitingTermination
                0x0800e7d4       0x5c ./Middlewares/Third_Party/FreeRTOS/Source/tasks.o
 .text.prvDeleteTCB
                0x0800e830       0x6a ./Middlewares/Third_Party/FreeRTOS/Source/tasks.o
 *fill*         0x0800e89a        0x2 
 .text.prvResetNextTaskUnblockTime
                0x0800e89c       0x40 ./Middlewares/Third_Party/FreeRTOS/Source/tasks.o
 .text.xTaskGetSchedulerState
                0x0800e8dc       0x3c ./Middlewares/Third_Party/FreeRTOS/Source/tasks.o
                0x0800e8dc                xTaskGetSchedulerState
 .text.xTaskPriorityDisinherit
                0x0800e918       0xe0 ./Middlewares/Third_Party/FreeRTOS/Source/tasks.o
                0x0800e918                xTaskPriorityDisinherit
 .text.prvAddCurrentTaskToDelayedList
                0x0800e9f8       0xa8 ./Middlewares/Third_Party/FreeRTOS/Source/tasks.o
 .text.xTimerCreateTimerTask
                0x0800eaa0       0x94 ./Middlewares/Third_Party/FreeRTOS/Source/timers.o
                0x0800eaa0                xTimerCreateTimerTask
 .text.xTimerGenericCommand
                0x0800eb34       0x9c ./Middlewares/Third_Party/FreeRTOS/Source/timers.o
                0x0800eb34                xTimerGenericCommand
 .text.prvProcessExpiredTimer
                0x0800ebd0       0x9c ./Middlewares/Third_Party/FreeRTOS/Source/timers.o
 .text.prvTimerTask
                0x0800ec6c       0x26 ./Middlewares/Third_Party/FreeRTOS/Source/timers.o
 *fill*         0x0800ec92        0x2 
 .text.prvProcessTimerOrBlockTask
                0x0800ec94       0x9c ./Middlewares/Third_Party/FreeRTOS/Source/timers.o
 .text.prvGetNextExpireTime
                0x0800ed30       0x48 ./Middlewares/Third_Party/FreeRTOS/Source/timers.o
 .text.prvSampleTimeNow
                0x0800ed78       0x40 ./Middlewares/Third_Party/FreeRTOS/Source/timers.o
 .text.prvInsertTimerInActiveList
                0x0800edb8       0x84 ./Middlewares/Third_Party/FreeRTOS/Source/timers.o
 .text.prvProcessReceivedCommands
                0x0800ee3c      0x1cc ./Middlewares/Third_Party/FreeRTOS/Source/timers.o
 .text.prvSwitchTimerLists
                0x0800f008       0xcc ./Middlewares/Third_Party/FreeRTOS/Source/timers.o
 .text.prvCheckForValidListAndQueue
                0x0800f0d4       0x80 ./Middlewares/Third_Party/FreeRTOS/Source/timers.o
 .text.pxPortInitialiseStack
                0x0800f154       0x68 ./Middlewares/Third_Party/FreeRTOS/Source/portable/GCC/ARM_CM4F/port.o
                0x0800f154                pxPortInitialiseStack
 .text.prvTaskExitError
                0x0800f1bc       0x5c ./Middlewares/Third_Party/FreeRTOS/Source/portable/GCC/ARM_CM4F/port.o
 *fill*         0x0800f218        0x8 
 .text.SVC_Handler
                0x0800f220       0x28 ./Middlewares/Third_Party/FreeRTOS/Source/portable/GCC/ARM_CM4F/port.o
                0x0800f220                SVC_Handler
 .text.prvPortStartFirstTask
                0x0800f248       0x28 ./Middlewares/Third_Party/FreeRTOS/Source/portable/GCC/ARM_CM4F/port.o
 .text.xPortStartScheduler
                0x0800f270      0x148 ./Middlewares/Third_Party/FreeRTOS/Source/portable/GCC/ARM_CM4F/port.o
                0x0800f270                xPortStartScheduler
 .text.vPortEnterCritical
                0x0800f3b8       0x64 ./Middlewares/Third_Party/FreeRTOS/Source/portable/GCC/ARM_CM4F/port.o
                0x0800f3b8                vPortEnterCritical
 .text.vPortExitCritical
                0x0800f41c       0x54 ./Middlewares/Third_Party/FreeRTOS/Source/portable/GCC/ARM_CM4F/port.o
                0x0800f41c                vPortExitCritical
 .text.PendSV_Handler
                0x0800f470       0x68 ./Middlewares/Third_Party/FreeRTOS/Source/portable/GCC/ARM_CM4F/port.o
                0x0800f470                PendSV_Handler
 .text.xPortSysTickHandler
                0x0800f4d8       0x44 ./Middlewares/Third_Party/FreeRTOS/Source/portable/GCC/ARM_CM4F/port.o
                0x0800f4d8                xPortSysTickHandler
 .text.vPortSetupTimerInterrupt
                0x0800f51c       0x48 ./Middlewares/Third_Party/FreeRTOS/Source/portable/GCC/ARM_CM4F/port.o
                0x0800f51c                vPortSetupTimerInterrupt
 .text.vPortEnableVFP
                0x0800f564       0x14 ./Middlewares/Third_Party/FreeRTOS/Source/portable/GCC/ARM_CM4F/port.o
 .text.vPortValidateInterruptPriority
                0x0800f578       0x84 ./Middlewares/Third_Party/FreeRTOS/Source/portable/GCC/ARM_CM4F/port.o
                0x0800f578                vPortValidateInterruptPriority
 .text.pvPortMalloc
                0x0800f5fc      0x19c ./Middlewares/Third_Party/FreeRTOS/Source/portable/MemMang/heap_4.o
                0x0800f5fc                pvPortMalloc
 .text.vPortFree
                0x0800f798       0xc8 ./Middlewares/Third_Party/FreeRTOS/Source/portable/MemMang/heap_4.o
                0x0800f798                vPortFree
 .text.prvHeapInit
                0x0800f860       0xc4 ./Middlewares/Third_Party/FreeRTOS/Source/portable/MemMang/heap_4.o
 .text.prvInsertBlockIntoFreeList
                0x0800f924       0xb4 ./Middlewares/Third_Party/FreeRTOS/Source/portable/MemMang/heap_4.o
 .text.MX_USB_Device_Init
                0x0800f9d8       0x60 ./USB_Device/App/usb_device.o
                0x0800f9d8                MX_USB_Device_Init
 .text.CDC_Init_FS
                0x0800fa38       0x28 ./USB_Device/App/usbd_cdc_if.o
 .text.CDC_DeInit_FS
                0x0800fa60       0x10 ./USB_Device/App/usbd_cdc_if.o
 .text.CDC_Control_FS
                0x0800fa70       0xbc ./USB_Device/App/usbd_cdc_if.o
 .text.CDC_Receive_FS
                0x0800fb2c       0x28 ./USB_Device/App/usbd_cdc_if.o
 .text.CDC_TransmitCplt_FS
                0x0800fb54       0x22 ./USB_Device/App/usbd_cdc_if.o
 *fill*         0x0800fb76        0x2 
 .text.USBD_CDC_DeviceDescriptor
                0x0800fb78       0x24 ./USB_Device/App/usbd_desc.o
                0x0800fb78                USBD_CDC_DeviceDescriptor
 .text.USBD_CDC_LangIDStrDescriptor
                0x0800fb9c       0x24 ./USB_Device/App/usbd_desc.o
                0x0800fb9c                USBD_CDC_LangIDStrDescriptor
 .text.USBD_CDC_ProductStrDescriptor
                0x0800fbc0       0x3c ./USB_Device/App/usbd_desc.o
                0x0800fbc0                USBD_CDC_ProductStrDescriptor
 .text.USBD_CDC_ManufacturerStrDescriptor
                0x0800fbfc       0x28 ./USB_Device/App/usbd_desc.o
                0x0800fbfc                USBD_CDC_ManufacturerStrDescriptor
 .text.USBD_CDC_SerialStrDescriptor
                0x0800fc24       0x24 ./USB_Device/App/usbd_desc.o
                0x0800fc24                USBD_CDC_SerialStrDescriptor
 .text.USBD_CDC_ConfigStrDescriptor
                0x0800fc48       0x3c ./USB_Device/App/usbd_desc.o
                0x0800fc48                USBD_CDC_ConfigStrDescriptor
 .text.USBD_CDC_InterfaceStrDescriptor
                0x0800fc84       0x3c ./USB_Device/App/usbd_desc.o
                0x0800fc84                USBD_CDC_InterfaceStrDescriptor
 .text.Get_SerialNum
                0x0800fcc0       0x58 ./USB_Device/App/usbd_desc.o
 .text.IntToUnicode
                0x0800fd18       0x7e ./USB_Device/App/usbd_desc.o
 *fill*         0x0800fd96        0x2 
 .text.HAL_PCD_MspInit
                0x0800fd98       0x78 ./USB_Device/Target/usbd_conf.o
                0x0800fd98                HAL_PCD_MspInit
 .text.HAL_PCD_SetupStageCallback
                0x0800fe10       0x24 ./USB_Device/Target/usbd_conf.o
                0x0800fe10                HAL_PCD_SetupStageCallback
 .text.HAL_PCD_DataOutStageCallback
                0x0800fe34       0x36 ./USB_Device/Target/usbd_conf.o
                0x0800fe34                HAL_PCD_DataOutStageCallback
 .text.HAL_PCD_DataInStageCallback
                0x0800fe6a       0x34 ./USB_Device/Target/usbd_conf.o
                0x0800fe6a                HAL_PCD_DataInStageCallback
 .text.HAL_PCD_SOFCallback
                0x0800fe9e       0x1c ./USB_Device/Target/usbd_conf.o
                0x0800fe9e                HAL_PCD_SOFCallback
 .text.HAL_PCD_ResetCallback
                0x0800feba       0x3c ./USB_Device/Target/usbd_conf.o
                0x0800feba                HAL_PCD_ResetCallback
 *fill*         0x0800fef6        0x2 
 .text.HAL_PCD_SuspendCallback
                0x0800fef8       0x34 ./USB_Device/Target/usbd_conf.o
                0x0800fef8                HAL_PCD_SuspendCallback
 .text.HAL_PCD_ResumeCallback
                0x0800ff2c       0x38 ./USB_Device/Target/usbd_conf.o
                0x0800ff2c                HAL_PCD_ResumeCallback
 .text.USBD_LL_Init
                0x0800ff64       0xc0 ./USB_Device/Target/usbd_conf.o
                0x0800ff64                USBD_LL_Init
 .text.USBD_LL_Start
                0x08010024       0x36 ./USB_Device/Target/usbd_conf.o
                0x08010024                USBD_LL_Start
 .text.USBD_LL_OpenEP
                0x0801005a       0x4c ./USB_Device/Target/usbd_conf.o
                0x0801005a                USBD_LL_OpenEP
 .text.USBD_LL_CloseEP
                0x080100a6       0x3e ./USB_Device/Target/usbd_conf.o
                0x080100a6                USBD_LL_CloseEP
 .text.USBD_LL_StallEP
                0x080100e4       0x3e ./USB_Device/Target/usbd_conf.o
                0x080100e4                USBD_LL_StallEP
 .text.USBD_LL_ClearStallEP
                0x08010122       0x3e ./USB_Device/Target/usbd_conf.o
                0x08010122                USBD_LL_ClearStallEP
 .text.USBD_LL_IsStallEP
                0x08010160       0x58 ./USB_Device/Target/usbd_conf.o
                0x08010160                USBD_LL_IsStallEP
 .text.USBD_LL_SetUSBAddress
                0x080101b8       0x3e ./USB_Device/Target/usbd_conf.o
                0x080101b8                USBD_LL_SetUSBAddress
 .text.USBD_LL_Transmit
                0x080101f6       0x42 ./USB_Device/Target/usbd_conf.o
                0x080101f6                USBD_LL_Transmit
 .text.USBD_LL_PrepareReceive
                0x08010238       0x42 ./USB_Device/Target/usbd_conf.o
                0x08010238                USBD_LL_PrepareReceive
 .text.USBD_LL_GetRxDataSize
                0x0801027a       0x26 ./USB_Device/Target/usbd_conf.o
                0x0801027a                USBD_LL_GetRxDataSize
 .text.HAL_PCDEx_LPM_Callback
                0x080102a0       0x6c ./USB_Device/Target/usbd_conf.o
                0x080102a0                HAL_PCDEx_LPM_Callback
 .text.USBD_static_malloc
                0x0801030c       0x1c ./USB_Device/Target/usbd_conf.o
                0x0801030c                USBD_static_malloc
 .text.USBD_static_free
                0x08010328       0x14 ./USB_Device/Target/usbd_conf.o
                0x08010328                USBD_static_free
 .text.SystemClockConfig_Resume
                0x0801033c        0xc ./USB_Device/Target/usbd_conf.o
 .text.USBD_Get_USB_Status
                0x08010348       0x58 ./USB_Device/Target/usbd_conf.o
 .text._ZdlPvj  0x080103a0        0x4 C:/ST/STM32CubeIDE_1.18.1/STM32CubeIDE/plugins/com.st.stm32cube.ide.mcu.externaltools.gnu-tools-for-stm32.13.3.rel1.win32_1.0.0.202411081344/tools/bin/../lib/gcc/arm-none-eabi/13.3.1/../../../../arm-none-eabi/lib/thumb/v7e-m+fp/hard\libstdc++_nano.a(del_ops.o)
                0x080103a0                operator delete(void*, unsigned int)
 .text._ZdlPv   0x080103a4        0x4 C:/ST/STM32CubeIDE_1.18.1/STM32CubeIDE/plugins/com.st.stm32cube.ide.mcu.externaltools.gnu-tools-for-stm32.13.3.rel1.win32_1.0.0.202411081344/tools/bin/../lib/gcc/arm-none-eabi/13.3.1/../../../../arm-none-eabi/lib/thumb/v7e-m+fp/hard\libstdc++_nano.a(del_op.o)
                0x080103a4                operator delete(void*)
 .text.free     0x080103a8       0x10 C:/ST/STM32CubeIDE_1.18.1/STM32CubeIDE/plugins/com.st.stm32cube.ide.mcu.externaltools.gnu-tools-for-stm32.13.3.rel1.win32_1.0.0.202411081344/tools/bin/../lib/gcc/arm-none-eabi/13.3.1/../../../../arm-none-eabi/lib/thumb/v7e-m+fp/hard\libc_nano.a(libc_a-malloc.o)
                0x080103a8                free
 .text.__malloc_lock
                0x080103b8        0xc C:/ST/STM32CubeIDE_1.18.1/STM32CubeIDE/plugins/com.st.stm32cube.ide.mcu.externaltools.gnu-tools-for-stm32.13.3.rel1.win32_1.0.0.202411081344/tools/bin/../lib/gcc/arm-none-eabi/13.3.1/../../../../arm-none-eabi/lib/thumb/v7e-m+fp/hard\libc_nano.a(libc_a-mlock.o)
                0x080103b8                __malloc_lock
 .text.__malloc_unlock
                0x080103c4        0xc C:/ST/STM32CubeIDE_1.18.1/STM32CubeIDE/plugins/com.st.stm32cube.ide.mcu.externaltools.gnu-tools-for-stm32.13.3.rel1.win32_1.0.0.202411081344/tools/bin/../lib/gcc/arm-none-eabi/13.3.1/../../../../arm-none-eabi/lib/thumb/v7e-m+fp/hard\libc_nano.a(libc_a-mlock.o)
                0x080103c4                __malloc_unlock
 .text.memset   0x080103d0       0x10 C:/ST/STM32CubeIDE_1.18.1/STM32CubeIDE/plugins/com.st.stm32cube.ide.mcu.externaltools.gnu-tools-for-stm32.13.3.rel1.win32_1.0.0.202411081344/tools/bin/../lib/gcc/arm-none-eabi/13.3.1/../../../../arm-none-eabi/lib/thumb/v7e-m+fp/hard\libc_nano.a(libc_a-memset.o)
                0x080103d0                memset
 .text._reclaim_reent
                0x080103e0       0xbc C:/ST/STM32CubeIDE_1.18.1/STM32CubeIDE/plugins/com.st.stm32cube.ide.mcu.externaltools.gnu-tools-for-stm32.13.3.rel1.win32_1.0.0.202411081344/tools/bin/../lib/gcc/arm-none-eabi/13.3.1/../../../../arm-none-eabi/lib/thumb/v7e-m+fp/hard\libc_nano.a(libc_a-reent.o)
                0x080103e0                _reclaim_reent
 .text.__libc_init_array
                0x0801049c       0x48 C:/ST/STM32CubeIDE_1.18.1/STM32CubeIDE/plugins/com.st.stm32cube.ide.mcu.externaltools.gnu-tools-for-stm32.13.3.rel1.win32_1.0.0.202411081344/tools/bin/../lib/gcc/arm-none-eabi/13.3.1/../../../../arm-none-eabi/lib/thumb/v7e-m+fp/hard\libc_nano.a(libc_a-init.o)
                0x0801049c                __libc_init_array
 .text.__retarget_lock_acquire_recursive
                0x080104e4        0x2 C:/ST/STM32CubeIDE_1.18.1/STM32CubeIDE/plugins/com.st.stm32cube.ide.mcu.externaltools.gnu-tools-for-stm32.13.3.rel1.win32_1.0.0.202411081344/tools/bin/../lib/gcc/arm-none-eabi/13.3.1/../../../../arm-none-eabi/lib/thumb/v7e-m+fp/hard\libc_nano.a(libc_a-lock.o)
                0x080104e4                __retarget_lock_acquire_recursive
 .text.__retarget_lock_release_recursive
                0x080104e6        0x2 C:/ST/STM32CubeIDE_1.18.1/STM32CubeIDE/plugins/com.st.stm32cube.ide.mcu.externaltools.gnu-tools-for-stm32.13.3.rel1.win32_1.0.0.202411081344/tools/bin/../lib/gcc/arm-none-eabi/13.3.1/../../../../arm-none-eabi/lib/thumb/v7e-m+fp/hard\libc_nano.a(libc_a-lock.o)
                0x080104e6                __retarget_lock_release_recursive
 .text.memcpy   0x080104e8       0x1c C:/ST/STM32CubeIDE_1.18.1/STM32CubeIDE/plugins/com.st.stm32cube.ide.mcu.externaltools.gnu-tools-for-stm32.13.3.rel1.win32_1.0.0.202411081344/tools/bin/../lib/gcc/arm-none-eabi/13.3.1/../../../../arm-none-eabi/lib/thumb/v7e-m+fp/hard\libc_nano.a(libc_a-memcpy-stub.o)
                0x080104e8                memcpy
 .text._free_r  0x08010504       0x94 C:/ST/STM32CubeIDE_1.18.1/STM32CubeIDE/plugins/com.st.stm32cube.ide.mcu.externaltools.gnu-tools-for-stm32.13.3.rel1.win32_1.0.0.202411081344/tools/bin/../lib/gcc/arm-none-eabi/13.3.1/../../../../arm-none-eabi/lib/thumb/v7e-m+fp/hard\libc_nano.a(libc_a-freer.o)
                0x08010504                _free_r
 *(.glue_7)
 .glue_7        0x08010598        0x0 linker stubs
 *(.glue_7t)
 .glue_7t       0x08010598        0x0 linker stubs
 *(.eh_frame)
 .eh_frame      0x08010598        0x0 C:/ST/STM32CubeIDE_1.18.1/STM32CubeIDE/plugins/com.st.stm32cube.ide.mcu.externaltools.gnu-tools-for-stm32.13.3.rel1.win32_1.0.0.202411081344/tools/bin/../lib/gcc/arm-none-eabi/13.3.1/thumb/v7e-m+fp/hard/crtbegin.o
 *(.init)
 .init          0x08010598        0x4 C:/ST/STM32CubeIDE_1.18.1/STM32CubeIDE/plugins/com.st.stm32cube.ide.mcu.externaltools.gnu-tools-for-stm32.13.3.rel1.win32_1.0.0.202411081344/tools/bin/../lib/gcc/arm-none-eabi/13.3.1/thumb/v7e-m+fp/hard/crti.o
                0x08010598                _init
 .init          0x0801059c        0x8 C:/ST/STM32CubeIDE_1.18.1/STM32CubeIDE/plugins/com.st.stm32cube.ide.mcu.externaltools.gnu-tools-for-stm32.13.3.rel1.win32_1.0.0.202411081344/tools/bin/../lib/gcc/arm-none-eabi/13.3.1/thumb/v7e-m+fp/hard/crtn.o
 *(.fini)
 .fini          0x080105a4        0x4 C:/ST/STM32CubeIDE_1.18.1/STM32CubeIDE/plugins/com.st.stm32cube.ide.mcu.externaltools.gnu-tools-for-stm32.13.3.rel1.win32_1.0.0.202411081344/tools/bin/../lib/gcc/arm-none-eabi/13.3.1/thumb/v7e-m+fp/hard/crti.o
                0x080105a4                _fini
 .fini          0x080105a8        0x8 C:/ST/STM32CubeIDE_1.18.1/STM32CubeIDE/plugins/com.st.stm32cube.ide.mcu.externaltools.gnu-tools-for-stm32.13.3.rel1.win32_1.0.0.202411081344/tools/bin/../lib/gcc/arm-none-eabi/13.3.1/thumb/v7e-m+fp/hard/crtn.o
                0x080105b0                        . = ALIGN (0x4)
                0x080105b0                        _etext = .

.vfp11_veneer   0x080105b0        0x0
 .vfp11_veneer  0x080105b0        0x0 linker stubs

.v4_bx          0x080105b0        0x0
 .v4_bx         0x080105b0        0x0 linker stubs

.iplt           0x080105b0        0x0
 .iplt          0x080105b0        0x0 C:/ST/STM32CubeIDE_1.18.1/STM32CubeIDE/plugins/com.st.stm32cube.ide.mcu.externaltools.gnu-tools-for-stm32.13.3.rel1.win32_1.0.0.202411081344/tools/bin/../lib/gcc/arm-none-eabi/13.3.1/thumb/v7e-m+fp/hard/crtbegin.o

.rodata         0x080105b0       0xf8
                0x080105b0                        . = ALIGN (0x4)
 *(.rodata)
 .rodata        0x080105b0        0xc ./Core/Src/main.o
 .rodata        0x080105bc        0x5 ./Middlewares/Third_Party/FreeRTOS/Source/tasks.o
 *fill*         0x080105c1        0x3 
 .rodata        0x080105c4        0xd ./Middlewares/Third_Party/FreeRTOS/Source/timers.o
 *fill*         0x080105d1        0x3 
 .rodata        0x080105d4       0x46 ./USB_Device/App/usbd_desc.o
 *(.rodata*)
 *fill*         0x0801061a        0x2 
 .rodata._ZTV9Converter
                0x0801061c       0x10 ./Core/Src/Powerbank/Converter.o
                0x0801061c                vtable for Converter
 .rodata._ZTV12Statemachine
                0x0801062c       0x10 ./Core/Src/Powerbank/Statemachine.o
                0x0801062c                vtable for Statemachine
 .rodata._ZL18CHANNEL_OFFSET_TAB
                0x0801063c        0x6 ./Core/Src/main.o
 *fill*         0x08010642        0x2 
 .rodata._ZL22defaultTask_attributes
                0x08010644       0x24 ./Core/Src/main.o
 .rodata.AHBPrescTable
                0x08010668       0x10 ./Core/Src/system_stm32g4xx.o
                0x08010668                AHBPrescTable
 .rodata.APBPrescTable
                0x08010678        0x8 ./Core/Src/system_stm32g4xx.o
                0x08010678                APBPrescTable
 .rodata.UARTPrescTable
                0x08010680       0x18 ./Drivers/STM32G4xx_HAL_Driver/Src/stm32g4xx_hal_uart.o
                0x08010680                UARTPrescTable
 .rodata.numerator.1
                0x08010698        0x8 ./Drivers/STM32G4xx_HAL_Driver/Src/stm32g4xx_hal_uart_ex.o
 .rodata.denominator.0
                0x080106a0        0x8 ./Drivers/STM32G4xx_HAL_Driver/Src/stm32g4xx_hal_uart_ex.o
                0x080106a8                        . = ALIGN (0x4)

.ARM.extab      0x080106a8        0x0
                0x080106a8                        . = ALIGN (0x4)
 *(.ARM.extab* .gnu.linkonce.armextab.*)
                0x080106a8                        . = ALIGN (0x4)

.ARM            0x080106a8        0x8
                0x080106a8                        . = ALIGN (0x4)
                0x080106a8                        __exidx_start = .
 *(.ARM.exidx*)
 .ARM.exidx     0x080106a8        0x8 C:/ST/STM32CubeIDE_1.18.1/STM32CubeIDE/plugins/com.st.stm32cube.ide.mcu.externaltools.gnu-tools-for-stm32.13.3.rel1.win32_1.0.0.202411081344/tools/bin/../lib/gcc/arm-none-eabi/13.3.1/thumb/v7e-m+fp/hard\libgcc.a(_udivmoddi4.o)
                0x080106b0                        __exidx_end = .
                0x080106b0                        . = ALIGN (0x4)

.preinit_array  0x080106b0        0x0
                0x080106b0                        . = ALIGN (0x4)
                0x080106b0                        PROVIDE (__preinit_array_start = .)
 *(.preinit_array*)
                0x080106b0                        PROVIDE (__preinit_array_end = .)
                0x080106b0                        . = ALIGN (0x4)

.init_array     0x080106b0        0x8
                0x080106b0                        . = ALIGN (0x4)
                0x080106b0                        PROVIDE (__init_array_start = .)
 *(SORT_BY_NAME(.init_array.*))
 *(.init_array*)
 .init_array    0x080106b0        0x4 C:/ST/STM32CubeIDE_1.18.1/STM32CubeIDE/plugins/com.st.stm32cube.ide.mcu.externaltools.gnu-tools-for-stm32.13.3.rel1.win32_1.0.0.202411081344/tools/bin/../lib/gcc/arm-none-eabi/13.3.1/thumb/v7e-m+fp/hard/crtbegin.o
 .init_array    0x080106b4        0x4 ./Core/Src/main.o
                0x080106b8                        PROVIDE (__init_array_end = .)
                0x080106b8                        . = ALIGN (0x4)

.fini_array     0x080106b8        0x8
                0x080106b8                        . = ALIGN (0x4)
                [!provide]                        PROVIDE (__fini_array_start = .)
 *(SORT_BY_NAME(.fini_array.*))
 *(.fini_array*)
 .fini_array    0x080106b8        0x4 C:/ST/STM32CubeIDE_1.18.1/STM32CubeIDE/plugins/com.st.stm32cube.ide.mcu.externaltools.gnu-tools-for-stm32.13.3.rel1.win32_1.0.0.202411081344/tools/bin/../lib/gcc/arm-none-eabi/13.3.1/thumb/v7e-m+fp/hard/crtbegin.o
 .fini_array    0x080106bc        0x4 ./Core/Src/main.o
                [!provide]                        PROVIDE (__fini_array_end = .)
                0x080106c0                        . = ALIGN (0x4)
                0x080106c0                        _sidata = LOADADDR (.data)

.rel.dyn        0x080106c0        0x0
 .rel.iplt      0x080106c0        0x0 C:/ST/STM32CubeIDE_1.18.1/STM32CubeIDE/plugins/com.st.stm32cube.ide.mcu.externaltools.gnu-tools-for-stm32.13.3.rel1.win32_1.0.0.202411081344/tools/bin/../lib/gcc/arm-none-eabi/13.3.1/thumb/v7e-m+fp/hard/crtbegin.o

.data           0x20000000      0x1d8 load address 0x080106c0
                0x20000000                        . = ALIGN (0x4)
                0x20000000                        _sdata = .
 *(.data)
 *(.data*)
 .data.SystemCoreClock
                0x20000000        0x4 ./Core/Src/system_stm32g4xx.o
                0x20000000                SystemCoreClock
 .data.uwTickPrio
                0x20000004        0x4 ./Drivers/STM32G4xx_HAL_Driver/Src/stm32g4xx_hal.o
                0x20000004                uwTickPrio
 .data.uwTickFreq
                0x20000008        0x4 ./Drivers/STM32G4xx_HAL_Driver/Src/stm32g4xx_hal.o
                0x20000008                uwTickFreq
 .data.USBD_CDC_DeviceQualifierDesc
                0x2000000c        0xa ./Middlewares/ST/STM32_USB_Device_Library/Class/CDC/Src/usbd_cdc.o
 *fill*         0x20000016        0x2 
 .data.USBD_CDC
                0x20000018       0x38 ./Middlewares/ST/STM32_USB_Device_Library/Class/CDC/Src/usbd_cdc.o
                0x20000018                USBD_CDC
 .data.USBD_CDC_CfgHSDesc
                0x20000050       0x43 ./Middlewares/ST/STM32_USB_Device_Library/Class/CDC/Src/usbd_cdc.o
 *fill*         0x20000093        0x1 
 .data.USBD_CDC_CfgFSDesc
                0x20000094       0x43 ./Middlewares/ST/STM32_USB_Device_Library/Class/CDC/Src/usbd_cdc.o
 *fill*         0x200000d7        0x1 
 .data.USBD_CDC_OtherSpeedCfgDesc
                0x200000d8       0x43 ./Middlewares/ST/STM32_USB_Device_Library/Class/CDC/Src/usbd_cdc.o
 *fill*         0x2000011b        0x1 
 .data.uxCriticalNesting
                0x2000011c        0x4 ./Middlewares/Third_Party/FreeRTOS/Source/portable/GCC/ARM_CM4F/port.o
 .data.USBD_Interface_fops_FS
                0x20000120       0x14 ./USB_Device/App/usbd_cdc_if.o
                0x20000120                USBD_Interface_fops_FS
 .data.CDC_Desc
                0x20000134       0x20 ./USB_Device/App/usbd_desc.o
                0x20000134                CDC_Desc
 .data.USBD_CDC_DeviceDesc
                0x20000154       0x12 ./USB_Device/App/usbd_desc.o
                0x20000154                USBD_CDC_DeviceDesc
 *fill*         0x20000166        0x2 
 .data.USBD_LangIDDesc
                0x20000168        0x4 ./USB_Device/App/usbd_desc.o
                0x20000168                USBD_LangIDDesc
 .data.USBD_StringSerial
                0x2000016c       0x1a ./USB_Device/App/usbd_desc.o
                0x2000016c                USBD_StringSerial
 *fill*         0x20000186        0x2 
 .data._impure_ptr
                0x20000188        0x4 C:/ST/STM32CubeIDE_1.18.1/STM32CubeIDE/plugins/com.st.stm32cube.ide.mcu.externaltools.gnu-tools-for-stm32.13.3.rel1.win32_1.0.0.202411081344/tools/bin/../lib/gcc/arm-none-eabi/13.3.1/../../../../arm-none-eabi/lib/thumb/v7e-m+fp/hard\libc_nano.a(libc_a-impure.o)
                0x20000188                _impure_ptr
 .data._impure_data
                0x2000018c       0x4c C:/ST/STM32CubeIDE_1.18.1/STM32CubeIDE/plugins/com.st.stm32cube.ide.mcu.externaltools.gnu-tools-for-stm32.13.3.rel1.win32_1.0.0.202411081344/tools/bin/../lib/gcc/arm-none-eabi/13.3.1/../../../../arm-none-eabi/lib/thumb/v7e-m+fp/hard\libc_nano.a(libc_a-impure.o)
                0x2000018c                _impure_data
 *(.RamFunc)
 *(.RamFunc*)
                0x200001d8                        . = ALIGN (0x4)
                0x200001d8                        _edata = .

.igot.plt       0x200001d8        0x0 load address 0x08010898
 .igot.plt      0x200001d8        0x0 C:/ST/STM32CubeIDE_1.18.1/STM32CubeIDE/plugins/com.st.stm32cube.ide.mcu.externaltools.gnu-tools-for-stm32.13.3.rel1.win32_1.0.0.202411081344/tools/bin/../lib/gcc/arm-none-eabi/13.3.1/thumb/v7e-m+fp/hard/crtbegin.o
                0x200001d8                        . = ALIGN (0x4)

.bss            0x200001d8     0x55a4 load address 0x08010898
                0x200001d8                        _sbss = .
                0x200001d8                        __bss_start__ = _sbss
 *(.bss)
 .bss           0x200001d8       0x1c C:/ST/STM32CubeIDE_1.18.1/STM32CubeIDE/plugins/com.st.stm32cube.ide.mcu.externaltools.gnu-tools-for-stm32.13.3.rel1.win32_1.0.0.202411081344/tools/bin/../lib/gcc/arm-none-eabi/13.3.1/thumb/v7e-m+fp/hard/crtbegin.o
 *(.bss*)
 .bss.hadc1     0x200001f4       0x6c ./Core/Src/main.o
                0x200001f4                hadc1
 .bss.hdma_adc1
                0x20000260       0x60 ./Core/Src/main.o
                0x20000260                hdma_adc1
 .bss.hspi1     0x200002c0       0x64 ./Core/Src/main.o
                0x200002c0                hspi1
 .bss.htim3     0x20000324       0x4c ./Core/Src/main.o
                0x20000324                htim3
 .bss.htim8     0x20000370       0x4c ./Core/Src/main.o
                0x20000370                htim8
 .bss.huart4    0x200003bc       0x94 ./Core/Src/main.o
                0x200003bc                huart4
 .bss.defaultTaskHandle
                0x20000450        0x4 ./Core/Src/main.o
                0x20000450                defaultTaskHandle
 .bss.statemachine
                0x20000454       0xa0 ./Core/Src/main.o
                0x20000454                statemachine
 .bss.htim17    0x200004f4       0x4c ./Core/Src/stm32g4xx_hal_timebase_tim.o
                0x200004f4                htim17
 .bss.uwTick    0x20000540        0x4 ./Drivers/STM32G4xx_HAL_Driver/Src/stm32g4xx_hal.o
                0x20000540                uwTick
 .bss.cfgidx.0  0x20000544        0x1 ./Middlewares/ST/STM32_USB_Device_Library/Core/Src/usbd_ctlreq.o
 *fill*         0x20000545        0x3 
 .bss.KernelState
                0x20000548        0x4 ./Middlewares/Third_Party/FreeRTOS/Source/CMSIS_RTOS_V2/cmsis_os2.o
 .bss.Idle_TCB.3
                0x2000054c       0xa8 ./Middlewares/Third_Party/FreeRTOS/Source/CMSIS_RTOS_V2/cmsis_os2.o
 .bss.Idle_Stack.2
                0x200005f4      0x800 ./Middlewares/Third_Party/FreeRTOS/Source/CMSIS_RTOS_V2/cmsis_os2.o
 .bss.Timer_TCB.1
                0x20000df4       0xa8 ./Middlewares/Third_Party/FreeRTOS/Source/CMSIS_RTOS_V2/cmsis_os2.o
 .bss.Timer_Stack.0
                0x20000e9c     0x1000 ./Middlewares/Third_Party/FreeRTOS/Source/CMSIS_RTOS_V2/cmsis_os2.o
 .bss.xQueueRegistry
                0x20001e9c       0x40 ./Middlewares/Third_Party/FreeRTOS/Source/queue.o
                0x20001e9c                xQueueRegistry
 .bss.pxCurrentTCB
                0x20001edc        0x4 ./Middlewares/Third_Party/FreeRTOS/Source/tasks.o
                0x20001edc                pxCurrentTCB
 .bss.pxReadyTasksLists
                0x20001ee0      0x460 ./Middlewares/Third_Party/FreeRTOS/Source/tasks.o
 .bss.xDelayedTaskList1
                0x20002340       0x14 ./Middlewares/Third_Party/FreeRTOS/Source/tasks.o
 .bss.xDelayedTaskList2
                0x20002354       0x14 ./Middlewares/Third_Party/FreeRTOS/Source/tasks.o