Archive member included to satisfy reference by file (symbol)

C:/ST/STM32CubeIDE_1.19.0/STM32CubeIDE/plugins/com.st.stm32cube.ide.mcu.externaltools.gnu-tools-for-stm32.13.3.rel1.win32_1.0.0.202411081344/tools/bin/../lib/gcc/arm-none-eabi/13.3.1/../../../../arm-none-eabi/lib/thumb/v7e-m+fp/hard\libstdc++_nano.a(del_ops.o)
                              ./Core/Src/Powerbank/Converter.o (operator delete(void*, unsigned int))
C:/ST/STM32CubeIDE_1.19.0/STM32CubeIDE/plugins/com.st.stm32cube.ide.mcu.externaltools.gnu-tools-for-stm32.13.3.rel1.win32_1.0.0.202411081344/tools/bin/../lib/gcc/arm-none-eabi/13.3.1/../../../../arm-none-eabi/lib/thumb/v7e-m+fp/hard\libstdc++_nano.a(del_op.o)
                              C:/ST/STM32CubeIDE_1.19.0/STM32CubeIDE/plugins/com.st.stm32cube.ide.mcu.externaltools.gnu-tools-for-stm32.13.3.rel1.win32_1.0.0.202411081344/tools/bin/../lib/gcc/arm-none-eabi/13.3.1/../../../../arm-none-eabi/lib/thumb/v7e-m+fp/hard\libstdc++_nano.a(del_ops.o) (operator delete(void*))
C:/ST/STM32CubeIDE_1.19.0/STM32CubeIDE/plugins/com.st.stm32cube.ide.mcu.externaltools.gnu-tools-for-stm32.13.3.rel1.win32_1.0.0.202411081344/tools/bin/../lib/gcc/arm-none-eabi/13.3.1/../../../../arm-none-eabi/lib/thumb/v7e-m+fp/hard\libc_nano.a(libc_a-exit.o)
                              C:/ST/STM32CubeIDE_1.19.0/STM32CubeIDE/plugins/com.st.stm32cube.ide.mcu.externaltools.gnu-tools-for-stm32.13.3.rel1.win32_1.0.0.202411081344/tools/bin/../lib/gcc/arm-none-eabi/13.3.1/../../../../arm-none-eabi/lib/thumb/v7e-m+fp/hard/crt0.o (exit)
C:/ST/STM32CubeIDE_1.19.0/STM32CubeIDE/plugins/com.st.stm32cube.ide.mcu.externaltools.gnu-tools-for-stm32.13.3.rel1.win32_1.0.0.202411081344/tools/bin/../lib/gcc/arm-none-eabi/13.3.1/../../../../arm-none-eabi/lib/thumb/v7e-m+fp/hard\libc_nano.a(libc_a-malloc.o)
                              C:/ST/STM32CubeIDE_1.19.0/STM32CubeIDE/plugins/com.st.stm32cube.ide.mcu.externaltools.gnu-tools-for-stm32.13.3.rel1.win32_1.0.0.202411081344/tools/bin/../lib/gcc/arm-none-eabi/13.3.1/../../../../arm-none-eabi/lib/thumb/v7e-m+fp/hard\libstdc++_nano.a(del_op.o) (free)
C:/ST/STM32CubeIDE_1.19.0/STM32CubeIDE/plugins/com.st.stm32cube.ide.mcu.externaltools.gnu-tools-for-stm32.13.3.rel1.win32_1.0.0.202411081344/tools/bin/../lib/gcc/arm-none-eabi/13.3.1/../../../../arm-none-eabi/lib/thumb/v7e-m+fp/hard\libc_nano.a(libc_a-mallocr.o)
                              C:/ST/STM32CubeIDE_1.19.0/STM32CubeIDE/plugins/com.st.stm32cube.ide.mcu.externaltools.gnu-tools-for-stm32.13.3.rel1.win32_1.0.0.202411081344/tools/bin/../lib/gcc/arm-none-eabi/13.3.1/../../../../arm-none-eabi/lib/thumb/v7e-m+fp/hard\libc_nano.a(libc_a-malloc.o) (_malloc_r)
C:/ST/STM32CubeIDE_1.19.0/STM32CubeIDE/plugins/com.st.stm32cube.ide.mcu.externaltools.gnu-tools-for-stm32.13.3.rel1.win32_1.0.0.202411081344/tools/bin/../lib/gcc/arm-none-eabi/13.3.1/../../../../arm-none-eabi/lib/thumb/v7e-m+fp/hard\libc_nano.a(libc_a-mlock.o)
                              C:/ST/STM32CubeIDE_1.19.0/STM32CubeIDE/plugins/com.st.stm32cube.ide.mcu.externaltools.gnu-tools-for-stm32.13.3.rel1.win32_1.0.0.202411081344/tools/bin/../lib/gcc/arm-none-eabi/13.3.1/../../../../arm-none-eabi/lib/thumb/v7e-m+fp/hard\libc_nano.a(libc_a-mallocr.o) (__malloc_lock)
C:/ST/STM32CubeIDE_1.19.0/STM32CubeIDE/plugins/com.st.stm32cube.ide.mcu.externaltools.gnu-tools-for-stm32.13.3.rel1.win32_1.0.0.202411081344/tools/bin/../lib/gcc/arm-none-eabi/13.3.1/../../../../arm-none-eabi/lib/thumb/v7e-m+fp/hard\libc_nano.a(libc_a-findfp.o)
                              ./Middlewares/Third_Party/FreeRTOS/Source/tasks.o (__sf)
C:/ST/STM32CubeIDE_1.19.0/STM32CubeIDE/plugins/com.st.stm32cube.ide.mcu.externaltools.gnu-tools-for-stm32.13.3.rel1.win32_1.0.0.202411081344/tools/bin/../lib/gcc/arm-none-eabi/13.3.1/../../../../arm-none-eabi/lib/thumb/v7e-m+fp/hard\libc_nano.a(libc_a-fwalk.o)
                              C:/ST/STM32CubeIDE_1.19.0/STM32CubeIDE/plugins/com.st.stm32cube.ide.mcu.externaltools.gnu-tools-for-stm32.13.3.rel1.win32_1.0.0.202411081344/tools/bin/../lib/gcc/arm-none-eabi/13.3.1/../../../../arm-none-eabi/lib/thumb/v7e-m+fp/hard\libc_nano.a(libc_a-findfp.o) (_fwalk_sglue)
C:/ST/STM32CubeIDE_1.19.0/STM32CubeIDE/plugins/com.st.stm32cube.ide.mcu.externaltools.gnu-tools-for-stm32.13.3.rel1.win32_1.0.0.202411081344/tools/bin/../lib/gcc/arm-none-eabi/13.3.1/../../../../arm-none-eabi/lib/thumb/v7e-m+fp/hard\libc_nano.a(libc_a-stdio.o)
                              C:/ST/STM32CubeIDE_1.19.0/STM32CubeIDE/plugins/com.st.stm32cube.ide.mcu.externaltools.gnu-tools-for-stm32.13.3.rel1.win32_1.0.0.202411081344/tools/bin/../lib/gcc/arm-none-eabi/13.3.1/../../../../arm-none-eabi/lib/thumb/v7e-m+fp/hard\libc_nano.a(libc_a-findfp.o) (__sread)
C:/ST/STM32CubeIDE_1.19.0/STM32CubeIDE/plugins/com.st.stm32cube.ide.mcu.externaltools.gnu-tools-for-stm32.13.3.rel1.win32_1.0.0.202411081344/tools/bin/../lib/gcc/arm-none-eabi/13.3.1/../../../../arm-none-eabi/lib/thumb/v7e-m+fp/hard\libc_nano.a(libc_a-memset.o)
[...]
Memory Configuration

Name             Origin             Length             Attributes
RAM              0x20000000         0x00008000         xrw
FLASH            0x08000000         0x00020000         xr
*default*        0x00000000         0xffffffff

Linker script and memory map

LOAD C:/ST/STM32CubeIDE_1.19.0/STM32CubeIDE/plugins/com.st.stm32cube.ide.mcu.externaltools.gnu-tools-for-stm32.13.3.rel1.win32_1.0.0.202411081344/tools/bin/../lib/gcc/arm-none-eabi/13.3.1/thumb/v7e-m+fp/hard/crti.o
LOAD C:/ST/STM32CubeIDE_1.19.0/STM32CubeIDE/plugins/com.st.stm32cube.ide.mcu.externaltools.gnu-tools-for-stm32.13.3.rel1.win32_1.0.0.202411081344/tools/bin/../lib/gcc/arm-none-eabi/13.3.1/thumb/v7e-m+fp/hard/crtbegin.o
LOAD C:/ST/STM32CubeIDE_1.19.0/STM32CubeIDE/plugins/com.st.stm32cube.ide.mcu.externaltools.gnu-tools-for-stm32.13.3.rel1.win32_1.0.0.202411081344/tools/bin/../lib/gcc/arm-none-eabi/13.3.1/../../../../arm-none-eabi/lib/thumb/v7e-m+fp/hard/crt0.o
LOAD ./Core/Src/Powerbank/Converter.o
LOAD ./Core/Src/Powerbank/Statemachine.o
LOAD ./Core/Src/app_freertos.o
LOAD ./Core/Src/main.o
LOAD ./Core/Src/stm32g4xx_hal_msp.o
LOAD ./Core/Src/stm32g4xx_hal_timebase_tim.o
LOAD ./Core/Src/stm32g4xx_it.o
LOAD ./Core/Src/syscalls.o
LOAD ./Core/Src/sysmem.o
LOAD ./Core/Src/system_stm32g4xx.o
LOAD ./Core/Startup/startup_stm32g431c8ux.o
LOAD ./Drivers/STM32G4xx_HAL_Driver/Src/stm32g4xx_hal.o
LOAD ./Drivers/STM32G4xx_HAL_Driver/Src/stm32g4xx_hal_adc.o
LOAD ./Drivers/STM32G4xx_HAL_Driver/Src/stm32g4xx_hal_adc_ex.o
LOAD ./Drivers/STM32G4xx_HAL_Driver/Src/stm32g4xx_hal_cortex.o
LOAD ./Drivers/STM32G4xx_HAL_Driver/Src/stm32g4xx_hal_dma.o
LOAD ./Drivers/STM32G4xx_HAL_Driver/Src/stm32g4xx_hal_dma_ex.o
LOAD ./Drivers/STM32G4xx_HAL_Driver/Src/stm32g4xx_hal_exti.o
LOAD ./Drivers/STM32G4xx_HAL_Driver/Src/stm32g4xx_hal_flash.o
LOAD ./Drivers/STM32G4xx_HAL_Driver/Src/stm32g4xx_hal_flash_ex.o
LOAD ./Drivers/STM32G4xx_HAL_Driver/Src/stm32g4xx_hal_flash_ramfunc.o
LOAD ./Drivers/STM32G4xx_HAL_Driver/Src/stm32g4xx_hal_gpio.o
LOAD ./Drivers/STM32G4xx_HAL_Driver/Src/stm32g4xx_hal_pcd.o
LOAD ./Drivers/STM32G4xx_HAL_Driver/Src/stm32g4xx_hal_pcd_ex.o
LOAD ./Drivers/STM32G4xx_HAL_Driver/Src/stm32g4xx_hal_pwr.o
LOAD ./Drivers/STM32G4xx_HAL_Driver/Src/stm32g4xx_hal_pwr_ex.o
LOAD ./Drivers/STM32G4xx_HAL_Driver/Src/stm32g4xx_hal_rcc.o
LOAD ./Drivers/STM32G4xx_HAL_Driver/Src/stm32g4xx_hal_rcc_ex.o
LOAD ./Drivers/STM32G4xx_HAL_Driver/Src/stm32g4xx_hal_spi.o
LOAD ./Drivers/STM32G4xx_HAL_Driver/Src/stm32g4xx_hal_spi_ex.o
LOAD ./Drivers/STM32G4xx_HAL_Driver/Src/stm32g4xx_hal_tim.o
LOAD ./Drivers/STM32G4xx_HAL_Driver/Src/stm32g4xx_hal_tim_ex.o
LOAD ./Drivers/STM32G4xx_HAL_Driver/Src/stm32g4xx_hal_uart.o
LOAD ./Drivers/STM32G4xx_HAL_Driver/Src/stm32g4xx_hal_uart_ex.o
LOAD ./Drivers/STM32G4xx_HAL_Driver/Src/stm32g4xx_ll_adc.o
LOAD ./Drivers/STM32G4xx_HAL_Driver/Src/stm32g4xx_ll_dma.o
LOAD ./Drivers/STM32G4xx_HAL_Driver/Src/stm32g4xx_ll_exti.o
LOAD ./Drivers/STM32G4xx_HAL_Driver/Src/stm32g4xx_ll_gpio.o
LOAD ./Drivers/STM32G4xx_HAL_Driver/Src/stm32g4xx_ll_ucpd.o
LOAD ./Drivers/STM32G4xx_HAL_Driver/Src/stm32g4xx_ll_usb.o
LOAD ./Drivers/STM32G4xx_HAL_Driver/Src/stm32g4xx_ll_utils.o
LOAD ./Middlewares/ST/STM32_USB_Device_Library/Class/CDC/Src/usbd_cdc.o
LOAD ./Middlewares/ST/STM32_USB_Device_Library/Core/Src/usbd_core.o
LOAD ./Middlewares/ST/STM32_USB_Device_Library/Core/Src/usbd_ctlreq.o
LOAD ./Middlewares/ST/STM32_USB_Device_Library/Core/Src/usbd_ioreq.o
LOAD ./Middlewares/Third_Party/FreeRTOS/Source/CMSIS_RTOS_V2/cmsis_os2.o
LOAD ./Middlewares/Third_Party/FreeRTOS/Source/croutine.o
LOAD ./Middlewares/Third_Party/FreeRTOS/Source/event_groups.o
LOAD ./Middlewares/Third_Party/FreeRTOS/Source/list.o
LOAD ./Middlewares/Third_Party/FreeRTOS/Source/queue.o
LOAD ./Middlewares/Third_Party/FreeRTOS/Source/stream_buffer.o
LOAD ./Middlewares/Third_Party/FreeRTOS/Source/tasks.o
LOAD ./Middlewares/Third_Party/FreeRTOS/Source/timers.o
LOAD ./Middlewares/Third_Party/FreeRTOS/Source/portable/GCC/ARM_CM4F/port.o
LOAD ./Middlewares/Third_Party/FreeRTOS/Source/portable/MemMang/heap_4.o
LOAD ./USB_Device/App/usb_device.o
LOAD ./USB_Device/App/usbd_cdc_if.o
LOAD ./USB_Device/App/usbd_desc.o
LOAD ./USB_Device/Target/usbd_conf.o
START GROUP
LOAD C:/ST/STM32CubeIDE_1.19.0/STM32CubeIDE/plugins/com.st.stm32cube.ide.mcu.externaltools.gnu-tools-for-stm32.13.3.rel1.win32_1.0.0.202411081344/tools/bin/../lib/gcc/arm-none-eabi/13.3.1/../../../../arm-none-eabi/lib/thumb/v7e-m+fp/hard\libstdc++_nano.a
LOAD C:/ST/STM32CubeIDE_1.19.0/STM32CubeIDE/plugins/com.st.stm32cube.ide.mcu.externaltools.gnu-tools-for-stm32.13.3.rel1.win32_1.0.0.202411081344/tools/bin/../lib/gcc/arm-none-eabi/13.3.1/../../../../arm-none-eabi/lib/thumb/v7e-m+fp/hard\libsupc++_nano.a
END GROUP
LOAD C:/ST/STM32CubeIDE_1.19.0/STM32CubeIDE/plugins/com.st.stm32cube.ide.mcu.externaltools.gnu-tools-for-stm32.13.3.rel1.win32_1.0.0.202411081344/tools/bin/../lib/gcc/arm-none-eabi/13.3.1/../../../../arm-none-eabi/lib/thumb/v7e-m+fp/hard\libstdc++_nano.a
LOAD C:/ST/STM32CubeIDE_1.19.0/STM32CubeIDE/plugins/com.st.stm32cube.ide.mcu.externaltools.gnu-tools-for-stm32.13.3.rel1.win32_1.0.0.202411081344/tools/bin/../lib/gcc/arm-none-eabi/13.3.1/../../../../arm-none-eabi/lib/thumb/v7e-m+fp/hard\libm.a
LOAD C:/ST/STM32CubeIDE_1.19.0/STM32CubeIDE/plugins/com.st.stm32cube.ide.mcu.externaltools.gnu-tools-for-stm32.13.3.rel1.win32_1.0.0.202411081344/tools/bin/../lib/gcc/arm-none-eabi/13.3.1/../../../../arm-none-eabi/lib/thumb/v7e-m+fp/hard\libc_nano.a
START GROUP
LOAD C:/ST/STM32CubeIDE_1.19.0/STM32CubeIDE/plugins/com.st.stm32cube.ide.mcu.externaltools.gnu-tools-for-stm32.13.3.rel1.win32_1.0.0.202411081344/tools/bin/../lib/gcc/arm-none-eabi/13.3.1/thumb/v7e-m+fp/hard\libgcc.a
LOAD C:/ST/STM32CubeIDE_1.19.0/STM32CubeIDE/plugins/com.st.stm32cube.ide.mcu.externaltools.gnu-tools-for-stm32.13.3.rel1.win32_1.0.0.202411081344/tools/bin/../lib/gcc/arm-none-eabi/13.3.1/../../../../arm-none-eabi/lib/thumb/v7e-m+fp/hard\libc_nano.a
END GROUP
START GROUP
LOAD C:/ST/STM32CubeIDE_1.19.0/STM32CubeIDE/plugins/com.st.stm32cube.ide.mcu.externaltools.gnu-tools-for-stm32.13.3.rel1.win32_1.0.0.202411081344/tools/bin/../lib/gcc/arm-none-eabi/13.3.1/thumb/v7e-m+fp/hard\libgcc.a
LOAD C:/ST/STM32CubeIDE_1.19.0/STM32CubeIDE/plugins/com.st.stm32cube.ide.mcu.externaltools.gnu-tools-for-stm32.13.3.rel1.win32_1.0.0.202411081344/tools/bin/../lib/gcc/arm-none-eabi/13.3.1/../../../../arm-none-eabi/lib/thumb/v7e-m+fp/hard\libc_nano.a
LOAD C:/ST/STM32CubeIDE_1.19.0/STM32CubeIDE/plugins/com.st.stm32cube.ide.mcu.externaltools.gnu-tools-for-stm32.13.3.rel1.win32_1.0.0.202411081344/tools/bin/../lib/gcc/arm-none-eabi/13.3.1/../../../../arm-none-eabi/lib/thumb/v7e-m+fp/hard\libnosys.a
END GROUP
START GROUP
LOAD C:/ST/STM32CubeIDE_1.19.0/STM32CubeIDE/plugins/com.st.stm32cube.ide.mcu.externaltools.gnu-tools-for-stm32.13.3.rel1.win32_1.0.0.202411081344/tools/bin/../lib/gcc/arm-none-eabi/13.3.1/thumb/v7e-m+fp/hard\libgcc.a
LOAD C:/ST/STM32CubeIDE_1.19.0/STM32CubeIDE/plugins/com.st.stm32cube.ide.mcu.externaltools.gnu-tools-for-stm32.13.3.rel1.win32_1.0.0.202411081344/tools/bin/../lib/gcc/arm-none-eabi/13.3.1/../../../../arm-none-eabi/lib/thumb/v7e-m+fp/hard\libc_nano.a
LOAD C:/ST/STM32CubeIDE_1.19.0/STM32CubeIDE/plugins/com.st.stm32cube.ide.mcu.externaltools.gnu-tools-for-stm32.13.3.rel1.win32_1.0.0.202411081344/tools/bin/../lib/gcc/arm-none-eabi/13.3.1/../../../../arm-none-eabi/lib/thumb/v7e-m+fp/hard\libnosys.a
END GROUP
LOAD C:/ST/STM32CubeIDE_1.19.0/STM32CubeIDE/plugins/com.st.stm32cube.ide.mcu.externaltools.gnu-tools-for-stm32.13.3.rel1.win32_1.0.0.202411081344/tools/bin/../lib/gcc/arm-none-eabi/13.3.1/thumb/v7e-m+fp/hard/crtend.o
LOAD C:/ST/STM32CubeIDE_1.19.0/STM32CubeIDE/plugins/com.st.stm32cube.ide.mcu.externaltools.gnu-tools-for-stm32.13.3.rel1.win32_1.0.0.202411081344/tools/bin/../lib/gcc/arm-none-eabi/13.3.1/thumb/v7e-m+fp/hard/crtn.o
                0x20008000                        _estack = (ORIGIN (RAM) + LENGTH (RAM))
                0x00000200                        _Min_Heap_Size = 0x200
                0x00000400                        _Min_Stack_Size = 0x400

.isr_vector     0x08000000      0x1d8
                0x08000000                        . = ALIGN (0x4)
 *(.isr_vector)
 .isr_vector    0x08000000      0x1d8 ./Core/Startup/startup_stm32g431c8ux.o
                0x08000000                g_pfnVectors
                0x080001d8                        . = ALIGN (0x4)

.text           0x080001e0    0x105c0
                0x080001e0                        . = ALIGN (0x4)
 *(.text)
 .text          0x080001e0       0x40 C:/ST/STM32CubeIDE_1.19.0/STM32CubeIDE/plugins/com.st.stm32cube.ide.mcu.externaltools.gnu-tools-for-stm32.13.3.rel1.win32_1.0.0.202411081344/tools/bin/../lib/gcc/arm-none-eabi/13.3.1/thumb/v7e-m+fp/hard/crtbegin.o
 .text          0x08000220      0x378 C:/ST/STM32CubeIDE_1.19.0/STM32CubeIDE/plugins/com.st.stm32cube.ide.mcu.externaltools.gnu-tools-for-stm32.13.3.rel1.win32_1.0.0.202411081344/tools/bin/../lib/gcc/arm-none-eabi/13.3.1/thumb/v7e-m+fp/hard\libgcc.a(_arm_addsubdf3.o)
                0x08000220                __aeabi_drsub
                0x08000228                __aeabi_dsub
                0x08000228                __subdf3
                0x0800022c                __aeabi_dadd
                0x0800022c                __adddf3
                0x080004a4                __floatunsidf
                0x080004a4                __aeabi_ui2d
                0x080004c4                __floatsidf
                0x080004c4                __aeabi_i2d
                0x080004e8                __aeabi_f2d
                0x080004e8                __extendsfdf2
                0x0800052c                __floatundidf
                0x0800052c                __aeabi_ul2d
                0x0800053c                __floatdidf
                0x0800053c                __aeabi_l2d
 .text          0x08000598      0x424 C:/ST/STM32CubeIDE_1.19.0/STM32CubeIDE/plugins/com.st.stm32cube.ide.mcu.externaltools.gnu-tools-for-stm32.13.3.rel1.win32_1.0.0.202411081344/tools/bin/../lib/gcc/arm-none-eabi/13.3.1/thumb/v7e-m+fp/hard\libgcc.a(_arm_muldivdf3.o)
                0x08000598                __aeabi_dmul
                0x08000598                __muldf3
                0x080007ec                __divdf3
                0x080007ec                __aeabi_ddiv
 .text          0x080009bc       0xa0 C:/ST/STM32CubeIDE_1.19.0/STM32CubeIDE/plugins/com.st.stm32cube.ide.mcu.externaltools.gnu-tools-for-stm32.13.3.rel1.win32_1.0.0.202411081344/tools/bin/../lib/gcc/arm-none-eabi/13.3.1/thumb/v7e-m+fp/hard\libgcc.a(_arm_truncdfsf2.o)
                0x080009bc                __truncdfsf2
                0x080009bc                __aeabi_d2f
 .text          0x08000a5c       0x30 C:/ST/STM32CubeIDE_1.19.0/STM32CubeIDE/plugins/com.st.stm32cube.ide.mcu.externaltools.gnu-tools-for-stm32.13.3.rel1.win32_1.0.0.202411081344/tools/bin/../lib/gcc/arm-none-eabi/13.3.1/thumb/v7e-m+fp/hard\libgcc.a(_aeabi_uldivmod.o)
                0x08000a5c                __aeabi_uldivmod
 .text          0x08000a8c      0x2f8 C:/ST/STM32CubeIDE_1.19.0/STM32CubeIDE/plugins/com.st.stm32cube.ide.mcu.externaltools.gnu-tools-for-stm32.13.3.rel1.win32_1.0.0.202411081344/tools/bin/../lib/gcc/arm-none-eabi/13.3.1/thumb/v7e-m+fp/hard\libgcc.a(_udivmoddi4.o)
                0x08000a8c                __udivmoddi4
 .text          0x08000d84        0x4 C:/ST/STM32CubeIDE_1.19.0/STM32CubeIDE/plugins/com.st.stm32cube.ide.mcu.externaltools.gnu-tools-for-stm32.13.3.rel1.win32_1.0.0.202411081344/tools/bin/../lib/gcc/arm-none-eabi/13.3.1/thumb/v7e-m+fp/hard\libgcc.a(_dvmd_tls.o)
                0x08000d84                __aeabi_idiv0
                0x08000d84                __aeabi_ldiv0
 *(.text*)
 .text._ZN9ConverterC2EP17ADC_HandleTypeDefP17TIM_HandleTypeDefS3_
                0x08000d88      0x138 ./Core/Src/Powerbank/Converter.o
                0x08000d88                Converter::Converter(ADC_HandleTypeDef*, TIM_HandleTypeDef*, TIM_HandleTypeDef*)
                0x08000d88                Converter::Converter(ADC_HandleTypeDef*, TIM_HandleTypeDef*, TIM_HandleTypeDef*)
 .text._ZN9ConverterD2Ev
                0x08000ec0       0x20 ./Core/Src/Powerbank/Converter.o
                0x08000ec0                Converter::~Converter()
                0x08000ec0                Converter::~Converter()
 .text._ZN9ConverterD0Ev
                0x08000ee0       0x20 ./Core/Src/Powerbank/Converter.o
                0x08000ee0                Converter::~Converter()
 .text._ZN9Converter4initEv
                0x08000f00       0x1c ./Core/Src/Powerbank/Converter.o
                0x08000f00                Converter::init()
 .text._ZN9Converter7initPwmEv
                0x08000f1c       0x58 ./Core/Src/Powerbank/Converter.o
                0x08000f1c                Converter::initPwm()
 .text._ZN9Converter7initAdcEv
                0x08000f74       0x2a ./Core/Src/Powerbank/Converter.o
                0x08000f74                Converter::initAdc()
 *fill*         0x08000f9e        0x2 
 .text._ZN9Converter15SetPwmDutyCycleEP17TIM_HandleTypeDefmf
                0x08000fa0       0xe8 ./Core/Src/Powerbank/Converter.o
                0x08000fa0                Converter::SetPwmDutyCycle(TIM_HandleTypeDef*, unsigned long, float)
 .text._ZN9Converter15setPwmFrequencyEP17TIM_HandleTypeDefmmmf
                0x08001088       0x7c ./Core/Src/Powerbank/Converter.o
                0x08001088                Converter::setPwmFrequency(TIM_HandleTypeDef*, unsigned long, unsigned long, unsigned long, float)
 *fill*         0x08001104        0x4 
 .text._ZN9Converter11adcCompleteEP17ADC_HandleTypeDef
                0x08001108      0x170 ./Core/Src/Powerbank/Converter.o
                0x08001108                Converter::adcComplete(ADC_HandleTypeDef*)
 .text._ZN9Converter16boostControlLoopEv
                0x08001278      0x12c ./Core/Src/Powerbank/Converter.o
                0x08001278                Converter::boostControlLoop()
 .text._ZN12StatemachineC2EP20__UART_HandleTypeDefP17ADC_HandleTypeDefP17TIM_HandleTypeDefS5_P19__SPI_HandleTypeDef
                0x080013a4       0x50 ./Core/Src/Powerbank/Statemachine.o
                0x080013a4                Statemachine::Statemachine(__UART_HandleTypeDef*, ADC_HandleTypeDef*, TIM_HandleTypeDef*, TIM_HandleTypeDef*, __SPI_HandleTypeDef*)
                0x080013a4                Statemachine::Statemachine(__UART_HandleTypeDef*, ADC_HandleTypeDef*, TIM_HandleTypeDef*, TIM_HandleTypeDef*, __SPI_HandleTypeDef*)
 .text._ZN12StatemachineD2Ev
                0x080013f4       0x28 ./Core/Src/Powerbank/Statemachine.o
                0x080013f4                Statemachine::~Statemachine()
                0x080013f4                Statemachine::~Statemachine()
 .text._ZN12StatemachineD0Ev
                0x0800141c       0x20 ./Core/Src/Powerbank/Statemachine.o
                0x0800141c                Statemachine::~Statemachine()
 .text._ZN12Statemachine4initEv
                0x0800143c       0x22 ./Core/Src/Powerbank/Statemachine.o
                0x0800143c                Statemachine::init()
 .text._ZN12Statemachine9iterationEv
                0x0800145e       0x2a ./Core/Src/Powerbank/Statemachine.o
                0x0800145e                Statemachine::iteration()
 .text._ZN12Statemachine8setStateE5State
                0x08001488       0x2a ./Core/Src/Powerbank/Statemachine.o
                0x08001488                Statemachine::setState(State)
 .text._ZN12Statemachine11adcCompleteEP17ADC_HandleTypeDef
                0x080014b2       0x1e ./Core/Src/Powerbank/Statemachine.o
                0x080014b2                Statemachine::adcComplete(ADC_HandleTypeDef*)
 .text.__NVIC_GetPriorityGrouping
                0x080014d0       0x1c ./Core/Src/main.o
 .text.__NVIC_EnableIRQ
                0x080014ec       0x3c ./Core/Src/main.o
 .text.__NVIC_SetPriority
                0x08001528       0x54 ./Core/Src/main.o
 .text.NVIC_EncodePriority
                0x0800157c       0x62 ./Core/Src/main.o
 *fill*         0x080015de        0x2 
 .text.LL_AHB2_GRP1_EnableClock
                0x080015e0       0x30 ./Core/Src/main.o
 .text.LL_APB1_GRP2_EnableClock
                0x08001610       0x30 ./Core/Src/main.o
 .text.LL_DMA_SetDataTransferDirection
                0x08001640       0x50 ./Core/Src/main.o
 .text.LL_DMA_SetMode
                0x08001690       0x4c ./Core/Src/main.o
 .text.LL_DMA_SetPeriphIncMode
                0x080016dc       0x4c ./Core/Src/main.o
 .text.LL_DMA_SetMemoryIncMode
                0x08001728       0x4c ./Core/Src/main.o
 .text.LL_DMA_SetPeriphSize
                0x08001774       0x4c ./Core/Src/main.o
 .text.LL_DMA_SetMemorySize
                0x080017c0       0x4c ./Core/Src/main.o
 .text.LL_DMA_SetChannelPriorityLevel
                0x0800180c       0x4c ./Core/Src/main.o
 .text.LL_DMA_SetPeriphRequest
                0x08001858       0x56 ./Core/Src/main.o
 *fill*         0x080018ae        0x2 
 .text.main     0x080018b0       0x54 ./Core/Src/main.o
                0x080018b0                main
 .text.SystemClock_Config
                0x08001904       0xb4 ./Core/Src/main.o
                0x08001904                SystemClock_Config
 .text._ZL12MX_ADC1_Initv
                0x080019b8      0x168 ./Core/Src/main.o
 .text._ZL12MX_SPI2_Initv
                0x08001b20       0x84 ./Core/Src/main.o
 .text._ZL12MX_TIM3_Initv
                0x08001ba4       0xb8 ./Core/Src/main.o
 .text._ZL12MX_TIM8_Initv
                0x08001c5c      0x170 ./Core/Src/main.o
 .text._ZL13MX_UART4_Initv
                0x08001dcc       0xc0 ./Core/Src/main.o
 .text._ZL13MX_UCPD1_Initv
                0x08001e8c      0x120 ./Core/Src/main.o
 .text._ZL11MX_DMA_Initv
                0x08001fac       0x94 ./Core/Src/main.o
 .text._ZL12MX_GPIO_Initv
                0x08002040       0xa0 ./Core/Src/main.o
 .text.HAL_ADC_ConvHalfCpltCallback
                0x080020e0       0x14 ./Core/Src/main.o
                0x080020e0                HAL_ADC_ConvHalfCpltCallback
 .text.HAL_ADC_ConvCpltCallback
                0x080020f4       0x1c ./Core/Src/main.o
                0x080020f4                HAL_ADC_ConvCpltCallback
 .text._Z16StartDefaultTaskPv
                0x08002110       0x28 ./Core/Src/main.o
                0x08002110                StartDefaultTask(void*)
 .text.HAL_TIM_PeriodElapsedCallback
                0x08002138       0x24 ./Core/Src/main.o
                0x08002138                HAL_TIM_PeriodElapsedCallback
 .text.Error_Handler
                0x0800215c        0xc ./Core/Src/main.o
                0x0800215c                Error_Handler
 .text._Z41__static_initialization_and_destruction_0v
                0x08002168       0x38 ./Core/Src/main.o
 .text._Z41__static_initialization_and_destruction_1v
                0x080021a0       0x14 ./Core/Src/main.o
 .text._GLOBAL__sub_I_hadc1
                0x080021b4        0xa ./Core/Src/main.o
 .text._GLOBAL__sub_D_hadc1
                0x080021be        0xa ./Core/Src/main.o
 .text.HAL_MspInit
                0x080021c8       0x50 ./Core/Src/stm32g4xx_hal_msp.o
                0x080021c8                HAL_MspInit
 .text.HAL_ADC_MspInit
                0x08002218      0x108 ./Core/Src/stm32g4xx_hal_msp.o
                0x08002218                HAL_ADC_MspInit
 .text.HAL_SPI_MspInit
                0x08002320       0x88 ./Core/Src/stm32g4xx_hal_msp.o
                0x08002320                HAL_SPI_MspInit
 .text.HAL_TIM_Base_MspInit
                0x080023a8       0x40 ./Core/Src/stm32g4xx_hal_msp.o
                0x080023a8                HAL_TIM_Base_MspInit
 .text.HAL_TIM_PWM_MspInit
                0x080023e8       0x40 ./Core/Src/stm32g4xx_hal_msp.o
                0x080023e8                HAL_TIM_PWM_MspInit
 .text.HAL_TIM_MspPostInit
                0x08002428       0xf0 ./Core/Src/stm32g4xx_hal_msp.o
                0x08002428                HAL_TIM_MspPostInit
 .text.HAL_UART_MspInit
                0x08002518       0xb4 ./Core/Src/stm32g4xx_hal_msp.o
                0x08002518                HAL_UART_MspInit
 .text.HAL_InitTick
                0x080025cc       0xd8 ./Core/Src/stm32g4xx_hal_timebase_tim.o
                0x080025cc                HAL_InitTick
 .text.NMI_Handler
                0x080026a4        0x8 ./Core/Src/stm32g4xx_it.o
                0x080026a4                NMI_Handler
 .text.HardFault_Handler
                0x080026ac       0x18 ./Core/Src/stm32g4xx_it.o
                0x080026ac                HardFault_Handler
 .text.MemManage_Handler
                0x080026c4        0x8 ./Core/Src/stm32g4xx_it.o
                0x080026c4                MemManage_Handler
 .text.BusFault_Handler
                0x080026cc        0x8 ./Core/Src/stm32g4xx_it.o
                0x080026cc                BusFault_Handler
 .text.UsageFault_Handler
                0x080026d4        0x8 ./Core/Src/stm32g4xx_it.o
                0x080026d4                UsageFault_Handler
 .text.DebugMon_Handler
                0x080026dc        0xe ./Core/Src/stm32g4xx_it.o
                0x080026dc                DebugMon_Handler
 .text.DMA1_Channel1_IRQHandler
                0x080026ea        0xe ./Core/Src/stm32g4xx_it.o
                0x080026ea                DMA1_Channel1_IRQHandler
 .text.DMA1_Channel2_IRQHandler
                0x080026f8        0xe ./Core/Src/stm32g4xx_it.o
                0x080026f8                DMA1_Channel2_IRQHandler
 *fill*         0x08002706        0x2 
 .text.DMA1_Channel3_IRQHandler
                0x08002708       0x14 ./Core/Src/stm32g4xx_it.o
                0x08002708                DMA1_Channel3_IRQHandler
 .text.USB_LP_IRQHandler
                0x0800271c       0x14 ./Core/Src/stm32g4xx_it.o
                0x0800271c                USB_LP_IRQHandler
 .text.TIM1_TRG_COM_TIM17_IRQHandler
                0x08002730       0x14 ./Core/Src/stm32g4xx_it.o
                0x08002730                TIM1_TRG_COM_TIM17_IRQHandler
 .text.UCPD1_IRQHandler
                0x08002744        0xe ./Core/Src/stm32g4xx_it.o
                0x08002744                UCPD1_IRQHandler
 *fill*         0x08002752        0x2 
 .text.SystemInit
                0x08002754       0x24 ./Core/Src/system_stm32g4xx.o
                0x08002754                SystemInit
 .text.Reset_Handler
                0x08002778       0x50 ./Core/Startup/startup_stm32g431c8ux.o
                0x08002778                Reset_Handler
 .text.Default_Handler
                0x080027c8        0x2 ./Core/Startup/startup_stm32g431c8ux.o
                0x080027c8                RTC_Alarm_IRQHandler
                0x080027c8                EXTI2_IRQHandler
                0x080027c8                TIM8_TRG_COM_IRQHandler
                0x080027c8                TIM8_CC_IRQHandler
                0x080027c8                TIM1_CC_IRQHandler
                0x080027c8                USB_HP_IRQHandler
                0x080027c8                CORDIC_IRQHandler
                0x080027c8                EXTI3_IRQHandler
                0x080027c8                I2C3_ER_IRQHandler
                0x080027c8                EXTI0_IRQHandler
                0x080027c8                I2C2_EV_IRQHandler
                0x080027c8                FPU_IRQHandler
                0x080027c8                FDCAN1_IT1_IRQHandler
                0x080027c8                TIM1_UP_TIM16_IRQHandler
                0x080027c8                ADC1_2_IRQHandler
                0x080027c8                SPI1_IRQHandler
                0x080027c8                TIM6_DAC_IRQHandler
                0x080027c8                TIM8_UP_IRQHandler
                0x080027c8                DMA2_Channel2_IRQHandler
                0x080027c8                DMA1_Channel4_IRQHandler
                0x080027c8                USART3_IRQHandler
                0x080027c8                TIM4_IRQHandler
                0x080027c8                DMA2_Channel1_IRQHandler
                0x080027c8                I2C1_EV_IRQHandler
                0x080027c8                DMA1_Channel6_IRQHandler
                0x080027c8                UART4_IRQHandler
                0x080027c8                DMA2_Channel4_IRQHandler
                0x080027c8                TIM3_IRQHandler
                0x080027c8                RCC_IRQHandler
                0x080027c8                Default_Handler
                0x080027c8                RTC_TAMP_LSECSS_IRQHandler
                0x080027c8                FMAC_IRQHandler
                0x080027c8                EXTI15_10_IRQHandler
                0x080027c8                TIM7_IRQHandler
                0x080027c8                I2C3_EV_IRQHandler
                0x080027c8                EXTI9_5_IRQHandler
                0x080027c8                RTC_WKUP_IRQHandler
                0x080027c8                PVD_PVM_IRQHandler
                0x080027c8                SPI2_IRQHandler
                0x080027c8                DMA2_Channel5_IRQHandler
                0x080027c8                CRS_IRQHandler
                0x080027c8                DMA1_Channel5_IRQHandler
                0x080027c8                EXTI4_IRQHandler
                0x080027c8                RNG_IRQHandler
                0x080027c8                WWDG_IRQHandler
                0x080027c8                LPUART1_IRQHandler
                0x080027c8                DMA2_Channel6_IRQHandler
                0x080027c8                FDCAN1_IT0_IRQHandler
                0x080027c8                TIM2_IRQHandler
                0x080027c8                COMP1_2_3_IRQHandler
                0x080027c8                EXTI1_IRQHandler
                0x080027c8                USART2_IRQHandler
                0x080027c8                I2C2_ER_IRQHandler
                0x080027c8                TIM8_BRK_IRQHandler
                0x080027c8                FLASH_IRQHandler
                0x080027c8                USART1_IRQHandler
                0x080027c8                SPI3_IRQHandler
                0x080027c8                I2C1_ER_IRQHandler
                0x080027c8                LPTIM1_IRQHandler
                0x080027c8                DMAMUX_OVR_IRQHandler
                0x080027c8                USBWakeUp_IRQHandler
                0x080027c8                SAI1_IRQHandler
                0x080027c8                DMA2_Channel3_IRQHandler
                0x080027c8                COMP4_IRQHandler
                0x080027c8                TIM1_BRK_TIM15_IRQHandler
 .text.HAL_Init
                0x080027ca       0x30 ./Drivers/STM32G4xx_HAL_Driver/Src/stm32g4xx_hal.o
                0x080027ca                HAL_Init
 *fill*         0x080027fa        0x2 
 .text.HAL_IncTick
                0x080027fc       0x24 ./Drivers/STM32G4xx_HAL_Driver/Src/stm32g4xx_hal.o
                0x080027fc                HAL_IncTick
 .text.HAL_GetTick
                0x08002820       0x18 ./Drivers/STM32G4xx_HAL_Driver/Src/stm32g4xx_hal.o
                0x08002820                HAL_GetTick
 .text.LL_ADC_SetCommonClock
                0x08002838       0x26 ./Drivers/STM32G4xx_HAL_Driver/Src/stm32g4xx_hal_adc.o
 .text.LL_ADC_SetCommonPathInternalCh
                0x0800285e       0x26 ./Drivers/STM32G4xx_HAL_Driver/Src/stm32g4xx_hal_adc.o
 .text.LL_ADC_GetCommonPathInternalCh
                0x08002884       0x1c ./Drivers/STM32G4xx_HAL_Driver/Src/stm32g4xx_hal_adc.o
 .text.LL_ADC_SetOffset
                0x080028a0       0x48 ./Drivers/STM32G4xx_HAL_Driver/Src/stm32g4xx_hal_adc.o
 .text.LL_ADC_GetOffsetChannel
                0x080028e8       0x2c ./Drivers/STM32G4xx_HAL_Driver/Src/stm32g4xx_hal_adc.o
 .text.LL_ADC_SetOffsetState
                0x08002914       0x36 ./Drivers/STM32G4xx_HAL_Driver/Src/stm32g4xx_hal_adc.o
 .text.LL_ADC_SetOffsetSign
                0x0800294a       0x36 ./Drivers/STM32G4xx_HAL_Driver/Src/stm32g4xx_hal_adc.o
 .text.LL_ADC_SetOffsetSaturation
                0x08002980       0x36 ./Drivers/STM32G4xx_HAL_Driver/Src/stm32g4xx_hal_adc.o
 .text.LL_ADC_SetSamplingTimeCommonConfig
                0x080029b6       0x26 ./Drivers/STM32G4xx_HAL_Driver/Src/stm32g4xx_hal_adc.o
 .text.LL_ADC_REG_IsTriggerSourceSWStart
                0x080029dc       0x26 ./Drivers/STM32G4xx_HAL_Driver/Src/stm32g4xx_hal_adc.o
 .text.LL_ADC_REG_SetSequencerRanks
                0x08002a02       0x58 ./Drivers/STM32G4xx_HAL_Driver/Src/stm32g4xx_hal_adc.o
 .text.LL_ADC_SetChannelSamplingTime
                0x08002a5a       0x56 ./Drivers/STM32G4xx_HAL_Driver/Src/stm32g4xx_hal_adc.o
 .text.LL_ADC_SetChannelSingleDiff
                0x08002ab0       0x48 ./Drivers/STM32G4xx_HAL_Driver/Src/stm32g4xx_hal_adc.o
 .text.LL_ADC_GetMultimode
                0x08002af8       0x1c ./Drivers/STM32G4xx_HAL_Driver/Src/stm32g4xx_hal_adc.o
 .text.LL_ADC_DisableDeepPowerDown
                0x08002b14       0x24 ./Drivers/STM32G4xx_HAL_Driver/Src/stm32g4xx_hal_adc.o
 .text.LL_ADC_IsDeepPowerDownEnabled
                0x08002b38       0x28 ./Drivers/STM32G4xx_HAL_Driver/Src/stm32g4xx_hal_adc.o
 .text.LL_ADC_EnableInternalRegulator
                0x08002b60       0x28 ./Drivers/STM32G4xx_HAL_Driver/Src/stm32g4xx_hal_adc.o
 .text.LL_ADC_IsInternalRegulatorEnabled
                0x08002b88       0x28 ./Drivers/STM32G4xx_HAL_Driver/Src/stm32g4xx_hal_adc.o
 .text.LL_ADC_Enable
                0x08002bb0       0x28 ./Drivers/STM32G4xx_HAL_Driver/Src/stm32g4xx_hal_adc.o
 .text.LL_ADC_IsEnabled
                0x08002bd8       0x26 ./Drivers/STM32G4xx_HAL_Driver/Src/stm32g4xx_hal_adc.o
 .text.LL_ADC_REG_StartConversion
                0x08002bfe       0x28 ./Drivers/STM32G4xx_HAL_Driver/Src/stm32g4xx_hal_adc.o
 .text.LL_ADC_REG_IsConversionOngoing
                0x08002c26       0x26 ./Drivers/STM32G4xx_HAL_Driver/Src/stm32g4xx_hal_adc.o
 .text.LL_ADC_INJ_IsConversionOngoing
                0x08002c4c       0x26 ./Drivers/STM32G4xx_HAL_Driver/Src/stm32g4xx_hal_adc.o
 *fill*         0x08002c72        0x2 
 .text.HAL_ADC_Init
                0x08002c74      0x308 ./Drivers/STM32G4xx_HAL_Driver/Src/stm32g4xx_hal_adc.o
                0x08002c74                HAL_ADC_Init
 .text.HAL_ADC_Start_DMA
                0x08002f7c      0x168 ./Drivers/STM32G4xx_HAL_Driver/Src/stm32g4xx_hal_adc.o
                0x08002f7c                HAL_ADC_Start_DMA
 .text.HAL_ADC_ErrorCallback
                0x080030e4       0x14 ./Drivers/STM32G4xx_HAL_Driver/Src/stm32g4xx_hal_adc.o
                0x080030e4                HAL_ADC_ErrorCallback
 .text.HAL_ADC_ConfigChannel
                0x080030f8      0x7e0 ./Drivers/STM32G4xx_HAL_Driver/Src/stm32g4xx_hal_adc.o
                0x080030f8                HAL_ADC_ConfigChannel
 .text.ADC_Enable
                0x080038d8      0x10c ./Drivers/STM32G4xx_HAL_Driver/Src/stm32g4xx_hal_adc.o
                0x080038d8                ADC_Enable
 .text.ADC_DMAConvCplt
                0x080039e4       0xd8 ./Drivers/STM32G4xx_HAL_Driver/Src/stm32g4xx_hal_adc.o
                0x080039e4                ADC_DMAConvCplt
 .text.ADC_DMAHalfConvCplt
                0x08003abc       0x1c ./Drivers/STM32G4xx_HAL_Driver/Src/stm32g4xx_hal_adc.o
                0x08003abc                ADC_DMAHalfConvCplt
 .text.ADC_DMAError
                0x08003ad8       0x34 ./Drivers/STM32G4xx_HAL_Driver/Src/stm32g4xx_hal_adc.o
                0x08003ad8                ADC_DMAError
 .text.LL_ADC_IsEnabled
                0x08003b0c       0x26 ./Drivers/STM32G4xx_HAL_Driver/Src/stm32g4xx_hal_adc_ex.o
 .text.LL_ADC_REG_IsConversionOngoing
                0x08003b32       0x26 ./Drivers/STM32G4xx_HAL_Driver/Src/stm32g4xx_hal_adc_ex.o
 .text.HAL_ADCEx_MultiModeConfigChannel
                0x08003b58      0x148 ./Drivers/STM32G4xx_HAL_Driver/Src/stm32g4xx_hal_adc_ex.o
                0x08003b58                HAL_ADCEx_MultiModeConfigChannel
 .text.__NVIC_SetPriorityGrouping
                0x08003ca0       0x48 ./Drivers/STM32G4xx_HAL_Driver/Src/stm32g4xx_hal_cortex.o
 .text.__NVIC_GetPriorityGrouping
                0x08003ce8       0x1c ./Drivers/STM32G4xx_HAL_Driver/Src/stm32g4xx_hal_cortex.o
 .text.__NVIC_EnableIRQ
                0x08003d04       0x3c ./Drivers/STM32G4xx_HAL_Driver/Src/stm32g4xx_hal_cortex.o
 .text.__NVIC_SetPriority
                0x08003d40       0x54 ./Drivers/STM32G4xx_HAL_Driver/Src/stm32g4xx_hal_cortex.o
 .text.NVIC_EncodePriority
                0x08003d94       0x66 ./Drivers/STM32G4xx_HAL_Driver/Src/stm32g4xx_hal_cortex.o
 .text.HAL_NVIC_SetPriorityGrouping
                0x08003dfa       0x16 ./Drivers/STM32G4xx_HAL_Driver/Src/stm32g4xx_hal_cortex.o
                0x08003dfa                HAL_NVIC_SetPriorityGrouping
 .text.HAL_NVIC_SetPriority
                0x08003e10       0x34 ./Drivers/STM32G4xx_HAL_Driver/Src/stm32g4xx_hal_cortex.o
                0x08003e10                HAL_NVIC_SetPriority
 .text.HAL_NVIC_EnableIRQ
                0x08003e44       0x1c ./Drivers/STM32G4xx_HAL_Driver/Src/stm32g4xx_hal_cortex.o
                0x08003e44                HAL_NVIC_EnableIRQ
 .text.HAL_DMA_Init
                0x08003e60      0x150 ./Drivers/STM32G4xx_HAL_Driver/Src/stm32g4xx_hal_dma.o
                0x08003e60                HAL_DMA_Init
 .text.HAL_DMA_Start_IT
                0x08003fb0       0xf6 ./Drivers/STM32G4xx_HAL_Driver/Src/stm32g4xx_hal_dma.o
                0x08003fb0                HAL_DMA_Start_IT
 .text.HAL_DMA_IRQHandler
                0x080040a6      0x15e ./Drivers/STM32G4xx_HAL_Driver/Src/stm32g4xx_hal_dma.o
                0x080040a6                HAL_DMA_IRQHandler
 .text.DMA_SetConfig
                0x08004204       0x7c ./Drivers/STM32G4xx_HAL_Driver/Src/stm32g4xx_hal_dma.o
 .text.DMA_CalcDMAMUXChannelBaseAndMask
                0x08004280       0x7c ./Drivers/STM32G4xx_HAL_Driver/Src/stm32g4xx_hal_dma.o
 .text.DMA_CalcDMAMUXRequestGenBaseAndMask
                0x080042fc       0x48 ./Drivers/STM32G4xx_HAL_Driver/Src/stm32g4xx_hal_dma.o
 .text.HAL_GPIO_Init
                0x08004344      0x304 ./Drivers/STM32G4xx_HAL_Driver/Src/stm32g4xx_hal_gpio.o
                0x08004344                HAL_GPIO_Init
 .text.HAL_PCD_Init
                0x08004648      0x19c ./Drivers/STM32G4xx_HAL_Driver/Src/stm32g4xx_hal_pcd.o
                0x08004648                HAL_PCD_Init
 .text.HAL_PCD_Start
                0x080047e4       0x44 ./Drivers/STM32G4xx_HAL_Driver/Src/stm32g4xx_hal_pcd.o
                0x080047e4                HAL_PCD_Start
 .text.HAL_PCD_IRQHandler
                0x08004828      0x24e ./Drivers/STM32G4xx_HAL_Driver/Src/stm32g4xx_hal_pcd.o
                0x08004828                HAL_PCD_IRQHandler
 .text.HAL_PCD_SetAddress
                0x08004a76       0x48 ./Drivers/STM32G4xx_HAL_Driver/Src/stm32g4xx_hal_pcd.o
                0x08004a76                HAL_PCD_SetAddress
 .text.HAL_PCD_EP_Open
                0x08004abe       0xbe ./Drivers/STM32G4xx_HAL_Driver/Src/stm32g4xx_hal_pcd.o
                0x08004abe                HAL_PCD_EP_Open
 .text.HAL_PCD_EP_Close
                0x08004b7c       0x90 ./Drivers/STM32G4xx_HAL_Driver/Src/stm32g4xx_hal_pcd.o
                0x08004b7c                HAL_PCD_EP_Close
 .text.HAL_PCD_EP_Receive
                0x08004c0c       0x62 ./Drivers/STM32G4xx_HAL_Driver/Src/stm32g4xx_hal_pcd.o
                0x08004c0c                HAL_PCD_EP_Receive
 .text.HAL_PCD_EP_GetRxCount
                0x08004c6e       0x30 ./Drivers/STM32G4xx_HAL_Driver/Src/stm32g4xx_hal_pcd.o
                0x08004c6e                HAL_PCD_EP_GetRxCount
 .text.HAL_PCD_EP_Transmit
                0x08004c9e       0x6e ./Drivers/STM32G4xx_HAL_Driver/Src/stm32g4xx_hal_pcd.o
                0x08004c9e                HAL_PCD_EP_Transmit
 .text.HAL_PCD_EP_SetStall
                0x08004d0c       0xa4 ./Drivers/STM32G4xx_HAL_Driver/Src/stm32g4xx_hal_pcd.o
                0x08004d0c                HAL_PCD_EP_SetStall
 .text.HAL_PCD_EP_ClrStall
                0x08004db0       0xa8 ./Drivers/STM32G4xx_HAL_Driver/Src/stm32g4xx_hal_pcd.o
                0x08004db0                HAL_PCD_EP_ClrStall
 .text.PCD_EP_ISR_Handler
                0x08004e58      0x68e ./Drivers/STM32G4xx_HAL_Driver/Src/stm32g4xx_hal_pcd.o
 .text.HAL_PCD_EP_DB_Receive
                0x080054e6      0x212 ./Drivers/STM32G4xx_HAL_Driver/Src/stm32g4xx_hal_pcd.o
 .text.HAL_PCD_EP_DB_Transmit
                0x080056f8      0x878 ./Drivers/STM32G4xx_HAL_Driver/Src/stm32g4xx_hal_pcd.o
 .text.HAL_PCDEx_PMAConfig
                0x08005f70       0x86 ./Drivers/STM32G4xx_HAL_Driver/Src/stm32g4xx_hal_pcd_ex.o
                0x08005f70                HAL_PCDEx_PMAConfig
 .text.HAL_PCDEx_ActivateLPM
                0x08005ff6       0x54 ./Drivers/STM32G4xx_HAL_Driver/Src/stm32g4xx_hal_pcd_ex.o
                0x08005ff6                HAL_PCDEx_ActivateLPM
 *fill*         0x0800604a        0x2 
 .text.HAL_PWREx_ControlVoltageScaling
                0x0800604c      0x148 ./Drivers/STM32G4xx_HAL_Driver/Src/stm32g4xx_hal_pwr_ex.o
                0x0800604c                HAL_PWREx_ControlVoltageScaling
 .text.HAL_RCC_OscConfig
                0x08006194      0x624 ./Drivers/STM32G4xx_HAL_Driver/Src/stm32g4xx_hal_rcc.o
                0x08006194                HAL_RCC_OscConfig
 .text.HAL_RCC_ClockConfig
                0x080067b8      0x278 ./Drivers/STM32G4xx_HAL_Driver/Src/stm32g4xx_hal_rcc.o
                0x080067b8                HAL_RCC_ClockConfig
 .text.HAL_RCC_GetSysClockFreq
                0x08006a30       0xc4 ./Drivers/STM32G4xx_HAL_Driver/Src/stm32g4xx_hal_rcc.o
                0x08006a30                HAL_RCC_GetSysClockFreq
 .text.HAL_RCC_GetHCLKFreq
                0x08006af4       0x18 ./Drivers/STM32G4xx_HAL_Driver/Src/stm32g4xx_hal_rcc.o
                0x08006af4                HAL_RCC_GetHCLKFreq
 .text.HAL_RCC_GetPCLK1Freq
                0x08006b0c       0x2c ./Drivers/STM32G4xx_HAL_Driver/Src/stm32g4xx_hal_rcc.o
                0x08006b0c                HAL_RCC_GetPCLK1Freq
 .text.HAL_RCC_GetPCLK2Freq
                0x08006b38       0x2c ./Drivers/STM32G4xx_HAL_Driver/Src/stm32g4xx_hal_rcc.o
                0x08006b38                HAL_RCC_GetPCLK2Freq
 .text.HAL_RCC_GetClockConfig
                0x08006b64       0x64 ./Drivers/STM32G4xx_HAL_Driver/Src/stm32g4xx_hal_rcc.o
                0x08006b64                HAL_RCC_GetClockConfig
 .text.RCC_GetSysClockFreqFromPLLSource
                0x08006bc8       0x8c ./Drivers/STM32G4xx_HAL_Driver/Src/stm32g4xx_hal_rcc.o
 .text.HAL_RCCEx_PeriphCLKConfig
                0x08006c54      0x3e0 ./Drivers/STM32G4xx_HAL_Driver/Src/stm32g4xx_hal_rcc_ex.o
                0x08006c54                HAL_RCCEx_PeriphCLKConfig
 .text.HAL_SPI_Init
                0x08007034      0x156 ./Drivers/STM32G4xx_HAL_Driver/Src/stm32g4xx_hal_spi.o
                0x08007034                HAL_SPI_Init
 .text.HAL_TIM_Base_Init
                0x0800718a       0xae ./Drivers/STM32G4xx_HAL_Driver/Src/stm32g4xx_hal_tim.o
                0x0800718a                HAL_TIM_Base_Init
 .text.HAL_TIM_Base_Start
                0x08007238       0xc4 ./Drivers/STM32G4xx_HAL_Driver/Src/stm32g4xx_hal_tim.o
                0x08007238                HAL_TIM_Base_Start
 .text.HAL_TIM_Base_Start_IT
                0x080072fc       0xd4 ./Drivers/STM32G4xx_HAL_Driver/Src/stm32g4xx_hal_tim.o
                0x080072fc                HAL_TIM_Base_Start_IT
 .text.HAL_TIM_PWM_Init
                0x080073d0       0xae ./Drivers/STM32G4xx_HAL_Driver/Src/stm32g4xx_hal_tim.o
                0x080073d0                HAL_TIM_PWM_Init
 *fill*         0x0800747e        0x2 
 .text.HAL_TIM_PWM_Start
                0x08007480      0x200 ./Drivers/STM32G4xx_HAL_Driver/Src/stm32g4xx_hal_tim.o
                0x08007480                HAL_TIM_PWM_Start
 .text.HAL_TIM_IRQHandler
                0x08007680      0x29e ./Drivers/STM32G4xx_HAL_Driver/Src/stm32g4xx_hal_tim.o
                0x08007680                HAL_TIM_IRQHandler
 *fill*         0x0800791e        0x2 
 .text.HAL_TIM_PWM_ConfigChannel
                0x08007920      0x228 ./Drivers/STM32G4xx_HAL_Driver/Src/stm32g4xx_hal_tim.o
                0x08007920                HAL_TIM_PWM_ConfigChannel
 .text.HAL_TIM_ConfigClockSource
                0x08007b48      0x1f4 ./Drivers/STM32G4xx_HAL_Driver/Src/stm32g4xx_hal_tim.o
                0x08007b48                HAL_TIM_ConfigClockSource
 .text.HAL_TIM_OC_DelayElapsedCallback
                0x08007d3c       0x14 ./Drivers/STM32G4xx_HAL_Driver/Src/stm32g4xx_hal_tim.o
                0x08007d3c                HAL_TIM_OC_DelayElapsedCallback
 .text.HAL_TIM_IC_CaptureCallback
                0x08007d50       0x14 ./Drivers/STM32G4xx_HAL_Driver/Src/stm32g4xx_hal_tim.o
                0x08007d50                HAL_TIM_IC_CaptureCallback
 .text.HAL_TIM_PWM_PulseFinishedCallback
                0x08007d64       0x14 ./Drivers/STM32G4xx_HAL_Driver/Src/stm32g4xx_hal_tim.o
                0x08007d64                HAL_TIM_PWM_PulseFinishedCallback
 .text.HAL_TIM_TriggerCallback
                0x08007d78       0x14 ./Drivers/STM32G4xx_HAL_Driver/Src/stm32g4xx_hal_tim.o
                0x08007d78                HAL_TIM_TriggerCallback
 .text.TIM_Base_SetConfig
                0x08007d8c      0x138 ./Drivers/STM32G4xx_HAL_Driver/Src/stm32g4xx_hal_tim.o
                0x08007d8c                TIM_Base_SetConfig
 .text.TIM_OC1_SetConfig
                0x08007ec4      0x120 ./Drivers/STM32G4xx_HAL_Driver/Src/stm32g4xx_hal_tim.o
 .text.TIM_OC2_SetConfig
                0x08007fe4      0x114 ./Drivers/STM32G4xx_HAL_Driver/Src/stm32g4xx_hal_tim.o
                0x08007fe4                TIM_OC2_SetConfig
 .text.TIM_OC3_SetConfig
                0x080080f8      0x110 ./Drivers/STM32G4xx_HAL_Driver/Src/stm32g4xx_hal_tim.o
 .text.TIM_OC4_SetConfig
                0x08008208      0x114 ./Drivers/STM32G4xx_HAL_Driver/Src/stm32g4xx_hal_tim.o
 .text.TIM_OC5_SetConfig
                0x0800831c       0xc8 ./Drivers/STM32G4xx_HAL_Driver/Src/stm32g4xx_hal_tim.o
 .text.TIM_OC6_SetConfig
                0x080083e4       0xcc ./Drivers/STM32G4xx_HAL_Driver/Src/stm32g4xx_hal_tim.o
 .text.TIM_TI1_ConfigInputStage
                0x080084b0       0x5e ./Drivers/STM32G4xx_HAL_Driver/Src/stm32g4xx_hal_tim.o
 .text.TIM_TI2_ConfigInputStage
                0x0800850e       0x60 ./Drivers/STM32G4xx_HAL_Driver/Src/stm32g4xx_hal_tim.o
 .text.TIM_ITRx_SetConfig
                0x0800856e       0x3a ./Drivers/STM32G4xx_HAL_Driver/Src/stm32g4xx_hal_tim.o
 .text.TIM_ETR_SetConfig
                0x080085a8       0x40 ./Drivers/STM32G4xx_HAL_Driver/Src/stm32g4xx_hal_tim.o
                0x080085a8                TIM_ETR_SetConfig
 .text.TIM_CCxChannelCmd
                0x080085e8       0x4a ./Drivers/STM32G4xx_HAL_Driver/Src/stm32g4xx_hal_tim.o
                0x080085e8                TIM_CCxChannelCmd
 *fill*         0x08008632        0x2 
 .text.HAL_TIMEx_PWMN_Start
                0x08008634      0x168 ./Drivers/STM32G4xx_HAL_Driver/Src/stm32g4xx_hal_tim_ex.o
                0x08008634                HAL_TIMEx_PWMN_Start
 .text.HAL_TIMEx_MasterConfigSynchronization
                0x0800879c      0x104 ./Drivers/STM32G4xx_HAL_Driver/Src/stm32g4xx_hal_tim_ex.o
                0x0800879c                HAL_TIMEx_MasterConfigSynchronization
 .text.HAL_TIMEx_ConfigBreakDeadTime
                0x080088a0      0x118 ./Drivers/STM32G4xx_HAL_Driver/Src/stm32g4xx_hal_tim_ex.o
                0x080088a0                HAL_TIMEx_ConfigBreakDeadTime
 .text.HAL_TIMEx_CommutCallback
                0x080089b8       0x14 ./Drivers/STM32G4xx_HAL_Driver/Src/stm32g4xx_hal_tim_ex.o
                0x080089b8                HAL_TIMEx_CommutCallback
 .text.HAL_TIMEx_BreakCallback
                0x080089cc       0x14 ./Drivers/STM32G4xx_HAL_Driver/Src/stm32g4xx_hal_tim_ex.o
                0x080089cc                HAL_TIMEx_BreakCallback
 .text.HAL_TIMEx_Break2Callback
                0x080089e0       0x14 ./Drivers/STM32G4xx_HAL_Driver/Src/stm32g4xx_hal_tim_ex.o
                0x080089e0                HAL_TIMEx_Break2Callback
 .text.HAL_TIMEx_EncoderIndexCallback
                0x080089f4       0x14 ./Drivers/STM32G4xx_HAL_Driver/Src/stm32g4xx_hal_tim_ex.o
                0x080089f4                HAL_TIMEx_EncoderIndexCallback
 .text.HAL_TIMEx_DirectionChangeCallback
                0x08008a08       0x14 ./Drivers/STM32G4xx_HAL_Driver/Src/stm32g4xx_hal_tim_ex.o
                0x08008a08                HAL_TIMEx_DirectionChangeCallback
 .text.HAL_TIMEx_IndexErrorCallback
                0x08008a1c       0x14 ./Drivers/STM32G4xx_HAL_Driver/Src/stm32g4xx_hal_tim_ex.o
                0x08008a1c                HAL_TIMEx_IndexErrorCallback
 .text.HAL_TIMEx_TransitionErrorCallback
                0x08008a30       0x14 ./Drivers/STM32G4xx_HAL_Driver/Src/stm32g4xx_hal_tim_ex.o
                0x08008a30                HAL_TIMEx_TransitionErrorCallback
 .text.TIM_CCxNChannelCmd
                0x08008a44       0x4a ./Drivers/STM32G4xx_HAL_Driver/Src/stm32g4xx_hal_tim_ex.o
 .text.HAL_UART_Init
                0x08008a8e       0xa0 ./Drivers/STM32G4xx_HAL_Driver/Src/stm32g4xx_hal_uart.o
                0x08008a8e                HAL_UART_Init
 *fill*         0x08008b2e        0x2 
 .text.UART_SetConfig
                0x08008b30      0x598 ./Drivers/STM32G4xx_HAL_Driver/Src/stm32g4xx_hal_uart.o
                0x08008b30                UART_SetConfig
 .text.UART_AdvFeatureConfig
                0x080090c8      0x144 ./Drivers/STM32G4xx_HAL_Driver/Src/stm32g4xx_hal_uart.o
                0x080090c8                UART_AdvFeatureConfig
 .text.UART_CheckIdleState
                0x0800920c      0x154 ./Drivers/STM32G4xx_HAL_Driver/Src/stm32g4xx_hal_uart.o
                0x0800920c                UART_CheckIdleState
 .text.UART_WaitOnFlagUntilTimeout
                0x08009360       0xda ./Drivers/STM32G4xx_HAL_Driver/Src/stm32g4xx_hal_uart.o
                0x08009360                UART_WaitOnFlagUntilTimeout
 .text.UART_EndRxTransfer
                0x0800943a       0xcc ./Drivers/STM32G4xx_HAL_Driver/Src/stm32g4xx_hal_uart.o
 .text.HAL_UARTEx_DisableFifoMode
                0x08009506       0x72 ./Drivers/STM32G4xx_HAL_Driver/Src/stm32g4xx_hal_uart_ex.o
                0x08009506                HAL_UARTEx_DisableFifoMode
 .text.HAL_UARTEx_SetTxFifoThreshold
                0x08009578       0x7c ./Drivers/STM32G4xx_HAL_Driver/Src/stm32g4xx_hal_uart_ex.o
                0x08009578                HAL_UARTEx_SetTxFifoThreshold
 .text.HAL_UARTEx_SetRxFifoThreshold
                0x080095f4       0x7c ./Drivers/STM32G4xx_HAL_Driver/Src/stm32g4xx_hal_uart_ex.o
                0x080095f4                HAL_UARTEx_SetRxFifoThreshold
 .text.UARTEx_SetNbDataToProcess
                0x08009670       0x9c ./Drivers/STM32G4xx_HAL_Driver/Src/stm32g4xx_hal_uart_ex.o
 .text.LL_GPIO_SetPinMode
                0x0800970c       0x7a ./Drivers/STM32G4xx_HAL_Driver/Src/stm32g4xx_ll_gpio.o
 .text.LL_GPIO_SetPinOutputType
                0x08009786       0x30 ./Drivers/STM32G4xx_HAL_Driver/Src/stm32g4xx_ll_gpio.o
 .text.LL_GPIO_SetPinSpeed
                0x080097b6       0x7a ./Drivers/STM32G4xx_HAL_Driver/Src/stm32g4xx_ll_gpio.o
 .text.LL_GPIO_SetPinPull
                0x08009830       0x7a ./Drivers/STM32G4xx_HAL_Driver/Src/stm32g4xx_ll_gpio.o
 .text.LL_GPIO_SetAFPin_0_7
                0x080098aa       0x7a ./Drivers/STM32G4xx_HAL_Driver/Src/stm32g4xx_ll_gpio.o
 .text.LL_GPIO_SetAFPin_8_15
                0x08009924       0x7e ./Drivers/STM32G4xx_HAL_Driver/Src/stm32g4xx_ll_gpio.o
 .text.LL_GPIO_Init
                0x080099a2       0xdc ./Drivers/STM32G4xx_HAL_Driver/Src/stm32g4xx_ll_gpio.o
                0x080099a2                LL_GPIO_Init
 .text.USB_EnableGlobalInt
                0x08009a7e       0x2e ./Drivers/STM32G4xx_HAL_Driver/Src/stm32g4xx_ll_usb.o
                0x08009a7e                USB_EnableGlobalInt
 .text.USB_DisableGlobalInt
                0x08009aac       0x36 ./Drivers/STM32G4xx_HAL_Driver/Src/stm32g4xx_ll_usb.o
                0x08009aac                USB_DisableGlobalInt
 .text.USB_DevInit
                0x08009ae2       0x3c ./Drivers/STM32G4xx_HAL_Driver/Src/stm32g4xx_ll_usb.o
                0x08009ae2                USB_DevInit
 *fill*         0x08009b1e        0x2 
 .text.USB_ActivateEndpoint
                0x08009b20      0x9d0 ./Drivers/STM32G4xx_HAL_Driver/Src/stm32g4xx_ll_usb.o
                0x08009b20                USB_ActivateEndpoint
 .text.USB_DeactivateEndpoint
                0x0800a4f0      0x3da ./Drivers/STM32G4xx_HAL_Driver/Src/stm32g4xx_ll_usb.o
                0x0800a4f0                USB_DeactivateEndpoint
 .text.USB_EPStartXfer
                0x0800a8ca      0xb5e ./Drivers/STM32G4xx_HAL_Driver/Src/stm32g4xx_ll_usb.o
                0x0800a8ca                USB_EPStartXfer
 .text.USB_EPSetStall
                0x0800b428       0xa2 ./Drivers/STM32G4xx_HAL_Driver/Src/stm32g4xx_ll_usb.o
                0x0800b428                USB_EPSetStall
 .text.USB_EPClearStall
                0x0800b4ca      0x152 ./Drivers/STM32G4xx_HAL_Driver/Src/stm32g4xx_ll_usb.o
                0x0800b4ca                USB_EPClearStall
 .text.USB_SetDevAddress
                0x0800b61c       0x28 ./Drivers/STM32G4xx_HAL_Driver/Src/stm32g4xx_ll_usb.o
                0x0800b61c                USB_SetDevAddress
 .text.USB_DevConnect
                0x0800b644       0x2e ./Drivers/STM32G4xx_HAL_Driver/Src/stm32g4xx_ll_usb.o
                0x0800b644                USB_DevConnect
 .text.USB_ReadInterrupts
                0x0800b672       0x20 ./Drivers/STM32G4xx_HAL_Driver/Src/stm32g4xx_ll_usb.o
                0x0800b672                USB_ReadInterrupts
 .text.USB_WritePMA
                0x0800b692       0x86 ./Drivers/STM32G4xx_HAL_Driver/Src/stm32g4xx_ll_usb.o
                0x0800b692                USB_WritePMA
 .text.USB_ReadPMA
                0x0800b718       0x98 ./Drivers/STM32G4xx_HAL_Driver/Src/stm32g4xx_ll_usb.o
                0x0800b718                USB_ReadPMA
 .text.USBD_CDC_Init
                0x0800b7b0       0xfe ./Middlewares/ST/STM32_USB_Device_Library/Class/CDC/Src/usbd_cdc.o
 .text.USBD_CDC_DeInit
                0x0800b8ae       0x74 ./Middlewares/ST/STM32_USB_Device_Library/Class/CDC/Src/usbd_cdc.o
 *fill*         0x0800b922        0x2 
 .text.USBD_CDC_Setup
                0x0800b924      0x190 ./Middlewares/ST/STM32_USB_Device_Library/Class/CDC/Src/usbd_cdc.o
 .text.USBD_CDC_DataIn
                0x0800bab4       0xca ./Middlewares/ST/STM32_USB_Device_Library/Class/CDC/Src/usbd_cdc.o
 .text.USBD_CDC_DataOut
                0x0800bb7e       0x56 ./Middlewares/ST/STM32_USB_Device_Library/Class/CDC/Src/usbd_cdc.o
 .text.USBD_CDC_EP0_RxReady
                0x0800bbd4       0x58 ./Middlewares/ST/STM32_USB_Device_Library/Class/CDC/Src/usbd_cdc.o
 .text.USBD_CDC_GetFSCfgDesc
                0x0800bc2c       0x20 ./Middlewares/ST/STM32_USB_Device_Library/Class/CDC/Src/usbd_cdc.o
 .text.USBD_CDC_GetHSCfgDesc
                0x0800bc4c       0x20 ./Middlewares/ST/STM32_USB_Device_Library/Class/CDC/Src/usbd_cdc.o
 .text.USBD_CDC_GetOtherSpeedCfgDesc
                0x0800bc6c       0x20 ./Middlewares/ST/STM32_USB_Device_Library/Class/CDC/Src/usbd_cdc.o
 .text.USBD_CDC_GetDeviceQualifierDescriptor
                0x0800bc8c       0x20 ./Middlewares/ST/STM32_USB_Device_Library/Class/CDC/Src/usbd_cdc.o
                0x0800bc8c                USBD_CDC_GetDeviceQualifierDescriptor
 .text.USBD_CDC_RegisterInterface
                0x0800bcac       0x2a ./Middlewares/ST/STM32_USB_Device_Library/Class/CDC/Src/usbd_cdc.o
                0x0800bcac                USBD_CDC_RegisterInterface
 .text.USBD_CDC_SetTxBuffer
                0x0800bcd6       0x3c ./Middlewares/ST/STM32_USB_Device_Library/Class/CDC/Src/usbd_cdc.o
                0x0800bcd6                USBD_CDC_SetTxBuffer
 .text.USBD_CDC_SetRxBuffer
                0x0800bd12       0x32 ./Middlewares/ST/STM32_USB_Device_Library/Class/CDC/Src/usbd_cdc.o
                0x0800bd12                USBD_CDC_SetRxBuffer
 .text.USBD_CDC_ReceivePacket
                0x0800bd44       0x54 ./Middlewares/ST/STM32_USB_Device_Library/Class/CDC/Src/usbd_cdc.o
                0x0800bd44                USBD_CDC_ReceivePacket
 .text.USBD_Init
                0x0800bd98       0x60 ./Middlewares/ST/STM32_USB_Device_Library/Core/Src/usbd_core.o
                0x0800bd98                USBD_Init
 .text.USBD_RegisterClass
                0x0800bdf8       0x4e ./Middlewares/ST/STM32_USB_Device_Library/Core/Src/usbd_core.o
                0x0800bdf8                USBD_RegisterClass
 .text.USBD_Start
                0x0800be46       0x18 ./Middlewares/ST/STM32_USB_Device_Library/Core/Src/usbd_core.o
                0x0800be46                USBD_Start
 .text.USBD_RunTestMode
                0x0800be5e       0x16 ./Middlewares/ST/STM32_USB_Device_Library/Core/Src/usbd_core.o
                0x0800be5e                USBD_RunTestMode
 .text.USBD_SetClassConfig
                0x0800be74       0x38 ./Middlewares/ST/STM32_USB_Device_Library/Core/Src/usbd_core.o
                0x0800be74                USBD_SetClassConfig
 .text.USBD_ClrClassConfig
                0x0800beac       0x30 ./Middlewares/ST/STM32_USB_Device_Library/Core/Src/usbd_core.o
                0x0800beac                USBD_ClrClassConfig
 .text.USBD_LL_SetupStage
                0x0800bedc       0xaa ./Middlewares/ST/STM32_USB_Device_Library/Core/Src/usbd_core.o
                0x0800bedc                USBD_LL_SetupStage
 .text.USBD_LL_DataOutStage
                0x0800bf86       0xc6 ./Middlewares/ST/STM32_USB_Device_Library/Core/Src/usbd_core.o
                0x0800bf86                USBD_LL_DataOutStage
 .text.USBD_LL_DataInStage
                0x0800c04c      0x12c ./Middlewares/ST/STM32_USB_Device_Library/Core/Src/usbd_core.o
                0x0800c04c                USBD_LL_DataInStage
 .text.USBD_LL_Reset
                0x0800c178       0x9c ./Middlewares/ST/STM32_USB_Device_Library/Core/Src/usbd_core.o
                0x0800c178                USBD_LL_Reset
 .text.USBD_LL_SetSpeed
                0x0800c214       0x20 ./Middlewares/ST/STM32_USB_Device_Library/Core/Src/usbd_core.o
                0x0800c214                USBD_LL_SetSpeed
 .text.USBD_LL_Suspend
                0x0800c234       0x2c ./Middlewares/ST/STM32_USB_Device_Library/Core/Src/usbd_core.o
                0x0800c234                USBD_LL_Suspend
 .text.USBD_LL_Resume
                0x0800c260       0x30 ./Middlewares/ST/STM32_USB_Device_Library/Core/Src/usbd_core.o
                0x0800c260                USBD_LL_Resume
 .text.USBD_LL_SOF
                0x0800c290       0x44 ./Middlewares/ST/STM32_USB_Device_Library/Core/Src/usbd_core.o
                0x0800c290                USBD_LL_SOF
 .text.SWAPBYTE
                0x0800c2d4       0x3e ./Middlewares/ST/STM32_USB_Device_Library/Core/Src/usbd_ctlreq.o
 *fill*         0x0800c312        0x2 
 .text.USBD_StdDevReq
                0x0800c314       0xdc ./Middlewares/ST/STM32_USB_Device_Library/Core/Src/usbd_ctlreq.o
                0x0800c314                USBD_StdDevReq
 .text.USBD_StdItfReq
                0x0800c3f0       0x92 ./Middlewares/ST/STM32_USB_Device_Library/Core/Src/usbd_ctlreq.o
                0x0800c3f0                USBD_StdItfReq
 .text.USBD_StdEPReq
                0x0800c482      0x2c4 ./Middlewares/ST/STM32_USB_Device_Library/Core/Src/usbd_ctlreq.o
                0x0800c482                USBD_StdEPReq
 *fill*         0x0800c746        0x2 
 .text.USBD_GetDescriptor
                0x0800c748      0x328 ./Middlewares/ST/STM32_USB_Device_Library/Core/Src/usbd_ctlreq.o
 .text.USBD_SetAddress
                0x0800ca70       0x88 ./Middlewares/ST/STM32_USB_Device_Library/Core/Src/usbd_ctlreq.o
 .text.USBD_SetConfig
                0x0800caf8      0x14c ./Middlewares/ST/STM32_USB_Device_Library/Core/Src/usbd_ctlreq.o
 .text.USBD_GetConfig
                0x0800cc44       0x6c ./Middlewares/ST/STM32_USB_Device_Library/Core/Src/usbd_ctlreq.o
 .text.USBD_GetStatus
                0x0800ccb0       0x68 ./Middlewares/ST/STM32_USB_Device_Library/Core/Src/usbd_ctlreq.o
 .text.USBD_SetFeature
                0x0800cd18       0x28 ./Middlewares/ST/STM32_USB_Device_Library/Core/Src/usbd_ctlreq.o
 .text.USBD_ClrFeature
                0x0800cd40       0x44 ./Middlewares/ST/STM32_USB_Device_Library/Core/Src/usbd_ctlreq.o
 .text.USBD_ParseSetupRequest
                0x0800cd84       0x74 ./Middlewares/ST/STM32_USB_Device_Library/Core/Src/usbd_ctlreq.o
                0x0800cd84                USBD_ParseSetupRequest
 .text.USBD_CtlError
                0x0800cdf8       0x22 ./Middlewares/ST/STM32_USB_Device_Library/Core/Src/usbd_ctlreq.o
                0x0800cdf8                USBD_CtlError
 .text.USBD_GetString
                0x0800ce1a       0x8c ./Middlewares/ST/STM32_USB_Device_Library/Core/Src/usbd_ctlreq.o
                0x0800ce1a                USBD_GetString
 .text.USBD_GetLen
                0x0800cea6       0x34 ./Middlewares/ST/STM32_USB_Device_Library/Core/Src/usbd_ctlreq.o
 .text.USBD_CtlSendData
                0x0800ceda       0x36 ./Middlewares/ST/STM32_USB_Device_Library/Core/Src/usbd_ioreq.o
                0x0800ceda                USBD_CtlSendData
 .text.USBD_CtlContinueSendData
                0x0800cf10       0x22 ./Middlewares/ST/STM32_USB_Device_Library/Core/Src/usbd_ioreq.o
                0x0800cf10                USBD_CtlContinueSendData
 .text.USBD_CtlPrepareRx
                0x0800cf32       0x3a ./Middlewares/ST/STM32_USB_Device_Library/Core/Src/usbd_ioreq.o
                0x0800cf32                USBD_CtlPrepareRx
 .text.USBD_CtlContinueRx
                0x0800cf6c       0x22 ./Middlewares/ST/STM32_USB_Device_Library/Core/Src/usbd_ioreq.o
                0x0800cf6c                USBD_CtlContinueRx
 .text.USBD_CtlSendStatus
                0x0800cf8e       0x26 ./Middlewares/ST/STM32_USB_Device_Library/Core/Src/usbd_ioreq.o
                0x0800cf8e                USBD_CtlSendStatus
 .text.USBD_CtlReceiveStatus
                0x0800cfb4       0x26 ./Middlewares/ST/STM32_USB_Device_Library/Core/Src/usbd_ioreq.o
                0x0800cfb4                USBD_CtlReceiveStatus
 *fill*         0x0800cfda        0x2 
 .text.__NVIC_SetPriority
                0x0800cfdc       0x54 ./Middlewares/Third_Party/FreeRTOS/Source/CMSIS_RTOS_V2/cmsis_os2.o
 .text.SysTick_Handler
                0x0800d030       0x20 ./Middlewares/Third_Party/FreeRTOS/Source/CMSIS_RTOS_V2/cmsis_os2.o
                0x0800d030                SysTick_Handler
 .text.SVC_Setup
                0x0800d050       0x12 ./Middlewares/Third_Party/FreeRTOS/Source/CMSIS_RTOS_V2/cmsis_os2.o
 *fill*         0x0800d062        0x2 
 .text.osKernelInitialize
                0x0800d064       0x48 ./Middlewares/Third_Party/FreeRTOS/Source/CMSIS_RTOS_V2/cmsis_os2.o
                0x0800d064                osKernelInitialize
 .text.osKernelStart
                0x0800d0ac       0x4c ./Middlewares/Third_Party/FreeRTOS/Source/CMSIS_RTOS_V2/cmsis_os2.o
                0x0800d0ac                osKernelStart
 .text.osThreadNew
                0x0800d0f8      0x126 ./Middlewares/Third_Party/FreeRTOS/Source/CMSIS_RTOS_V2/cmsis_os2.o
                0x0800d0f8                osThreadNew
 .text.osDelay  0x0800d21e       0x36 ./Middlewares/Third_Party/FreeRTOS/Source/CMSIS_RTOS_V2/cmsis_os2.o
                0x0800d21e                osDelay
 .text.vApplicationGetIdleTaskMemory
                0x0800d254       0x34 ./Middlewares/Third_Party/FreeRTOS/Source/CMSIS_RTOS_V2/cmsis_os2.o
                0x0800d254                vApplicationGetIdleTaskMemory
 .text.vApplicationGetTimerTaskMemory
                0x0800d288       0x34 ./Middlewares/Third_Party/FreeRTOS/Source/CMSIS_RTOS_V2/cmsis_os2.o
                0x0800d288                vApplicationGetTimerTaskMemory
 .text.vListInitialise
                0x0800d2bc       0x40 ./Middlewares/Third_Party/FreeRTOS/Source/list.o
                0x0800d2bc                vListInitialise
 .text.vListInitialiseItem
                0x0800d2fc       0x1a ./Middlewares/Third_Party/FreeRTOS/Source/list.o
                0x0800d2fc                vListInitialiseItem
 .text.vListInsertEnd
                0x0800d316       0x48 ./Middlewares/Third_Party/FreeRTOS/Source/list.o
                0x0800d316                vListInsertEnd
 .text.vListInsert
                0x0800d35e       0x72 ./Middlewares/Third_Party/FreeRTOS/Source/list.o
                0x0800d35e                vListInsert
 .text.uxListRemove
                0x0800d3d0       0x54 ./Middlewares/Third_Party/FreeRTOS/Source/list.o
                0x0800d3d0                uxListRemove
 .text.xQueueGenericReset
                0x0800d424       0xd4 ./Middlewares/Third_Party/FreeRTOS/Source/queue.o
                0x0800d424                xQueueGenericReset
 .text.xQueueGenericCreateStatic
                0x0800d4f8       0xfa ./Middlewares/Third_Party/FreeRTOS/Source/queue.o
                0x0800d4f8                xQueueGenericCreateStatic
 .text.prvInitialiseNewQueue
                0x0800d5f2       0x46 ./Middlewares/Third_Party/FreeRTOS/Source/queue.o
 .text.xQueueGenericSend
                0x0800d638      0x204 ./Middlewares/Third_Party/FreeRTOS/Source/queue.o
                0x0800d638                xQueueGenericSend
 .text.xQueueGenericSendFromISR
                0x0800d83c      0x13c ./Middlewares/Third_Party/FreeRTOS/Source/queue.o
                0x0800d83c                xQueueGenericSendFromISR
 .text.xQueueReceive
                0x0800d978      0x1c4 ./Middlewares/Third_Party/FreeRTOS/Source/queue.o
                0x0800d978                xQueueReceive
 .text.prvCopyDataToQueue
                0x0800db3c       0xd4 ./Middlewares/Third_Party/FreeRTOS/Source/queue.o
 .text.prvCopyDataFromQueue
                0x0800dc10       0x4c ./Middlewares/Third_Party/FreeRTOS/Source/queue.o
 .text.prvUnlockQueue
                0x0800dc5c       0xa4 ./Middlewares/Third_Party/FreeRTOS/Source/queue.o
 .text.prvIsQueueEmpty
                0x0800dd00       0x2c ./Middlewares/Third_Party/FreeRTOS/Source/queue.o
 .text.prvIsQueueFull
                0x0800dd2c       0x30 ./Middlewares/Third_Party/FreeRTOS/Source/queue.o
 .text.vQueueAddToRegistry
                0x0800dd5c       0x54 ./Middlewares/Third_Party/FreeRTOS/Source/queue.o
                0x0800dd5c                vQueueAddToRegistry
 .text.vQueueWaitForMessageRestricted
                0x0800ddb0       0x68 ./Middlewares/Third_Party/FreeRTOS/Source/queue.o
                0x0800ddb0                vQueueWaitForMessageRestricted
 .text.xTaskCreateStatic
                0x0800de18       0xc0 ./Middlewares/Third_Party/FreeRTOS/Source/tasks.o
                0x0800de18                xTaskCreateStatic
 .text.xTaskCreate
                0x0800ded8       0x8a ./Middlewares/Third_Party/FreeRTOS/Source/tasks.o
                0x0800ded8                xTaskCreate
 *fill*         0x0800df62        0x2 
 .text.prvInitialiseNewTask
                0x0800df64      0x150 ./Middlewares/Third_Party/FreeRTOS/Source/tasks.o
 .text.prvAddNewTaskToReadyList
                0x0800e0b4       0xe0 ./Middlewares/Third_Party/FreeRTOS/Source/tasks.o
 .text.vTaskDelay
                0x0800e194       0x6c ./Middlewares/Third_Party/FreeRTOS/Source/tasks.o
                0x0800e194                vTaskDelay
 .text.vTaskStartScheduler
                0x0800e200       0xe0 ./Middlewares/Third_Party/FreeRTOS/Source/tasks.o
                0x0800e200                vTaskStartScheduler
 .text.vTaskSuspendAll
                0x0800e2e0       0x1c ./Middlewares/Third_Party/FreeRTOS/Source/tasks.o
                0x0800e2e0                vTaskSuspendAll
 .text.xTaskResumeAll
                0x0800e2fc      0x13c ./Middlewares/Third_Party/FreeRTOS/Source/tasks.o
                0x0800e2fc                xTaskResumeAll
 .text.xTaskGetTickCount
                0x0800e438       0x20 ./Middlewares/Third_Party/FreeRTOS/Source/tasks.o
                0x0800e438                xTaskGetTickCount
 .text.xTaskIncrementTick
                0x0800e458      0x174 ./Middlewares/Third_Party/FreeRTOS/Source/tasks.o
                0x0800e458                xTaskIncrementTick
 .text.vTaskSwitchContext
                0x0800e5cc       0xcc ./Middlewares/Third_Party/FreeRTOS/Source/tasks.o
                0x0800e5cc                vTaskSwitchContext
 .text.vTaskPlaceOnEventList
                0x0800e698       0x4c ./Middlewares/Third_Party/FreeRTOS/Source/tasks.o
                0x0800e698                vTaskPlaceOnEventList
 .text.vTaskPlaceOnEventListRestricted
                0x0800e6e4       0x58 ./Middlewares/Third_Party/FreeRTOS/Source/tasks.o
                0x0800e6e4                vTaskPlaceOnEventListRestricted
 .text.xTaskRemoveFromEventList
                0x0800e73c       0xc8 ./Middlewares/Third_Party/FreeRTOS/Source/tasks.o
                0x0800e73c                xTaskRemoveFromEventList
 .text.vTaskInternalSetTimeOutState
                0x0800e804       0x2c ./Middlewares/Third_Party/FreeRTOS/Source/tasks.o
                0x0800e804                vTaskInternalSetTimeOutState
 .text.xTaskCheckForTimeOut
                0x0800e830       0xc8 ./Middlewares/Third_Party/FreeRTOS/Source/tasks.o
                0x0800e830                xTaskCheckForTimeOut
 .text.vTaskMissedYield
                0x0800e8f8       0x18 ./Middlewares/Third_Party/FreeRTOS/Source/tasks.o
                0x0800e8f8                vTaskMissedYield
 .text.prvIdleTask
                0x0800e910       0x30 ./Middlewares/Third_Party/FreeRTOS/Source/tasks.o
 .text.prvInitialiseTaskLists
                0x0800e940       0x80 ./Middlewares/Third_Party/FreeRTOS/Source/tasks.o
 .text.prvCheckTasksWaitingTermination
                0x0800e9c0       0x5c ./Middlewares/Third_Party/FreeRTOS/Source/tasks.o
 .text.prvDeleteTCB
                0x0800ea1c       0x6a ./Middlewares/Third_Party/FreeRTOS/Source/tasks.o
 *fill*         0x0800ea86        0x2 
 .text.prvResetNextTaskUnblockTime
                0x0800ea88       0x40 ./Middlewares/Third_Party/FreeRTOS/Source/tasks.o
 .text.xTaskGetSchedulerState
                0x0800eac8       0x3c ./Middlewares/Third_Party/FreeRTOS/Source/tasks.o
                0x0800eac8                xTaskGetSchedulerState
 .text.xTaskPriorityDisinherit
                0x0800eb04       0xe0 ./Middlewares/Third_Party/FreeRTOS/Source/tasks.o
                0x0800eb04                xTaskPriorityDisinherit
 .text.prvAddCurrentTaskToDelayedList
                0x0800ebe4       0xa8 ./Middlewares/Third_Party/FreeRTOS/Source/tasks.o
 .text.xTimerCreateTimerTask
                0x0800ec8c       0x94 ./Middlewares/Third_Party/FreeRTOS/Source/timers.o
                0x0800ec8c                xTimerCreateTimerTask
 .text.xTimerGenericCommand
                0x0800ed20       0x9c ./Middlewares/Third_Party/FreeRTOS/Source/timers.o
                0x0800ed20                xTimerGenericCommand
 .text.prvProcessExpiredTimer
                0x0800edbc       0x9c ./Middlewares/Third_Party/FreeRTOS/Source/timers.o
 .text.prvTimerTask
                0x0800ee58       0x26 ./Middlewares/Third_Party/FreeRTOS/Source/timers.o
 *fill*         0x0800ee7e        0x2 
 .text.prvProcessTimerOrBlockTask
                0x0800ee80       0x9c ./Middlewares/Third_Party/FreeRTOS/Source/timers.o
 .text.prvGetNextExpireTime
                0x0800ef1c       0x48 ./Middlewares/Third_Party/FreeRTOS/Source/timers.o
 .text.prvSampleTimeNow
                0x0800ef64       0x40 ./Middlewares/Third_Party/FreeRTOS/Source/timers.o
 .text.prvInsertTimerInActiveList
                0x0800efa4       0x84 ./Middlewares/Third_Party/FreeRTOS/Source/timers.o
 .text.prvProcessReceivedCommands
                0x0800f028      0x1cc ./Middlewares/Third_Party/FreeRTOS/Source/timers.o
 .text.prvSwitchTimerLists
                0x0800f1f4       0xcc ./Middlewares/Third_Party/FreeRTOS/Source/timers.o
 .text.prvCheckForValidListAndQueue
                0x0800f2c0       0x80 ./Middlewares/Third_Party/FreeRTOS/Source/timers.o
 .text.pxPortInitialiseStack
                0x0800f340       0x68 ./Middlewares/Third_Party/FreeRTOS/Source/portable/GCC/ARM_CM4F/port.o
                0x0800f340                pxPortInitialiseStack
 .text.prvTaskExitError
                0x0800f3a8       0x5c ./Middlewares/Third_Party/FreeRTOS/Source/portable/GCC/ARM_CM4F/port.o
 *fill*         0x0800f404        0xc 
 .text.SVC_Handler
                0x0800f410       0x28 ./Middlewares/Third_Party/FreeRTOS/Source/portable/GCC/ARM_CM4F/port.o
                0x0800f410                SVC_Handler
 .text.prvPortStartFirstTask
                0x0800f438       0x28 ./Middlewares/Third_Party/FreeRTOS/Source/portable/GCC/ARM_CM4F/port.o
 .text.xPortStartScheduler
                0x0800f460      0x148 ./Middlewares/Third_Party/FreeRTOS/Source/portable/GCC/ARM_CM4F/port.o
                0x0800f460                xPortStartScheduler
 .text.vPortEnterCritical
                0x0800f5a8       0x64 ./Middlewares/Third_Party/FreeRTOS/Source/portable/GCC/ARM_CM4F/port.o
                0x0800f5a8                vPortEnterCritical
 .text.vPortExitCritical
                0x0800f60c       0x54 ./Middlewares/Third_Party/FreeRTOS/Source/portable/GCC/ARM_CM4F/port.o
                0x0800f60c                vPortExitCritical
 .text.PendSV_Handler
                0x0800f660       0x68 ./Middlewares/Third_Party/FreeRTOS/Source/portable/GCC/ARM_CM4F/port.o
                0x0800f660                PendSV_Handler
 .text.xPortSysTickHandler
                0x0800f6c8       0x44 ./Middlewares/Third_Party/FreeRTOS/Source/portable/GCC/ARM_CM4F/port.o
                0x0800f6c8                xPortSysTickHandler
 .text.vPortSetupTimerInterrupt
                0x0800f70c       0x48 ./Middlewares/Third_Party/FreeRTOS/Source/portable/GCC/ARM_CM4F/port.o
                0x0800f70c                vPortSetupTimerInterrupt
 .text.vPortEnableVFP
                0x0800f754       0x14 ./Middlewares/Third_Party/FreeRTOS/Source/portable/GCC/ARM_CM4F/port.o
 .text.vPortValidateInterruptPriority
                0x0800f768       0x84 ./Middlewares/Third_Party/FreeRTOS/Source/portable/GCC/ARM_CM4F/port.o
                0x0800f768                vPortValidateInterruptPriority
 .text.pvPortMalloc
                0x0800f7ec      0x19c ./Middlewares/Third_Party/FreeRTOS/Source/portable/MemMang/heap_4.o
                0x0800f7ec                pvPortMalloc
 .text.vPortFree
                0x0800f988       0xc8 ./Middlewares/Third_Party/FreeRTOS/Source/portable/MemMang/heap_4.o
                0x0800f988                vPortFree
 .text.prvHeapInit
                0x0800fa50       0xc4 ./Middlewares/Third_Party/FreeRTOS/Source/portable/MemMang/heap_4.o
 .text.prvInsertBlockIntoFreeList
                0x0800fb14       0xb4 ./Middlewares/Third_Party/FreeRTOS/Source/portable/MemMang/heap_4.o
 .text.MX_USB_Device_Init
                0x0800fbc8       0x60 ./USB_Device/App/usb_device.o
                0x0800fbc8                MX_USB_Device_Init
 .text.CDC_Init_FS
                0x0800fc28       0x28 ./USB_Device/App/usbd_cdc_if.o
 .text.CDC_DeInit_FS
                0x0800fc50       0x10 ./USB_Device/App/usbd_cdc_if.o
 .text.CDC_Control_FS
                0x0800fc60       0xbc ./USB_Device/App/usbd_cdc_if.o
 .text.CDC_Receive_FS
                0x0800fd1c       0x28 ./USB_Device/App/usbd_cdc_if.o
 .text.CDC_TransmitCplt_FS
                0x0800fd44       0x22 ./USB_Device/App/usbd_cdc_if.o
 *fill*         0x0800fd66        0x2 
 .text.USBD_CDC_DeviceDescriptor
                0x0800fd68       0x24 ./USB_Device/App/usbd_desc.o
                0x0800fd68                USBD_CDC_DeviceDescriptor
 .text.USBD_CDC_LangIDStrDescriptor
                0x0800fd8c       0x24 ./USB_Device/App/usbd_desc.o
                0x0800fd8c                USBD_CDC_LangIDStrDescriptor
 .text.USBD_CDC_ProductStrDescriptor
                0x0800fdb0       0x3c ./USB_Device/App/usbd_desc.o
                0x0800fdb0                USBD_CDC_ProductStrDescriptor
 .text.USBD_CDC_ManufacturerStrDescriptor
                0x0800fdec       0x28 ./USB_Device/App/usbd_desc.o
                0x0800fdec                USBD_CDC_ManufacturerStrDescriptor
 .text.USBD_CDC_SerialStrDescriptor
                0x0800fe14       0x24 ./USB_Device/App/usbd_desc.o
                0x0800fe14                USBD_CDC_SerialStrDescriptor
 .text.USBD_CDC_ConfigStrDescriptor
                0x0800fe38       0x3c ./USB_Device/App/usbd_desc.o
                0x0800fe38                USBD_CDC_ConfigStrDescriptor
 .text.USBD_CDC_InterfaceStrDescriptor
                0x0800fe74       0x3c ./USB_Device/App/usbd_desc.o
                0x0800fe74                USBD_CDC_InterfaceStrDescriptor
 .text.Get_SerialNum
                0x0800feb0       0x58 ./USB_Device/App/usbd_desc.o
 .text.IntToUnicode
                0x0800ff08       0x7e ./USB_Device/App/usbd_desc.o
 *fill*         0x0800ff86        0x2 
 .text.HAL_PCD_MspInit
                0x0800ff88       0x78 ./USB_Device/Target/usbd_conf.o
                0x0800ff88                HAL_PCD_MspInit
 .text.HAL_PCD_SetupStageCallback
                0x08010000       0x24 ./USB_Device/Target/usbd_conf.o
                0x08010000                HAL_PCD_SetupStageCallback
 .text.HAL_PCD_DataOutStageCallback
                0x08010024       0x36 ./USB_Device/Target/usbd_conf.o
                0x08010024                HAL_PCD_DataOutStageCallback
 .text.HAL_PCD_DataInStageCallback
                0x0801005a       0x34 ./USB_Device/Target/usbd_conf.o
                0x0801005a                HAL_PCD_DataInStageCallback
 .text.HAL_PCD_SOFCallback
                0x0801008e       0x1c ./USB_Device/Target/usbd_conf.o
                0x0801008e                HAL_PCD_SOFCallback
 .text.HAL_PCD_ResetCallback
                0x080100aa       0x3c ./USB_Device/Target/usbd_conf.o
                0x080100aa                HAL_PCD_ResetCallback
 *fill*         0x080100e6        0x2 
 .text.HAL_PCD_SuspendCallback
                0x080100e8       0x34 ./USB_Device/Target/usbd_conf.o
                0x080100e8                HAL_PCD_SuspendCallback
 .text.HAL_PCD_ResumeCallback
                0x0801011c       0x38 ./USB_Device/Target/usbd_conf.o
                0x0801011c                HAL_PCD_ResumeCallback
 .text.USBD_LL_Init
                0x08010154       0xc0 ./USB_Device/Target/usbd_conf.o
                0x08010154                USBD_LL_Init
 .text.USBD_LL_Start
                0x08010214       0x36 ./USB_Device/Target/usbd_conf.o
                0x08010214                USBD_LL_Start
 .text.USBD_LL_OpenEP
                0x0801024a       0x4c ./USB_Device/Target/usbd_conf.o
                0x0801024a                USBD_LL_OpenEP
 .text.USBD_LL_CloseEP
                0x08010296       0x3e ./USB_Device/Target/usbd_conf.o
                0x08010296                USBD_LL_CloseEP
 .text.USBD_LL_StallEP
                0x080102d4       0x3e ./USB_Device/Target/usbd_conf.o
                0x080102d4                USBD_LL_StallEP
 .text.USBD_LL_ClearStallEP
                0x08010312       0x3e ./USB_Device/Target/usbd_conf.o
                0x08010312                USBD_LL_ClearStallEP
 .text.USBD_LL_IsStallEP
                0x08010350       0x58 ./USB_Device/Target/usbd_conf.o
                0x08010350                USBD_LL_IsStallEP
 .text.USBD_LL_SetUSBAddress
                0x080103a8       0x3e ./USB_Device/Target/usbd_conf.o
                0x080103a8                USBD_LL_SetUSBAddress
 .text.USBD_LL_Transmit
                0x080103e6       0x42 ./USB_Device/Target/usbd_conf.o
                0x080103e6                USBD_LL_Transmit
 .text.USBD_LL_PrepareReceive
                0x08010428       0x42 ./USB_Device/Target/usbd_conf.o
                0x08010428                USBD_LL_PrepareReceive
 .text.USBD_LL_GetRxDataSize
                0x0801046a       0x26 ./USB_Device/Target/usbd_conf.o
                0x0801046a                USBD_LL_GetRxDataSize
 .text.HAL_PCDEx_LPM_Callback
                0x08010490       0x6c ./USB_Device/Target/usbd_conf.o
                0x08010490                HAL_PCDEx_LPM_Callback
 .text.USBD_static_malloc
                0x080104fc       0x1c ./USB_Device/Target/usbd_conf.o
                0x080104fc                USBD_static_malloc
 .text.USBD_static_free
                0x08010518       0x14 ./USB_Device/Target/usbd_conf.o
                0x08010518                USBD_static_free
 .text.SystemClockConfig_Resume
                0x0801052c        0xc ./USB_Device/Target/usbd_conf.o
 .text.USBD_Get_USB_Status
                0x08010538       0x58 ./USB_Device/Target/usbd_conf.o
 .text._ZdlPvj  0x08010590        0x4 C:/ST/STM32CubeIDE_1.19.0/STM32CubeIDE/plugins/com.st.stm32cube.ide.mcu.externaltools.gnu-tools-for-stm32.13.3.rel1.win32_1.0.0.202411081344/tools/bin/../lib/gcc/arm-none-eabi/13.3.1/../../../../arm-none-eabi/lib/thumb/v7e-m+fp/hard\libstdc++_nano.a(del_ops.o)
                0x08010590                operator delete(void*, unsigned int)
 .text._ZdlPv   0x08010594        0x4 C:/ST/STM32CubeIDE_1.19.0/STM32CubeIDE/plugins/com.st.stm32cube.ide.mcu.externaltools.gnu-tools-for-stm32.13.3.rel1.win32_1.0.0.202411081344/tools/bin/../lib/gcc/arm-none-eabi/13.3.1/../../../../arm-none-eabi/lib/thumb/v7e-m+fp/hard\libstdc++_nano.a(del_op.o)
                0x08010594                operator delete(void*)
 .text.free     0x08010598       0x10 C:/ST/STM32CubeIDE_1.19.0/STM32CubeIDE/plugins/com.st.stm32cube.ide.mcu.externaltools.gnu-tools-for-stm32.13.3.rel1.win32_1.0.0.202411081344/tools/bin/../lib/gcc/arm-none-eabi/13.3.1/../../../../arm-none-eabi/lib/thumb/v7e-m+fp/hard\libc_nano.a(libc_a-malloc.o)
                0x08010598                free
 .text.__malloc_lock
                0x080105a8        0xc C:/ST/STM32CubeIDE_1.19.0/STM32CubeIDE/plugins/com.st.stm32cube.ide.mcu.externaltools.gnu-tools-for-stm32.13.3.rel1.win32_1.0.0.202411081344/tools/bin/../lib/gcc/arm-none-eabi/13.3.1/../../../../arm-none-eabi/lib/thumb/v7e-m+fp/hard\libc_nano.a(libc_a-mlock.o)
                0x080105a8                __malloc_lock
 .text.__malloc_unlock
                0x080105b4        0xc C:/ST/STM32CubeIDE_1.19.0/STM32CubeIDE/plugins/com.st.stm32cube.ide.mcu.externaltools.gnu-tools-for-stm32.13.3.rel1.win32_1.0.0.202411081344/tools/bin/../lib/gcc/arm-none-eabi/13.3.1/../../../../arm-none-eabi/lib/thumb/v7e-m+fp/hard\libc_nano.a(libc_a-mlock.o)
                0x080105b4                __malloc_unlock
 .text.memset   0x080105c0       0x10 C:/ST/STM32CubeIDE_1.19.0/STM32CubeIDE/plugins/com.st.stm32cube.ide.mcu.externaltools.gnu-tools-for-stm32.13.3.rel1.win32_1.0.0.202411081344/tools/bin/../lib/gcc/arm-none-eabi/13.3.1/../../../../arm-none-eabi/lib/thumb/v7e-m+fp/hard\libc_nano.a(libc_a-memset.o)
                0x080105c0                memset
 .text._reclaim_reent
                0x080105d0       0xbc C:/ST/STM32CubeIDE_1.19.0/STM32CubeIDE/plugins/com.st.stm32cube.ide.mcu.externaltools.gnu-tools-for-stm32.13.3.rel1.win32_1.0.0.202411081344/tools/bin/../lib/gcc/arm-none-eabi/13.3.1/../../../../arm-none-eabi/lib/thumb/v7e-m+fp/hard\libc_nano.a(libc_a-reent.o)
                0x080105d0                _reclaim_reent
 .text.__libc_init_array
                0x0801068c       0x48 C:/ST/STM32CubeIDE_1.19.0/STM32CubeIDE/plugins/com.st.stm32cube.ide.mcu.externaltools.gnu-tools-for-stm32.13.3.rel1.win32_1.0.0.202411081344/tools/bin/../lib/gcc/arm-none-eabi/13.3.1/../../../../arm-none-eabi/lib/thumb/v7e-m+fp/hard\libc_nano.a(libc_a-init.o)
                0x0801068c                __libc_init_array
 .text.__retarget_lock_acquire_recursive
                0x080106d4        0x2 C:/ST/STM32CubeIDE_1.19.0/STM32CubeIDE/plugins/com.st.stm32cube.ide.mcu.externaltools.gnu-tools-for-stm32.13.3.rel1.win32_1.0.0.202411081344/tools/bin/../lib/gcc/arm-none-eabi/13.3.1/../../../../arm-none-eabi/lib/thumb/v7e-m+fp/hard\libc_nano.a(libc_a-lock.o)
                0x080106d4                __retarget_lock_acquire_recursive
 .text.__retarget_lock_release_recursive
                0x080106d6        0x2 C:/ST/STM32CubeIDE_1.19.0/STM32CubeIDE/plugins/com.st.stm32cube.ide.mcu.externaltools.gnu-tools-for-stm32.13.3.rel1.win32_1.0.0.202411081344/tools/bin/../lib/gcc/arm-none-eabi/13.3.1/../../../../arm-none-eabi/lib/thumb/v7e-m+fp/hard\libc_nano.a(libc_a-lock.o)
                0x080106d6                __retarget_lock_release_recursive
 .text.memcpy   0x080106d8       0x1c C:/ST/STM32CubeIDE_1.19.0/STM32CubeIDE/plugins/com.st.stm32cube.ide.mcu.externaltools.gnu-tools-for-stm32.13.3.rel1.win32_1.0.0.202411081344/tools/bin/../lib/gcc/arm-none-eabi/13.3.1/../../../../arm-none-eabi/lib/thumb/v7e-m+fp/hard\libc_nano.a(libc_a-memcpy-stub.o)
                0x080106d8                memcpy
 .text._free_r  0x080106f4       0x94 C:/ST/STM32CubeIDE_1.19.0/STM32CubeIDE/plugins/com.st.stm32cube.ide.mcu.externaltools.gnu-tools-for-stm32.13.3.rel1.win32_1.0.0.202411081344/tools/bin/../lib/gcc/arm-none-eabi/13.3.1/../../../../arm-none-eabi/lib/thumb/v7e-m+fp/hard\libc_nano.a(libc_a-freer.o)
                0x080106f4                _free_r
 *(.glue_7)
 .glue_7        0x08010788        0x0 linker stubs
 *(.glue_7t)
 .glue_7t       0x08010788        0x0 linker stubs
 *(.eh_frame)
 .eh_frame      0x08010788        0x0 C:/ST/STM32CubeIDE_1.19.0/STM32CubeIDE/plugins/com.st.stm32cube.ide.mcu.externaltools.gnu-tools-for-stm32.13.3.rel1.win32_1.0.0.202411081344/tools/bin/../lib/gcc/arm-none-eabi/13.3.1/thumb/v7e-m+fp/hard/crtbegin.o
 *(.init)
 .init          0x08010788        0x4 C:/ST/STM32CubeIDE_1.19.0/STM32CubeIDE/plugins/com.st.stm32cube.ide.mcu.externaltools.gnu-tools-for-stm32.13.3.rel1.win32_1.0.0.202411081344/tools/bin/../lib/gcc/arm-none-eabi/13.3.1/thumb/v7e-m+fp/hard/crti.o
                0x08010788                _init
 .init          0x0801078c        0x8 C:/ST/STM32CubeIDE_1.19.0/STM32CubeIDE/plugins/com.st.stm32cube.ide.mcu.externaltools.gnu-tools-for-stm32.13.3.rel1.win32_1.0.0.202411081344/tools/bin/../lib/gcc/arm-none-eabi/13.3.1/thumb/v7e-m+fp/hard/crtn.o
 *(.fini)
 .fini          0x08010794        0x4 C:/ST/STM32CubeIDE_1.19.0/STM32CubeIDE/plugins/com.st.stm32cube.ide.mcu.externaltools.gnu-tools-for-stm32.13.3.rel1.win32_1.0.0.202411081344/tools/bin/../lib/gcc/arm-none-eabi/13.3.1/thumb/v7e-m+fp/hard/crti.o
                0x08010794                _fini
 .fini          0x08010798        0x8 C:/ST/STM32CubeIDE_1.19.0/STM32CubeIDE/plugins/com.st.stm32cube.ide.mcu.externaltools.gnu-tools-for-stm32.13.3.rel1.win32_1.0.0.202411081344/tools/bin/../lib/gcc/arm-none-eabi/13.3.1/thumb/v7e-m+fp/hard/crtn.o
                0x080107a0                        . = ALIGN (0x4)
                0x080107a0                        _etext = .

.vfp11_veneer   0x080107a0        0x0
 .vfp11_veneer  0x080107a0        0x0 linker stubs

.v4_bx          0x080107a0        0x0
 .v4_bx         0x080107a0        0x0 linker stubs

.iplt           0x080107a0        0x0
 .iplt          0x080107a0        0x0 C:/ST/STM32CubeIDE_1.19.0/STM32CubeIDE/plugins/com.st.stm32cube.ide.mcu.externaltools.gnu-tools-for-stm32.13.3.rel1.win32_1.0.0.202411081344/tools/bin/../lib/gcc/arm-none-eabi/13.3.1/thumb/v7e-m+fp/hard/crtbegin.o

.rodata         0x080107a0       0xf8
                0x080107a0                        . = ALIGN (0x4)
 *(.rodata)
 .rodata        0x080107a0        0xc ./Core/Src/main.o
 .rodata        0x080107ac        0x5 ./Middlewares/Third_Party/FreeRTOS/Source/tasks.o
 *fill*         0x080107b1        0x3 
 .rodata        0x080107b4        0xd ./Middlewares/Third_Party/FreeRTOS/Source/timers.o
 *fill*         0x080107c1        0x3 
 .rodata        0x080107c4       0x46 ./USB_Device/App/usbd_desc.o
 *(.rodata*)
 *fill*         0x0801080a        0x2 
 .rodata._ZTV9Converter
                0x0801080c       0x10 ./Core/Src/Powerbank/Converter.o
                0x0801080c                vtable for Converter
 .rodata._ZTV12Statemachine
                0x0801081c       0x10 ./Core/Src/Powerbank/Statemachine.o
                0x0801081c                vtable for Statemachine
 .rodata._ZL18CHANNEL_OFFSET_TAB
                0x0801082c        0x6 ./Core/Src/main.o
 *fill*         0x08010832        0x2 
 .rodata._ZL22defaultTask_attributes
                0x08010834       0x24 ./Core/Src/main.o
 .rodata.AHBPrescTable
                0x08010858       0x10 ./Core/Src/system_stm32g4xx.o
                0x08010858                AHBPrescTable
 .rodata.APBPrescTable
                0x08010868        0x8 ./Core/Src/system_stm32g4xx.o
                0x08010868                APBPrescTable
 .rodata.UARTPrescTable
                0x08010870       0x18 ./Drivers/STM32G4xx_HAL_Driver/Src/stm32g4xx_hal_uart.o
                0x08010870                UARTPrescTable
 .rodata.numerator.1
                0x08010888        0x8 ./Drivers/STM32G4xx_HAL_Driver/Src/stm32g4xx_hal_uart_ex.o
 .rodata.denominator.0
                0x08010890        0x8 ./Drivers/STM32G4xx_HAL_Driver/Src/stm32g4xx_hal_uart_ex.o
                0x08010898                        . = ALIGN (0x4)

.ARM.extab      0x08010898        0x0
                0x08010898                        . = ALIGN (0x4)
 *(.ARM.extab* .gnu.linkonce.armextab.*)
                0x08010898                        . = ALIGN (0x4)

.ARM            0x08010898        0x8
                0x08010898                        . = ALIGN (0x4)
                0x08010898                        __exidx_start = .
 *(.ARM.exidx*)
 .ARM.exidx     0x08010898        0x8 C:/ST/STM32CubeIDE_1.19.0/STM32CubeIDE/plugins/com.st.stm32cube.ide.mcu.externaltools.gnu-tools-for-stm32.13.3.rel1.win32_1.0.0.202411081344/tools/bin/../lib/gcc/arm-none-eabi/13.3.1/thumb/v7e-m+fp/hard\libgcc.a(_udivmoddi4.o)
                0x080108a0                        __exidx_end = .
                0x080108a0                        . = ALIGN (0x4)

.preinit_array  0x080108a0        0x0
                0x080108a0                        . = ALIGN (0x4)
                0x080108a0                        PROVIDE (__preinit_array_start = .)
 *(.preinit_array*)
                0x080108a0                        PROVIDE (__preinit_array_end = .)
                0x080108a0                        . = ALIGN (0x4)

.init_array     0x080108a0        0x8
                0x080108a0                        . = ALIGN (0x4)
                0x080108a0                        PROVIDE (__init_array_start = .)
 *(SORT_BY_NAME(.init_array.*))
 *(.init_array*)
 .init_array    0x080108a0        0x4 C:/ST/STM32CubeIDE_1.19.0/STM32CubeIDE/plugins/com.st.stm32cube.ide.mcu.externaltools.gnu-tools-for-stm32.13.3.rel1.win32_1.0.0.202411081344/tools/bin/../lib/gcc/arm-none-eabi/13.3.1/thumb/v7e-m+fp/hard/crtbegin.o
 .init_array    0x080108a4        0x4 ./Core/Src/main.o
                0x080108a8                        PROVIDE (__init_array_end = .)
                0x080108a8                        . = ALIGN (0x4)

.fini_array     0x080108a8        0x8
                0x080108a8                        . = ALIGN (0x4)
                [!provide]                        PROVIDE (__fini_array_start = .)
 *(SORT_BY_NAME(.fini_array.*))
 *(.fini_array*)
 .fini_array    0x080108a8        0x4 C:/ST/STM32CubeIDE_1.19.0/STM32CubeIDE/plugins/com.st.stm32cube.ide.mcu.externaltools.gnu-tools-for-stm32.13.3.rel1.win32_1.0.0.202411081344/tools/bin/../lib/gcc/arm-none-eabi/13.3.1/thumb/v7e-m+fp/hard/crtbegin.o
 .fini_array    0x080108ac        0x4 ./Core/Src/main.o
                [!provide]                        PROVIDE (__fini_array_end = .)
                0x080108b0                        . = ALIGN (0x4)
                0x080108b0                        _sidata = LOADADDR (.data)

.rel.dyn        0x080108b0        0x0
 .rel.iplt      0x080108b0        0x0 C:/ST/STM32CubeIDE_1.19.0/STM32CubeIDE/plugins/com.st.stm32cube.ide.mcu.externaltools.gnu-tools-for-stm32.13.3.rel1.win32_1.0.0.202411081344/tools/bin/../lib/gcc/arm-none-eabi/13.3.1/thumb/v7e-m+fp/hard/crtbegin.o

.data           0x20000000      0x1d8 load address 0x080108b0
                0x20000000                        . = ALIGN (0x4)
                0x20000000                        _sdata = .
 *(.data)
 *(.data*)
 .data.SystemCoreClock
                0x20000000        0x4 ./Core/Src/system_stm32g4xx.o
                0x20000000                SystemCoreClock
 .data.uwTickPrio
                0x20000004        0x4 ./Drivers/STM32G4xx_HAL_Driver/Src/stm32g4xx_hal.o
                0x20000004                uwTickPrio
 .data.uwTickFreq
                0x20000008        0x4 ./Drivers/STM32G4xx_HAL_Driver/Src/stm32g4xx_hal.o
                0x20000008                uwTickFreq
 .data.USBD_CDC_DeviceQualifierDesc
                0x2000000c        0xa ./Middlewares/ST/STM32_USB_Device_Library/Class/CDC/Src/usbd_cdc.o
 *fill*         0x20000016        0x2 
 .data.USBD_CDC
                0x20000018       0x38 ./Middlewares/ST/STM32_USB_Device_Library/Class/CDC/Src/usbd_cdc.o
                0x20000018                USBD_CDC
 .data.USBD_CDC_CfgHSDesc
                0x20000050       0x43 ./Middlewares/ST/STM32_USB_Device_Library/Class/CDC/Src/usbd_cdc.o
 *fill*         0x20000093        0x1 
 .data.USBD_CDC_CfgFSDesc
                0x20000094       0x43 ./Middlewares/ST/STM32_USB_Device_Library/Class/CDC/Src/usbd_cdc.o
 *fill*         0x200000d7        0x1 
 .data.USBD_CDC_OtherSpeedCfgDesc
                0x200000d8       0x43 ./Middlewares/ST/STM32_USB_Device_Library/Class/CDC/Src/usbd_cdc.o
 *fill*         0x2000011b        0x1 
 .data.uxCriticalNesting
                0x2000011c        0x4 ./Middlewares/Third_Party/FreeRTOS/Source/portable/GCC/ARM_CM4F/port.o
 .data.USBD_Interface_fops_FS
                0x20000120       0x14 ./USB_Device/App/usbd_cdc_if.o
                0x20000120                USBD_Interface_fops_FS
 .data.CDC_Desc
                0x20000134       0x20 ./USB_Device/App/usbd_desc.o
                0x20000134                CDC_Desc
 .data.USBD_CDC_DeviceDesc
                0x20000154       0x12 ./USB_Device/App/usbd_desc.o
                0x20000154                USBD_CDC_DeviceDesc
 *fill*         0x20000166        0x2 
 .data.USBD_LangIDDesc
                0x20000168        0x4 ./USB_Device/App/usbd_desc.o
                0x20000168                USBD_LangIDDesc
 .data.USBD_StringSerial
                0x2000016c       0x1a ./USB_Device/App/usbd_desc.o
                0x2000016c                USBD_StringSerial
 *fill*         0x20000186        0x2 
 .data._impure_ptr
                0x20000188        0x4 C:/ST/STM32CubeIDE_1.19.0/STM32CubeIDE/plugins/com.st.stm32cube.ide.mcu.externaltools.gnu-tools-for-stm32.13.3.rel1.win32_1.0.0.202411081344/tools/bin/../lib/gcc/arm-none-eabi/13.3.1/../../../../arm-none-eabi/lib/thumb/v7e-m+fp/hard\libc_nano.a(libc_a-impure.o)
                0x20000188                _impure_ptr
 .data._impure_data
                0x2000018c       0x4c C:/ST/STM32CubeIDE_1.19.0/STM32CubeIDE/plugins/com.st.stm32cube.ide.mcu.externaltools.gnu-tools-for-stm32.13.3.rel1.win32_1.0.0.202411081344/tools/bin/../lib/gcc/arm-none-eabi/13.3.1/../../../../arm-none-eabi/lib/thumb/v7e-m+fp/hard\libc_nano.a(libc_a-impure.o)
                0x2000018c                _impure_data
 *(.RamFunc)
 *(.RamFunc*)
                0x200001d8                        . = ALIGN (0x4)
                0x200001d8                        _edata = .

.igot.plt       0x200001d8        0x0 load address 0x08010a88
 .igot.plt      0x200001d8        0x0 C:/ST/STM32CubeIDE_1.19.0/STM32CubeIDE/plugins/com.st.stm32cube.ide.mcu.externaltools.gnu-tools-for-stm32.13.3.rel1.win32_1.0.0.202411081344/tools/bin/../lib/gcc/arm-none-eabi/13.3.1/thumb/v7e-m+fp/hard/crtbegin.o
                0x200001d8                        . = ALIGN (0x4)

.bss            0x200001d8     0x55a4 load address 0x08010a88
                0x200001d8                        _sbss = .
                0x200001d8                        __bss_start__ = _sbss
 *(.bss)
 .bss           0x200001d8       0x1c C:/ST/STM32CubeIDE_1.19.0/STM32CubeIDE/plugins/com.st.stm32cube.ide.mcu.externaltools.gnu-tools-for-stm32.13.3.rel1.win32_1.0.0.202411081344/tools/bin/../lib/gcc/arm-none-eabi/13.3.1/thumb/v7e-m+fp/hard/crtbegin.o
 *(.bss*)
 .bss.hadc1     0x200001f4       0x6c ./Core/Src/main.o
                0x200001f4                hadc1
 .bss.hdma_adc1
                0x20000260       0x60 ./Core/Src/main.o
                0x20000260                hdma_adc1
 .bss.hspi2     0x200002c0       0x64 ./Core/Src/main.o
                0x200002c0                hspi2
 .bss.htim3     0x20000324       0x4c ./Core/Src/main.o
                0x20000324                htim3
 .bss.htim8     0x20000370       0x4c ./Core/Src/main.o
                0x20000370                htim8
 .bss.huart4    0x200003bc       0x94 ./Core/Src/main.o
                0x200003bc                huart4
 .bss.defaultTaskHandle
                0x20000450        0x4 ./Core/Src/main.o
                0x20000450                defaultTaskHandle
 .bss.statemachine
                0x20000454       0xa0 ./Core/Src/main.o
                0x20000454                statemachine
 .bss.htim17    0x200004f4       0x4c ./Core/Src/stm32g4xx_hal_timebase_tim.o
                0x200004f4                htim17
 .bss.uwTick    0x20000540        0x4 ./Drivers/STM32G4xx_HAL_Driver/Src/stm32g4xx_hal.o
                0x20000540                uwTick
 .bss.cfgidx.0  0x20000544        0x1 ./Middlewares/ST/STM32_USB_Device_Library/Core/Src/usbd_ctlreq.o
 *fill*         0x20000545        0x3 
 .bss.KernelState
                0x20000548        0x4 ./Middlewares/Third_Party/FreeRTOS/Source/CMSIS_RTOS_V2/cmsis_os2.o
 .bss.Idle_TCB.3
                0x2000054c       0xa8 ./Middlewares/Third_Party/FreeRTOS/Source/CMSIS_RTOS_V2/cmsis_os2.o
 .bss.Idle_Stack.2
                0x200005f4      0x800 ./Middlewares/Third_Party/FreeRTOS/Source/CMSIS_RTOS_V2/cmsis_os2.o
 .bss.Timer_TCB.1
                0x20000df4       0xa8 ./Middlewares/Third_Party/FreeRTOS/Source/CMSIS_RTOS_V2/cmsis_os2.o
 .bss.Timer_Stack.0
                0x20000e9c     0x1000 ./Middlewares/Third_Party/FreeRTOS/Source/CMSIS_RTOS_V2/cmsis_os2.o
 .bss.xQueueRegistry
                0x20001e9c       0x40 ./Middlewares/Third_Party/FreeRTOS/Source/queue.o
                0x20001e9c                xQueueRegistry
 .bss.pxCurrentTCB
                0x20001edc        0x4 ./Middlewares/Third_Party/FreeRTOS/Source/tasks.o