../Middlewares/ST/STM32_USBPD_Library/Devices/STM32G4XX/src/usbpd_cad_hw_if.c:1178:6:CAD_Check_HW_SNK	12	static
../Middlewares/ST/STM32_USBPD_Library/Devices/STM32G4XX/src/usbpd_cad_hw_if.c:1244:6:CAD_Check_HW_SRC	72	static
../Drivers/STM32G4xx_HAL_Driver/Inc/stm32g4xx_ll_gpio.h:496:22:LL_GPIO_SetPinPull.constprop	0	static,ignoring_inline_asm
../Drivers/STM32G4xx_HAL_Driver/Inc/stm32g4xx_ll_gpio.h:285:22:LL_GPIO_SetPinMode.constprop	0	static,ignoring_inline_asm
../Middlewares/ST/STM32_USBPD_Library/Devices/STM32G4XX/src/usbpd_cad_hw_if.c:841:10:CAD_StateMachine_DRP	40	static
../Middlewares/ST/STM32_USBPD_Library/Devices/STM32G4XX/src/usbpd_cad_hw_if.c:238:6:CAD_Init	56	static
../Middlewares/ST/STM32_USBPD_Library/Devices/STM32G4XX/src/usbpd_cad_hw_if.c:387:6:CAD_Enter_ErrorRecovery	8	static
../Middlewares/ST/STM32_USBPD_Library/Devices/STM32G4XX/src/usbpd_cad_hw_if.c:405:10:CAD_SRC_Set_ResistorRp	8	static
../Middlewares/ST/STM32_USBPD_Library/Devices/STM32G4XX/src/usbpd_cad_hw_if.c:418:10:CAD_Set_ResistorRp	0	static
../Middlewares/ST/STM32_USBPD_Library/Devices/STM32G4XX/src/usbpd_cad_hw_if.c:955:10:CAD_StateMachine	40	static,ignoring_inline_asm
