../Middlewares/ST/STM32_USBPD_Library/Devices/STM32G4XX/src/usbpd_phy_hw_if.c:47:6:USBPD_HW_IF_GlobalHwInit	8	static
../Middlewares/ST/STM32_USBPD_Library/Devices/STM32G4XX/src/usbpd_phy_hw_if.c:56:6:USBPD_HW_IF_StopBISTMode2	0	static
../Middlewares/ST/STM32_USBPD_Library/Devices/STM32G4XX/src/usbpd_phy_hw_if.c:66:21:USBPD_HW_IF_SendBuffer	20	static,ignoring_inline_asm
../Middlewares/ST/STM32_USBPD_Library/Devices/STM32G4XX/src/usbpd_phy_hw_if.c:143:6:USBPD_HW_IF_Send_BIST_Pattern	0	static
../Middlewares/ST/STM32_USBPD_Library/Devices/STM32G4XX/src/usbpd_phy_hw_if.c:155:6:USBPDM1_AssertRp	0	static
../Middlewares/ST/STM32_USBPD_Library/Devices/STM32G4XX/src/usbpd_phy_hw_if.c:192:6:USBPDM1_DeAssertRp	0	static
../Middlewares/ST/STM32_USBPD_Library/Devices/STM32G4XX/src/usbpd_phy_hw_if.c:203:6:USBPDM1_AssertRd	16	static
../Middlewares/ST/STM32_USBPD_Library/Devices/STM32G4XX/src/usbpd_phy_hw_if.c:237:6:USBPDM1_DeAssertRd	0	static
../Middlewares/ST/STM32_USBPD_Library/Devices/STM32G4XX/src/usbpd_phy_hw_if.c:248:6:USBPDM1_EnterErrorRecovery	0	static
../Middlewares/ST/STM32_USBPD_Library/Devices/STM32G4XX/src/usbpd_phy_hw_if.c:269:6:USBPDM1_Set_CC	0	static
../Middlewares/ST/STM32_USBPD_Library/Devices/STM32G4XX/src/usbpd_phy_hw_if.c:281:6:USBPDM1_RX_EnableInterrupt	0	static
../Middlewares/ST/STM32_USBPD_Library/Devices/STM32G4XX/src/usbpd_phy_hw_if.c:295:6:USBPD_HW_IF_EnableRX	0	static
../Middlewares/ST/STM32_USBPD_Library/Devices/STM32G4XX/src/usbpd_phy_hw_if.c:305:6:USBPD_HW_IF_DisableRX	0	static
../Middlewares/ST/STM32_USBPD_Library/Devices/STM32G4XX/src/usbpd_phy_hw_if.c:310:6:HW_SignalAttachement	24	static
../Middlewares/ST/STM32_USBPD_Library/Devices/STM32G4XX/src/usbpd_phy_hw_if.c:384:6:HW_SignalDetachment	24	static
../Middlewares/ST/STM32_USBPD_Library/Devices/STM32G4XX/src/usbpd_phy_hw_if.c:439:6:USBPD_HW_IF_SetResistor_SinkTxNG	0	static
../Middlewares/ST/STM32_USBPD_Library/Devices/STM32G4XX/src/usbpd_phy_hw_if.c:450:6:USBPD_HW_IF_SetResistor_SinkTxOK	0	static
../Middlewares/ST/STM32_USBPD_Library/Devices/STM32G4XX/src/usbpd_phy_hw_if.c:461:9:USBPD_HW_IF_IsResistor_SinkTxOk	0	static
../Middlewares/ST/STM32_USBPD_Library/Devices/STM32G4XX/src/usbpd_phy_hw_if.c:506:6:USBPD_HW_IF_FastRoleSwapSignalling	0	static
