Archive member included to satisfy reference by file (symbol)

../Middlewares/ST/STM32_USBPD_Library/Core/lib\USBPDCORE_PD3_FULL_CM4_wc32.a(usbpd_cad.o)
                              ./USBPD/Target/usbpd_dpm_user.o (USBPD_CAD_EnterErrorRecovery)
../Middlewares/ST/STM32_USBPD_Library/Core/lib\USBPDCORE_PD3_FULL_CM4_wc32.a(usbpd_pe.o)
                              ./USBPD/App/usbpd_dpm_core.o (USBPD_PE_Init)
../Middlewares/ST/STM32_USBPD_Library/Core/lib\USBPDCORE_PD3_FULL_CM4_wc32.a(usbpd_pe_lib.o)
                              ./USBPD/App/usbpd_dpm_core.o (USBPD_PE_CheckLIB)
../Middlewares/ST/STM32_USBPD_Library/Core/lib\USBPDCORE_PD3_FULL_CM4_wc32.a(usbpd_pe_msg.o)
                              ../Middlewares/ST/STM32_USBPD_Library/Core/lib\USBPDCORE_PD3_FULL_CM4_wc32.a(usbpd_pe.o) (PE_Send_CtrlMessage)
../Middlewares/ST/STM32_USBPD_Library/Core/lib\USBPDCORE_PD3_FULL_CM4_wc32.a(usbpd_pe_snk.o)
                              ../Middlewares/ST/STM32_USBPD_Library/Core/lib\USBPDCORE_PD3_FULL_CM4_wc32.a(usbpd_pe.o) (USBPD_PE_StateMachine_SNK)
../Middlewares/ST/STM32_USBPD_Library/Core/lib\USBPDCORE_PD3_FULL_CM4_wc32.a(usbpd_pe_src.o)
                              ../Middlewares/ST/STM32_USBPD_Library/Core/lib\USBPDCORE_PD3_FULL_CM4_wc32.a(usbpd_pe.o) (USBPD_PE_StateMachine_SRC)
../Middlewares/ST/STM32_USBPD_Library/Core/lib\USBPDCORE_PD3_FULL_CM4_wc32.a(usbpd_pe_vconn.o)
                              ../Middlewares/ST/STM32_USBPD_Library/Core/lib\USBPDCORE_PD3_FULL_CM4_wc32.a(usbpd_pe_snk.o) (PE_StateMachine_VDMCable)
../Middlewares/ST/STM32_USBPD_Library/Core/lib\USBPDCORE_PD3_FULL_CM4_wc32.a(usbpd_pe_vdm.o)
                              ../Middlewares/ST/STM32_USBPD_Library/Core/lib\USBPDCORE_PD3_FULL_CM4_wc32.a(usbpd_pe_msg.o) (PE_Check_DataMessageVDM)
../Middlewares/ST/STM32_USBPD_Library/Core/lib\USBPDCORE_PD3_FULL_CM4_wc32.a(usbpd_prl.o)
                              ../Middlewares/ST/STM32_USBPD_Library/Core/lib\USBPDCORE_PD3_FULL_CM4_wc32.a(usbpd_pe.o) (USBDPD_PRL_BistCarrierEyeMode)
C:/ST/STM32CubeIDE_1.18.1/STM32CubeIDE/plugins/com.st.stm32cube.ide.mcu.externaltools.gnu-tools-for-stm32.13.3.rel1.win32_1.0.0.202411081344/tools/bin/../lib/gcc/arm-none-eabi/13.3.1/../../../../arm-none-eabi/lib/thumb/v7e-m+fp/hard\libc_nano.a(libc_a-exit.o)
                              C:/ST/STM32CubeIDE_1.18.1/STM32CubeIDE/plugins/com.st.stm32cube.ide.mcu.externaltools.gnu-tools-for-stm32.13.3.rel1.win32_1.0.0.202411081344/tools/bin/../lib/gcc/arm-none-eabi/13.3.1/../../../../arm-none-eabi/lib/thumb/v7e-m+fp/hard/crt0.o (exit)
C:/ST/STM32CubeIDE_1.18.1/STM32CubeIDE/plugins/com.st.stm32cube.ide.mcu.externaltools.gnu-tools-for-stm32.13.3.rel1.win32_1.0.0.202411081344/tools/bin/../lib/gcc/arm-none-eabi/13.3.1/../../../../arm-none-eabi/lib/thumb/v7e-m+fp/hard\libc_nano.a(libc_a-malloc.o)
                              ../Middlewares/ST/STM32_USBPD_Library/Core/lib\USBPDCORE_PD3_FULL_CM4_wc32.a(usbpd_cad.o) (malloc)
C:/ST/STM32CubeIDE_1.18.1/STM32CubeIDE/plugins/com.st.stm32cube.ide.mcu.externaltools.gnu-tools-for-stm32.13.3.rel1.win32_1.0.0.202411081344/tools/bin/../lib/gcc/arm-none-eabi/13.3.1/../../../../arm-none-eabi/lib/thumb/v7e-m+fp/hard\libc_nano.a(libc_a-mallocr.o)
                              C:/ST/STM32CubeIDE_1.18.1/STM32CubeIDE/plugins/com.st.stm32cube.ide.mcu.externaltools.gnu-tools-for-stm32.13.3.rel1.win32_1.0.0.202411081344/tools/bin/../lib/gcc/arm-none-eabi/13.3.1/../../../../arm-none-eabi/lib/thumb/v7e-m+fp/hard\libc_nano.a(libc_a-malloc.o) (_malloc_r)
C:/ST/STM32CubeIDE_1.18.1/STM32CubeIDE/plugins/com.st.stm32cube.ide.mcu.externaltools.gnu-tools-for-stm32.13.3.rel1.win32_1.0.0.202411081344/tools/bin/../lib/gcc/arm-none-eabi/13.3.1/../../../../arm-none-eabi/lib/thumb/v7e-m+fp/hard\libc_nano.a(libc_a-mlock.o)
                              C:/ST/STM32CubeIDE_1.18.1/STM32CubeIDE/plugins/com.st.stm32cube.ide.mcu.externaltools.gnu-tools-for-stm32.13.3.rel1.win32_1.0.0.202411081344/tools/bin/../lib/gcc/arm-none-eabi/13.3.1/../../../../arm-none-eabi/lib/thumb/v7e-m+fp/hard\libc_nano.a(libc_a-mallocr.o) (__malloc_lock)
C:/ST/STM32CubeIDE_1.18.1/STM32CubeIDE/plugins/com.st.stm32cube.ide.mcu.externaltools.gnu-tools-for-stm32.13.3.rel1.win32_1.0.0.202411081344/tools/bin/../lib/gcc/arm-none-eabi/13.3.1/../../../../arm-none-eabi/lib/thumb/v7e-m+fp/hard\libc_nano.a(libc_a-findfp.o)
                              ./Middlewares/Third_Party/FreeRTOS/Source/tasks.o (__sf)
C:/ST/STM32CubeIDE_1.18.1/STM32CubeIDE/plugins/com.st.stm32cube.ide.mcu.externaltools.gnu-tools-for-stm32.13.3.rel1.win32_1.0.0.202411081344/tools/bin/../lib/gcc/arm-none-eabi/13.3.1/../../../../arm-none-eabi/lib/thumb/v7e-m+fp/hard\libc_nano.a(libc_a-fwalk.o)
[...]
Memory Configuration

Name             Origin             Length             Attributes
RAM              0x20000000         0x00008000         xrw
FLASH            0x08000000         0x00020000         xr
*default*        0x00000000         0xffffffff

Linker script and memory map

LOAD C:/ST/STM32CubeIDE_1.18.1/STM32CubeIDE/plugins/com.st.stm32cube.ide.mcu.externaltools.gnu-tools-for-stm32.13.3.rel1.win32_1.0.0.202411081344/tools/bin/../lib/gcc/arm-none-eabi/13.3.1/thumb/v7e-m+fp/hard/crti.o
LOAD C:/ST/STM32CubeIDE_1.18.1/STM32CubeIDE/plugins/com.st.stm32cube.ide.mcu.externaltools.gnu-tools-for-stm32.13.3.rel1.win32_1.0.0.202411081344/tools/bin/../lib/gcc/arm-none-eabi/13.3.1/thumb/v7e-m+fp/hard/crtbegin.o
LOAD C:/ST/STM32CubeIDE_1.18.1/STM32CubeIDE/plugins/com.st.stm32cube.ide.mcu.externaltools.gnu-tools-for-stm32.13.3.rel1.win32_1.0.0.202411081344/tools/bin/../lib/gcc/arm-none-eabi/13.3.1/../../../../arm-none-eabi/lib/thumb/v7e-m+fp/hard/crt0.o
LOAD ./Core/Src/app_freertos.o
LOAD ./Core/Src/main.o
LOAD ./Core/Src/stm32g4xx_hal_msp.o
LOAD ./Core/Src/stm32g4xx_hal_timebase_tim.o
LOAD ./Core/Src/stm32g4xx_it.o
LOAD ./Core/Src/syscalls.o
LOAD ./Core/Src/sysmem.o
LOAD ./Core/Src/system_stm32g4xx.o
LOAD ./Core/Startup/startup_stm32g431c8ux.o
LOAD ./Drivers/STM32G4xx_HAL_Driver/Src/stm32g4xx_hal.o
LOAD ./Drivers/STM32G4xx_HAL_Driver/Src/stm32g4xx_hal_adc.o
LOAD ./Drivers/STM32G4xx_HAL_Driver/Src/stm32g4xx_hal_adc_ex.o
LOAD ./Drivers/STM32G4xx_HAL_Driver/Src/stm32g4xx_hal_cortex.o
LOAD ./Drivers/STM32G4xx_HAL_Driver/Src/stm32g4xx_hal_dma.o
LOAD ./Drivers/STM32G4xx_HAL_Driver/Src/stm32g4xx_hal_dma_ex.o
LOAD ./Drivers/STM32G4xx_HAL_Driver/Src/stm32g4xx_hal_exti.o
LOAD ./Drivers/STM32G4xx_HAL_Driver/Src/stm32g4xx_hal_flash.o
LOAD ./Drivers/STM32G4xx_HAL_Driver/Src/stm32g4xx_hal_flash_ex.o
LOAD ./Drivers/STM32G4xx_HAL_Driver/Src/stm32g4xx_hal_flash_ramfunc.o
LOAD ./Drivers/STM32G4xx_HAL_Driver/Src/stm32g4xx_hal_gpio.o
LOAD ./Drivers/STM32G4xx_HAL_Driver/Src/stm32g4xx_hal_pwr.o
LOAD ./Drivers/STM32G4xx_HAL_Driver/Src/stm32g4xx_hal_pwr_ex.o
LOAD ./Drivers/STM32G4xx_HAL_Driver/Src/stm32g4xx_hal_rcc.o
LOAD ./Drivers/STM32G4xx_HAL_Driver/Src/stm32g4xx_hal_rcc_ex.o
LOAD ./Drivers/STM32G4xx_HAL_Driver/Src/stm32g4xx_hal_tim.o
LOAD ./Drivers/STM32G4xx_HAL_Driver/Src/stm32g4xx_hal_tim_ex.o
LOAD ./Drivers/STM32G4xx_HAL_Driver/Src/stm32g4xx_hal_uart.o
LOAD ./Drivers/STM32G4xx_HAL_Driver/Src/stm32g4xx_hal_uart_ex.o
LOAD ./Drivers/STM32G4xx_HAL_Driver/Src/stm32g4xx_ll_adc.o
LOAD ./Drivers/STM32G4xx_HAL_Driver/Src/stm32g4xx_ll_dma.o
LOAD ./Drivers/STM32G4xx_HAL_Driver/Src/stm32g4xx_ll_exti.o
LOAD ./Drivers/STM32G4xx_HAL_Driver/Src/stm32g4xx_ll_gpio.o
LOAD ./Drivers/STM32G4xx_HAL_Driver/Src/stm32g4xx_ll_tim.o
LOAD ./Drivers/STM32G4xx_HAL_Driver/Src/stm32g4xx_ll_ucpd.o
LOAD ./Drivers/STM32G4xx_HAL_Driver/Src/stm32g4xx_ll_utils.o
LOAD ./Middlewares/ST/STM32_USBPD_Library/Core/src/usbpd_trace.o
LOAD ./Middlewares/ST/STM32_USBPD_Library/Devices/STM32G4XX/src/usbpd_cad_hw_if.o
LOAD ./Middlewares/ST/STM32_USBPD_Library/Devices/STM32G4XX/src/usbpd_hw.o
LOAD ./Middlewares/ST/STM32_USBPD_Library/Devices/STM32G4XX/src/usbpd_hw_if_it.o
LOAD ./Middlewares/ST/STM32_USBPD_Library/Devices/STM32G4XX/src/usbpd_phy.o
LOAD ./Middlewares/ST/STM32_USBPD_Library/Devices/STM32G4XX/src/usbpd_phy_hw_if.o
LOAD ./Middlewares/ST/STM32_USBPD_Library/Devices/STM32G4XX/src/usbpd_pwr_hw_if.o
LOAD ./Middlewares/ST/STM32_USBPD_Library/Devices/STM32G4XX/src/usbpd_timersserver.o
LOAD ./Middlewares/Third_Party/FreeRTOS/Source/CMSIS_RTOS_V2/cmsis_os2.o
LOAD ./Middlewares/Third_Party/FreeRTOS/Source/croutine.o
LOAD ./Middlewares/Third_Party/FreeRTOS/Source/event_groups.o
LOAD ./Middlewares/Third_Party/FreeRTOS/Source/list.o
LOAD ./Middlewares/Third_Party/FreeRTOS/Source/queue.o
LOAD ./Middlewares/Third_Party/FreeRTOS/Source/stream_buffer.o
LOAD ./Middlewares/Third_Party/FreeRTOS/Source/tasks.o
LOAD ./Middlewares/Third_Party/FreeRTOS/Source/timers.o
LOAD ./Middlewares/Third_Party/FreeRTOS/Source/portable/GCC/ARM_CM4F/port.o
LOAD ./Middlewares/Third_Party/FreeRTOS/Source/portable/MemMang/heap_4.o
LOAD ./USBPD/App/usbpd.o
LOAD ./USBPD/App/usbpd_dpm_core.o
LOAD ./USBPD/App/usbpd_pwr_if.o
LOAD ./USBPD/Target/usbpd_dpm_user.o
LOAD ./USBPD/Target/usbpd_pwr_user.o
LOAD ./USBPD/Target/usbpd_vdm_user.o
LOAD ../Middlewares/ST/STM32_USBPD_Library/Core/lib\USBPDCORE_PD3_FULL_CM4_wc32.a
START GROUP
LOAD C:/ST/STM32CubeIDE_1.18.1/STM32CubeIDE/plugins/com.st.stm32cube.ide.mcu.externaltools.gnu-tools-for-stm32.13.3.rel1.win32_1.0.0.202411081344/tools/bin/../lib/gcc/arm-none-eabi/13.3.1/../../../../arm-none-eabi/lib/thumb/v7e-m+fp/hard\libstdc++_nano.a
LOAD C:/ST/STM32CubeIDE_1.18.1/STM32CubeIDE/plugins/com.st.stm32cube.ide.mcu.externaltools.gnu-tools-for-stm32.13.3.rel1.win32_1.0.0.202411081344/tools/bin/../lib/gcc/arm-none-eabi/13.3.1/../../../../arm-none-eabi/lib/thumb/v7e-m+fp/hard\libsupc++_nano.a
END GROUP
LOAD C:/ST/STM32CubeIDE_1.18.1/STM32CubeIDE/plugins/com.st.stm32cube.ide.mcu.externaltools.gnu-tools-for-stm32.13.3.rel1.win32_1.0.0.202411081344/tools/bin/../lib/gcc/arm-none-eabi/13.3.1/../../../../arm-none-eabi/lib/thumb/v7e-m+fp/hard\libstdc++_nano.a
LOAD C:/ST/STM32CubeIDE_1.18.1/STM32CubeIDE/plugins/com.st.stm32cube.ide.mcu.externaltools.gnu-tools-for-stm32.13.3.rel1.win32_1.0.0.202411081344/tools/bin/../lib/gcc/arm-none-eabi/13.3.1/../../../../arm-none-eabi/lib/thumb/v7e-m+fp/hard\libm.a
LOAD C:/ST/STM32CubeIDE_1.18.1/STM32CubeIDE/plugins/com.st.stm32cube.ide.mcu.externaltools.gnu-tools-for-stm32.13.3.rel1.win32_1.0.0.202411081344/tools/bin/../lib/gcc/arm-none-eabi/13.3.1/../../../../arm-none-eabi/lib/thumb/v7e-m+fp/hard\libc_nano.a
START GROUP
LOAD C:/ST/STM32CubeIDE_1.18.1/STM32CubeIDE/plugins/com.st.stm32cube.ide.mcu.externaltools.gnu-tools-for-stm32.13.3.rel1.win32_1.0.0.202411081344/tools/bin/../lib/gcc/arm-none-eabi/13.3.1/thumb/v7e-m+fp/hard\libgcc.a
LOAD C:/ST/STM32CubeIDE_1.18.1/STM32CubeIDE/plugins/com.st.stm32cube.ide.mcu.externaltools.gnu-tools-for-stm32.13.3.rel1.win32_1.0.0.202411081344/tools/bin/../lib/gcc/arm-none-eabi/13.3.1/../../../../arm-none-eabi/lib/thumb/v7e-m+fp/hard\libc_nano.a
END GROUP
START GROUP
LOAD C:/ST/STM32CubeIDE_1.18.1/STM32CubeIDE/plugins/com.st.stm32cube.ide.mcu.externaltools.gnu-tools-for-stm32.13.3.rel1.win32_1.0.0.202411081344/tools/bin/../lib/gcc/arm-none-eabi/13.3.1/thumb/v7e-m+fp/hard\libgcc.a
LOAD C:/ST/STM32CubeIDE_1.18.1/STM32CubeIDE/plugins/com.st.stm32cube.ide.mcu.externaltools.gnu-tools-for-stm32.13.3.rel1.win32_1.0.0.202411081344/tools/bin/../lib/gcc/arm-none-eabi/13.3.1/../../../../arm-none-eabi/lib/thumb/v7e-m+fp/hard\libc_nano.a
LOAD C:/ST/STM32CubeIDE_1.18.1/STM32CubeIDE/plugins/com.st.stm32cube.ide.mcu.externaltools.gnu-tools-for-stm32.13.3.rel1.win32_1.0.0.202411081344/tools/bin/../lib/gcc/arm-none-eabi/13.3.1/../../../../arm-none-eabi/lib/thumb/v7e-m+fp/hard\libnosys.a
END GROUP
START GROUP
LOAD C:/ST/STM32CubeIDE_1.18.1/STM32CubeIDE/plugins/com.st.stm32cube.ide.mcu.externaltools.gnu-tools-for-stm32.13.3.rel1.win32_1.0.0.202411081344/tools/bin/../lib/gcc/arm-none-eabi/13.3.1/thumb/v7e-m+fp/hard\libgcc.a
LOAD C:/ST/STM32CubeIDE_1.18.1/STM32CubeIDE/plugins/com.st.stm32cube.ide.mcu.externaltools.gnu-tools-for-stm32.13.3.rel1.win32_1.0.0.202411081344/tools/bin/../lib/gcc/arm-none-eabi/13.3.1/../../../../arm-none-eabi/lib/thumb/v7e-m+fp/hard\libc_nano.a
LOAD C:/ST/STM32CubeIDE_1.18.1/STM32CubeIDE/plugins/com.st.stm32cube.ide.mcu.externaltools.gnu-tools-for-stm32.13.3.rel1.win32_1.0.0.202411081344/tools/bin/../lib/gcc/arm-none-eabi/13.3.1/../../../../arm-none-eabi/lib/thumb/v7e-m+fp/hard\libnosys.a
END GROUP
LOAD C:/ST/STM32CubeIDE_1.18.1/STM32CubeIDE/plugins/com.st.stm32cube.ide.mcu.externaltools.gnu-tools-for-stm32.13.3.rel1.win32_1.0.0.202411081344/tools/bin/../lib/gcc/arm-none-eabi/13.3.1/thumb/v7e-m+fp/hard/crtend.o
LOAD C:/ST/STM32CubeIDE_1.18.1/STM32CubeIDE/plugins/com.st.stm32cube.ide.mcu.externaltools.gnu-tools-for-stm32.13.3.rel1.win32_1.0.0.202411081344/tools/bin/../lib/gcc/arm-none-eabi/13.3.1/thumb/v7e-m+fp/hard/crtn.o
                0x20008000                        _estack = (ORIGIN (RAM) + LENGTH (RAM))
                0x00000200                        _Min_Heap_Size = 0x200
                0x00000400                        _Min_Stack_Size = 0x400

.isr_vector     0x08000000      0x1d8
                0x08000000                        . = ALIGN (0x4)
 *(.isr_vector)
 .isr_vector    0x08000000      0x1d8 ./Core/Startup/startup_stm32g431c8ux.o
                0x08000000                g_pfnVectors
                0x080001d8                        . = ALIGN (0x4)

.text           0x080001e0     0xbf6c
                0x080001e0                        . = ALIGN (0x4)
 *(.text)
 .text          0x080001e0       0x40 C:/ST/STM32CubeIDE_1.18.1/STM32CubeIDE/plugins/com.st.stm32cube.ide.mcu.externaltools.gnu-tools-for-stm32.13.3.rel1.win32_1.0.0.202411081344/tools/bin/../lib/gcc/arm-none-eabi/13.3.1/thumb/v7e-m+fp/hard/crtbegin.o
 .text          0x08000220      0x19a ../Middlewares/ST/STM32_USBPD_Library/Core/lib\USBPDCORE_PD3_FULL_CM4_wc32.a(usbpd_cad.o)
                0x08000220                USBPD_CAD_Init
                0x08000270                USBPD_CAD_PortEnable
                0x0800027e                USBPD_CAD_Process
                0x0800037c                USBPD_CAD_AssertRd
                0x0800038e                USBPD_CAD_AssertRp
                0x080003a0                USBPD_CAD_EnterErrorRecovery
                0x080003a4                USBPD_CAD_SRC_SetRpResistor
                0x080003b4                USBPD_CAD_SetRpResistor
                0x080003b6                USBPD_CAD_GetMemoryConsumption
 *fill*         0x080003ba        0x2 
 .text          0x080003bc     0x1070 ../Middlewares/ST/STM32_USBPD_Library/Core/lib\USBPDCORE_PD3_FULL_CM4_wc32.a(usbpd_pe.o)
                0x080003bc                USBPD_PE_Init
                0x08000468                USBPD_PE_TimerCounter
                0x080004ae                USBPD_PE_TimerCounteUpdate
                0x0800050e                USBPD_PE_IsCableConnected
                0x08000526                USBPD_PE_StateMachine_Reset
                0x08000534                USBPD_PE_StateMachine_Stop
                0x08000538                USBPD_PE_StateMachine_DRP
                0x08000556                USBPD_PE_Notification
                0x0800058c                USBPD_PE_InitVDM_Callback
                0x08000598                USBPD_PE_Request_HardReset
                0x080005b4                USBPD_PE_Request_CableReset
                0x080005dc                USBPD_PE_Request_CtrlMessage
                0x0800071e                USBPD_PE_Request_DataMessage
                0x0800079e                USBPD_PE_Send_Request
                0x080007f6                USBPD_PE_SendExtendedMessage
                0x080008f4                PE_Send_RESET
                0x08000922                PE_Get_SpecRevision
                0x08000934                PE_ChangePowerRole
                0x08000944                PE_Get_RxEvent
                0x080009ac                PE_Clear_RxEvent
                0x080009f6                PE_PRL_Control_RxEvent
                0x08000a14                PE_Convert_SOPRxEvent
                0x08000a2e                PE_Check_AMSConflict
                0x08000aa6                PE_PRL_ResetReceived
                0x08000af0                PE_PRL_BistCompleted
                0x08000af2                PE_Reset_HardReset
                0x08000b5e                PE_Reset_ZI
                0x08000bd2                PE_Reset_Counter
                0x08000bdc                PE_Reset_StateMachine
                0x08000c36                PE_ExtRevisionInteroperability
                0x08000c84                PE_PRL_FastRoleSwapReception
                0x08000ca2                PE_PRL_PostReceiveEvent
                0x08000ce2                PE_PRL_PostReceiveEventError
                0x08000d0e                PE_PRL_PostReceiveEventCopy
                0x08000d48                PE_PRL_PostReceiveEventComplete
                0x08000d96                PE_Get_UnchunkedSupport
                0x08000db8                PE_SubStateMachine_Generic
                0x080012b0                PE_SubStateMachine_ReceiveDRS
                0x08001300                PE_UpdateTimer
                0x08001316                PE_CallHardResetCallback
                0x08001324                PE_SetPowerNegotiation
                0x08001342                USBPD_PE_ExecFastRoleSwapSignalling
                0x08001358                PE_CalculateMinTiming
                0x08001382                PE_SetPowerNegociation
                0x080013a8                PE_CheckDataSizeFromGetDataInfo
                0x080013d0                PE_SwitchDataRole
 .text          0x0800142c       0x3a ../Middlewares/ST/STM32_USBPD_Library/Core/lib\USBPDCORE_PD3_FULL_CM4_wc32.a(usbpd_pe_lib.o)
                0x0800142c                USBPD_PE_SetTrace
                0x0800143a                USBPD_PE_CheckLIB
                0x08001450                USBPD_PE_GetMemoryConsumption
                0x08001464                PE_Trace_Empty
 *fill*         0x08001466        0x2 
 .text          0x08001468      0x888 ../Middlewares/ST/STM32_USBPD_Library/Core/lib\USBPDCORE_PD3_FULL_CM4_wc32.a(usbpd_pe_msg.o)
                0x08001468                PE_Send_CtrlMessage
                0x080014c2                PE_Send_DataMessage
                0x0800153c                PE_Check_ExtendedMessage
                0x08001700                PE_Send_ExtendedMessage
                0x0800174e                PE_SubStateMachine_ExtendedMessages
                0x08001944                PE_ManageRXEvent
                0x08001964                PE_Check_ControlMessage
                0x08001b2c                PE_Check_DataMessage
                0x08001c84                PE_CheckSendMessageStatus
 .text          0x08001cf0      0xc3c ../Middlewares/ST/STM32_USBPD_Library/Core/lib\USBPDCORE_PD3_FULL_CM4_wc32.a(usbpd_pe_snk.o)
                0x08001cf0                USBPD_PE_StateMachine_SNK
                0x08002808                PE_StateMachine_SNK_ReadyWait
 .text          0x0800292c      0xe74 ../Middlewares/ST/STM32_USBPD_Library/Core/lib\USBPDCORE_PD3_FULL_CM4_wc32.a(usbpd_pe_src.o)
                0x0800292c                USBPD_PE_StateMachine_SRC
                0x0800374a                PE_Send_SRCCapabilities
 .text          0x080037a0      0x4ba ../Middlewares/ST/STM32_USBPD_Library/Core/lib\USBPDCORE_PD3_FULL_CM4_wc32.a(usbpd_pe_vconn.o)
                0x080037a0                PE_StateMachine_VDMCable
                0x080039e2                PE_SubStateMachine_VconnSwap
 *fill*         0x08003c5a        0x2 
 .text          0x08003c5c     0x12cc ../Middlewares/ST/STM32_USBPD_Library/Core/lib\USBPDCORE_PD3_FULL_CM4_wc32.a(usbpd_pe_vdm.o)
                0x08003c5c                USBPD_PE_SVDM_RequestIdentity
                0x08003cd4                USBPD_PE_SVDM_RequestSVID
                0x08003d28                USBPD_PE_SVDM_RequestMode
                0x08003d7e                USBPD_PE_SVDM_RequestModeEnter
                0x08003dc6                USBPD_PE_SVDM_RequestModeExit
                0x08003e3a                USBPD_PE_SVDM_RequestSpecific
                0x08003e86                USBPD_PE_SVDM_RequestAttention
                0x08003ede                USBPD_PE_UVDM_RequestMessage
                0x08003f34                PE_Receive_SVDM
                0x08004034                PE_StateMachine_VDM
                0x08004bca                PE_StateMachine_UVDM
                0x08004c66                PE_Check_DataMessageVDM
                0x08004d2c                PE_SVDM_CheckIdentity
                0x08004e68                PE_SVDM_CheckSVIDs
                0x08004ed0                PE_SVDM_CheckModes
 .text          0x08004f28      0xb1e ../Middlewares/ST/STM32_USBPD_Library/Core/lib\USBPDCORE_PD3_FULL_CM4_wc32.a(usbpd_prl.o)
                0x08004f28                USBPD_PRL_TimerCounter
                0x08004f46                USBPD_PRL_Init
                0x08004f9c                USBPD_PRL_GetMemoryConsumption
                0x08004fa2                USBPD_PRL_SetHeader
                0x08004fce                USBPD_PRL_SetHeaderPowerRole
                0x08004fdc                USBPD_PRL_SetHeaderDataRole
                0x08004ff6                USBPD_PRL_SetHeaderSpecification
                0x08005004                USBPD_PRL_CBL_SetHeaderSpecification
                0x0800502a                USBPD_PRL_SRCSetSinkNG
                0x0800502e                USBPD_PRL_SRCReleaseSinkNG
                0x08005044                USBPD_PRL_IsResistor_SinkTxOK
                0x08005048                USBPD_PRL_FastRoleSwapSignalling
                0x08005050                USBPD_PRL_SOPCapability
                0x08005054                USBPD_PRL_SendMessage
                0x080054c2                USBPD_PRL_ResetRequestProcess
                0x08005520                USBDPD_PRL_BistCarrierEyeMode
                0x0800552c                USBDPD_PRL_BistCarrierEyeModeExit
                0x0800553a                USBPD_PRL_Reset
                0x08005576                USBPD_PRL_Stop
                0x0800557a                USBPD_PRL_DeInit
                0x0800596e                USBPD_PRL_PrepareExtendedTxChunkSending
                0x080059c0                USBPD_PRL_PrepareChunkRequest
 .text          0x08005a46       0x9a C:/ST/STM32CubeIDE_1.18.1/STM32CubeIDE/plugins/com.st.stm32cube.ide.mcu.externaltools.gnu-tools-for-stm32.13.3.rel1.win32_1.0.0.202411081344/tools/bin/../lib/gcc/arm-none-eabi/13.3.1/../../../../arm-none-eabi/lib/thumb/v7e-m+fp/hard\libc_nano.a(libc_a-aeabi_memset-soft.o)
                0x08005a46                __aeabi_memset8
                0x08005a46                __aeabi_memset4
                0x08005a46                __aeabi_memset
 .text          0x08005ae0       0x30 C:/ST/STM32CubeIDE_1.18.1/STM32CubeIDE/plugins/com.st.stm32cube.ide.mcu.externaltools.gnu-tools-for-stm32.13.3.rel1.win32_1.0.0.202411081344/tools/bin/../lib/gcc/arm-none-eabi/13.3.1/thumb/v7e-m+fp/hard\libgcc.a(_aeabi_uldivmod.o)
                0x08005ae0                __aeabi_uldivmod
 .text          0x08005b10      0x2f8 C:/ST/STM32CubeIDE_1.18.1/STM32CubeIDE/plugins/com.st.stm32cube.ide.mcu.externaltools.gnu-tools-for-stm32.13.3.rel1.win32_1.0.0.202411081344/tools/bin/../lib/gcc/arm-none-eabi/13.3.1/thumb/v7e-m+fp/hard\libgcc.a(_udivmoddi4.o)
                0x08005b10                __udivmoddi4
 .text          0x08005e08        0x4 C:/ST/STM32CubeIDE_1.18.1/STM32CubeIDE/plugins/com.st.stm32cube.ide.mcu.externaltools.gnu-tools-for-stm32.13.3.rel1.win32_1.0.0.202411081344/tools/bin/../lib/gcc/arm-none-eabi/13.3.1/thumb/v7e-m+fp/hard\libgcc.a(_dvmd_tls.o)
                0x08005e08                __aeabi_idiv0
                0x08005e08                __aeabi_ldiv0
 *(.text*)
 .text._Z16StartDefaultTaskPv
                0x08005e0c        0xa ./Core/Src/main.o
                0x08005e0c                StartDefaultTask(void*)
 .text.NVIC_EncodePriority.constprop.0
                0x08005e16       0x2e ./Core/Src/main.o
 .text.SystemClock_Config
                0x08005e44       0x72 ./Core/Src/main.o
                0x08005e44                SystemClock_Config
 *fill*         0x08005eb6        0x2 
 .text.startup.main
                0x08005eb8      0x38c ./Core/Src/main.o
                0x08005eb8                main
 .text.HAL_TIM_PeriodElapsedCallback
                0x08006244       0x14 ./Core/Src/main.o
                0x08006244                HAL_TIM_PeriodElapsedCallback
 .text.Error_Handler
                0x08006258        0x4 ./Core/Src/main.o
                0x08006258                Error_Handler
 .text.startup._GLOBAL__sub_I_hadc1
                0x0800625c       0x1c ./Core/Src/main.o
 .text.exit._GLOBAL__sub_D_hadc1
                0x08006278        0xc ./Core/Src/main.o
 .text.HAL_MspInit
                0x08006284       0x3c ./Core/Src/stm32g4xx_hal_msp.o
                0x08006284                HAL_MspInit
 .text.HAL_ADC_MspInit
                0x080062c0       0x80 ./Core/Src/stm32g4xx_hal_msp.o
                0x080062c0                HAL_ADC_MspInit
 .text.HAL_TIM_PWM_MspInit
                0x08006340       0x28 ./Core/Src/stm32g4xx_hal_msp.o
                0x08006340                HAL_TIM_PWM_MspInit
 .text.HAL_TIM_MspPostInit
                0x08006368       0x78 ./Core/Src/stm32g4xx_hal_msp.o
                0x08006368                HAL_TIM_MspPostInit
 .text.HAL_UART_MspInit
                0x080063e0       0x84 ./Core/Src/stm32g4xx_hal_msp.o
                0x080063e0                HAL_UART_MspInit
 .text.HAL_InitTick
                0x08006464       0x8c ./Core/Src/stm32g4xx_hal_timebase_tim.o
                0x08006464                HAL_InitTick
 .text.NMI_Handler
                0x080064f0        0x2 ./Core/Src/stm32g4xx_it.o
                0x080064f0                NMI_Handler
 .text.HardFault_Handler
                0x080064f2        0x2 ./Core/Src/stm32g4xx_it.o
                0x080064f2                HardFault_Handler
 .text.MemManage_Handler
                0x080064f4        0x2 ./Core/Src/stm32g4xx_it.o
                0x080064f4                MemManage_Handler
 .text.BusFault_Handler
                0x080064f6        0x2 ./Core/Src/stm32g4xx_it.o
                0x080064f6                BusFault_Handler
 .text.UsageFault_Handler
                0x080064f8        0x2 ./Core/Src/stm32g4xx_it.o
                0x080064f8                UsageFault_Handler
 .text.DebugMon_Handler
                0x080064fa        0x2 ./Core/Src/stm32g4xx_it.o
                0x080064fa                DebugMon_Handler
 .text.DMA1_Channel1_IRQHandler
                0x080064fc        0x2 ./Core/Src/stm32g4xx_it.o
                0x080064fc                DMA1_Channel1_IRQHandler
 .text.DMA1_Channel2_IRQHandler
                0x080064fe        0x2 ./Core/Src/stm32g4xx_it.o
                0x080064fe                DMA1_Channel2_IRQHandler
 .text.TIM1_UP_TIM16_IRQHandler
                0x08006500        0xc ./Core/Src/stm32g4xx_it.o
                0x08006500                TIM1_UP_TIM16_IRQHandler
 .text.UCPD1_IRQHandler
                0x0800650c        0x4 ./Core/Src/stm32g4xx_it.o
                0x0800650c                UCPD1_IRQHandler
 .text._sbrk    0x08006510       0x40 ./Core/Src/sysmem.o
                0x08006510                _sbrk
 .text.SystemInit
                0x08006550       0x14 ./Core/Src/system_stm32g4xx.o
                0x08006550                SystemInit
 .text.Reset_Handler
                0x08006564       0x50 ./Core/Startup/startup_stm32g431c8ux.o
                0x08006564                Reset_Handler
 .text.Default_Handler
                0x080065b4        0x2 ./Core/Startup/startup_stm32g431c8ux.o
                0x080065b4                RTC_Alarm_IRQHandler
                0x080065b4                EXTI2_IRQHandler
                0x080065b4                TIM8_TRG_COM_IRQHandler
                0x080065b4                TIM8_CC_IRQHandler
                0x080065b4                TIM1_CC_IRQHandler
                0x080065b4                USB_HP_IRQHandler
                0x080065b4                CORDIC_IRQHandler
                0x080065b4                EXTI3_IRQHandler
                0x080065b4                I2C3_ER_IRQHandler
                0x080065b4                EXTI0_IRQHandler
                0x080065b4                I2C2_EV_IRQHandler
                0x080065b4                FPU_IRQHandler
                0x080065b4                FDCAN1_IT1_IRQHandler
                0x080065b4                ADC1_2_IRQHandler
                0x080065b4                SPI1_IRQHandler
                0x080065b4                TIM6_DAC_IRQHandler
                0x080065b4                TIM8_UP_IRQHandler
                0x080065b4                DMA2_Channel2_IRQHandler
                0x080065b4                DMA1_Channel4_IRQHandler
                0x080065b4                USART3_IRQHandler
                0x080065b4                TIM4_IRQHandler
                0x080065b4                DMA2_Channel1_IRQHandler
                0x080065b4                I2C1_EV_IRQHandler
                0x080065b4                DMA1_Channel6_IRQHandler
                0x080065b4                UART4_IRQHandler
                0x080065b4                DMA2_Channel4_IRQHandler
                0x080065b4                TIM3_IRQHandler
                0x080065b4                RCC_IRQHandler
                0x080065b4                Default_Handler
                0x080065b4                RTC_TAMP_LSECSS_IRQHandler
                0x080065b4                FMAC_IRQHandler
                0x080065b4                EXTI15_10_IRQHandler
                0x080065b4                TIM7_IRQHandler
                0x080065b4                I2C3_EV_IRQHandler
                0x080065b4                EXTI9_5_IRQHandler
                0x080065b4                RTC_WKUP_IRQHandler
                0x080065b4                PVD_PVM_IRQHandler
                0x080065b4                SPI2_IRQHandler
                0x080065b4                DMA2_Channel5_IRQHandler
                0x080065b4                CRS_IRQHandler
                0x080065b4                DMA1_Channel5_IRQHandler
                0x080065b4                USB_LP_IRQHandler
                0x080065b4                EXTI4_IRQHandler
                0x080065b4                RNG_IRQHandler
                0x080065b4                TIM1_TRG_COM_TIM17_IRQHandler
                0x080065b4                DMA1_Channel3_IRQHandler
                0x080065b4                WWDG_IRQHandler
                0x080065b4                LPUART1_IRQHandler
                0x080065b4                DMA2_Channel6_IRQHandler
                0x080065b4                FDCAN1_IT0_IRQHandler
                0x080065b4                TIM2_IRQHandler
                0x080065b4                COMP1_2_3_IRQHandler
                0x080065b4                EXTI1_IRQHandler
                0x080065b4                USART2_IRQHandler
                0x080065b4                I2C2_ER_IRQHandler
                0x080065b4                TIM8_BRK_IRQHandler
                0x080065b4                FLASH_IRQHandler
                0x080065b4                USART1_IRQHandler
                0x080065b4                SPI3_IRQHandler
                0x080065b4                I2C1_ER_IRQHandler
                0x080065b4                LPTIM1_IRQHandler
                0x080065b4                DMAMUX_OVR_IRQHandler
                0x080065b4                USBWakeUp_IRQHandler
                0x080065b4                SAI1_IRQHandler
                0x080065b4                DMA2_Channel3_IRQHandler
                0x080065b4                COMP4_IRQHandler
                0x080065b4                TIM1_BRK_TIM15_IRQHandler
 .text.HAL_Init
                0x080065b6       0x1e ./Drivers/STM32G4xx_HAL_Driver/Src/stm32g4xx_hal.o
                0x080065b6                HAL_Init
 .text.HAL_IncTick
                0x080065d4       0x18 ./Drivers/STM32G4xx_HAL_Driver/Src/stm32g4xx_hal.o
                0x080065d4                HAL_IncTick
 .text.HAL_GetTick
                0x080065ec        0xc ./Drivers/STM32G4xx_HAL_Driver/Src/stm32g4xx_hal.o
                0x080065ec                HAL_GetTick
 .text.HAL_Delay
                0x080065f8       0x28 ./Drivers/STM32G4xx_HAL_Driver/Src/stm32g4xx_hal.o
                0x080065f8                HAL_Delay
 .text.LL_ADC_SetChannelSamplingTime
                0x08006620       0x20 ./Drivers/STM32G4xx_HAL_Driver/Src/stm32g4xx_hal_adc.o
 .text.LL_ADC_IsEnabled
                0x08006640        0x8 ./Drivers/STM32G4xx_HAL_Driver/Src/stm32g4xx_hal_adc.o
 .text.LL_ADC_REG_IsConversionOngoing
                0x08006648        0x8 ./Drivers/STM32G4xx_HAL_Driver/Src/stm32g4xx_hal_adc.o
 .text.HAL_ADC_Init
                0x08006650      0x1e0 ./Drivers/STM32G4xx_HAL_Driver/Src/stm32g4xx_hal_adc.o
                0x08006650                HAL_ADC_Init
 .text.HAL_ADC_ConfigChannel
                0x08006830      0x3a4 ./Drivers/STM32G4xx_HAL_Driver/Src/stm32g4xx_hal_adc.o
                0x08006830                HAL_ADC_ConfigChannel
 .text.LL_ADC_IsEnabled
                0x08006bd4        0x8 ./Drivers/STM32G4xx_HAL_Driver/Src/stm32g4xx_hal_adc_ex.o
 .text.LL_ADC_REG_IsConversionOngoing
                0x08006bdc        0x8 ./Drivers/STM32G4xx_HAL_Driver/Src/stm32g4xx_hal_adc_ex.o
 .text.HAL_ADCEx_MultiModeConfigChannel
                0x08006be4       0xd0 ./Drivers/STM32G4xx_HAL_Driver/Src/stm32g4xx_hal_adc_ex.o
                0x08006be4                HAL_ADCEx_MultiModeConfigChannel
 .text.HAL_NVIC_SetPriorityGrouping
                0x08006cb4       0x24 ./Drivers/STM32G4xx_HAL_Driver/Src/stm32g4xx_hal_cortex.o
                0x08006cb4                HAL_NVIC_SetPriorityGrouping
 .text.HAL_NVIC_SetPriority
                0x08006cd8       0x64 ./Drivers/STM32G4xx_HAL_Driver/Src/stm32g4xx_hal_cortex.o
                0x08006cd8                HAL_NVIC_SetPriority
 .text.HAL_NVIC_EnableIRQ
                0x08006d3c       0x1c ./Drivers/STM32G4xx_HAL_Driver/Src/stm32g4xx_hal_cortex.o
                0x08006d3c                HAL_NVIC_EnableIRQ
 .text.HAL_GPIO_Init
                0x08006d58      0x194 ./Drivers/STM32G4xx_HAL_Driver/Src/stm32g4xx_hal_gpio.o
                0x08006d58                HAL_GPIO_Init
 .text.HAL_PWREx_ControlVoltageScaling
                0x08006eec       0xb0 ./Drivers/STM32G4xx_HAL_Driver/Src/stm32g4xx_hal_pwr_ex.o
                0x08006eec                HAL_PWREx_ControlVoltageScaling
 .text.HAL_RCC_OscConfig
                0x08006f9c      0x418 ./Drivers/STM32G4xx_HAL_Driver/Src/stm32g4xx_hal_rcc.o
                0x08006f9c                HAL_RCC_OscConfig
 .text.HAL_RCC_GetSysClockFreq
                0x080073b4       0x6c ./Drivers/STM32G4xx_HAL_Driver/Src/stm32g4xx_hal_rcc.o
                0x080073b4                HAL_RCC_GetSysClockFreq
 .text.HAL_RCC_ClockConfig
                0x08007420      0x1e8 ./Drivers/STM32G4xx_HAL_Driver/Src/stm32g4xx_hal_rcc.o
                0x08007420                HAL_RCC_ClockConfig
 .text.HAL_RCC_GetPCLK1Freq
                0x08007608       0x24 ./Drivers/STM32G4xx_HAL_Driver/Src/stm32g4xx_hal_rcc.o
                0x08007608                HAL_RCC_GetPCLK1Freq
 .text.HAL_RCC_GetPCLK2Freq
                0x0800762c       0x24 ./Drivers/STM32G4xx_HAL_Driver/Src/stm32g4xx_hal_rcc.o
                0x0800762c                HAL_RCC_GetPCLK2Freq
 .text.HAL_RCC_GetClockConfig
                0x08007650       0x3c ./Drivers/STM32G4xx_HAL_Driver/Src/stm32g4xx_hal_rcc.o
                0x08007650                HAL_RCC_GetClockConfig
 .text.HAL_RCCEx_PeriphCLKConfig
                0x0800768c      0x278 ./Drivers/STM32G4xx_HAL_Driver/Src/stm32g4xx_hal_rcc_ex.o
                0x0800768c                HAL_RCCEx_PeriphCLKConfig
 .text.TIM_OC1_SetConfig
                0x08007904       0x74 ./Drivers/STM32G4xx_HAL_Driver/Src/stm32g4xx_hal_tim.o
 .text.TIM_OC3_SetConfig
                0x08007978       0x80 ./Drivers/STM32G4xx_HAL_Driver/Src/stm32g4xx_hal_tim.o
 .text.TIM_OC4_SetConfig
                0x080079f8       0x80 ./Drivers/STM32G4xx_HAL_Driver/Src/stm32g4xx_hal_tim.o
 .text.TIM_OC5_SetConfig
                0x08007a78       0x68 ./Drivers/STM32G4xx_HAL_Driver/Src/stm32g4xx_hal_tim.o
 .text.TIM_OC6_SetConfig
                0x08007ae0       0x68 ./Drivers/STM32G4xx_HAL_Driver/Src/stm32g4xx_hal_tim.o
 .text.HAL_TIM_Base_MspInit
                0x08007b48        0x2 ./Drivers/STM32G4xx_HAL_Driver/Src/stm32g4xx_hal_tim.o
                0x08007b48                HAL_TIM_Base_MspInit
 *fill*         0x08007b4a        0x2 
 .text.HAL_TIM_Base_Start_IT
                0x08007b4c       0x6c ./Drivers/STM32G4xx_HAL_Driver/Src/stm32g4xx_hal_tim.o
                0x08007b4c                HAL_TIM_Base_Start_IT
 .text.HAL_TIM_OC_DelayElapsedCallback
                0x08007bb8        0x2 ./Drivers/STM32G4xx_HAL_Driver/Src/stm32g4xx_hal_tim.o
                0x08007bb8                HAL_TIM_OC_DelayElapsedCallback
 .text.HAL_TIM_IC_CaptureCallback
                0x08007bba        0x2 ./Drivers/STM32G4xx_HAL_Driver/Src/stm32g4xx_hal_tim.o
                0x08007bba                HAL_TIM_IC_CaptureCallback
 .text.HAL_TIM_PWM_PulseFinishedCallback
                0x08007bbc        0x2 ./Drivers/STM32G4xx_HAL_Driver/Src/stm32g4xx_hal_tim.o
                0x08007bbc                HAL_TIM_PWM_PulseFinishedCallback
 .text.HAL_TIM_TriggerCallback
                0x08007bbe        0x2 ./Drivers/STM32G4xx_HAL_Driver/Src/stm32g4xx_hal_tim.o
                0x08007bbe                HAL_TIM_TriggerCallback
 .text.HAL_TIM_IRQHandler
                0x08007bc0      0x19e ./Drivers/STM32G4xx_HAL_Driver/Src/stm32g4xx_hal_tim.o
                0x08007bc0                HAL_TIM_IRQHandler
 *fill*         0x08007d5e        0x2 
 .text.TIM_Base_SetConfig
                0x08007d60       0xa8 ./Drivers/STM32G4xx_HAL_Driver/Src/stm32g4xx_hal_tim.o
                0x08007d60                TIM_Base_SetConfig
 .text.HAL_TIM_Base_Init
                0x08007e08       0x60 ./Drivers/STM32G4xx_HAL_Driver/Src/stm32g4xx_hal_tim.o
                0x08007e08                HAL_TIM_Base_Init
 .text.HAL_TIM_PWM_Init
                0x08007e68       0x60 ./Drivers/STM32G4xx_HAL_Driver/Src/stm32g4xx_hal_tim.o
                0x08007e68                HAL_TIM_PWM_Init
 .text.TIM_OC2_SetConfig
                0x08007ec8       0x80 ./Drivers/STM32G4xx_HAL_Driver/Src/stm32g4xx_hal_tim.o
                0x08007ec8                TIM_OC2_SetConfig
 .text.HAL_TIM_PWM_ConfigChannel
                0x08007f48       0xf8 ./Drivers/STM32G4xx_HAL_Driver/Src/stm32g4xx_hal_tim.o
                0x08007f48                HAL_TIM_PWM_ConfigChannel
 .text.HAL_TIMEx_MasterConfigSynchronization
                0x08008040       0x88 ./Drivers/STM32G4xx_HAL_Driver/Src/stm32g4xx_hal_tim_ex.o
                0x08008040                HAL_TIMEx_MasterConfigSynchronization
 .text.HAL_TIMEx_ConfigBreakDeadTime
                0x080080c8       0x94 ./Drivers/STM32G4xx_HAL_Driver/Src/stm32g4xx_hal_tim_ex.o
                0x080080c8                HAL_TIMEx_ConfigBreakDeadTime
 .text.HAL_TIMEx_CommutCallback
                0x0800815c        0x2 ./Drivers/STM32G4xx_HAL_Driver/Src/stm32g4xx_hal_tim_ex.o
                0x0800815c                HAL_TIMEx_CommutCallback
 .text.HAL_TIMEx_BreakCallback
                0x0800815e        0x2 ./Drivers/STM32G4xx_HAL_Driver/Src/stm32g4xx_hal_tim_ex.o
                0x0800815e                HAL_TIMEx_BreakCallback
 .text.HAL_TIMEx_Break2Callback
                0x08008160        0x2 ./Drivers/STM32G4xx_HAL_Driver/Src/stm32g4xx_hal_tim_ex.o
                0x08008160                HAL_TIMEx_Break2Callback
 .text.HAL_TIMEx_EncoderIndexCallback
                0x08008162        0x2 ./Drivers/STM32G4xx_HAL_Driver/Src/stm32g4xx_hal_tim_ex.o
                0x08008162                HAL_TIMEx_EncoderIndexCallback
 .text.HAL_TIMEx_DirectionChangeCallback
                0x08008164        0x2 ./Drivers/STM32G4xx_HAL_Driver/Src/stm32g4xx_hal_tim_ex.o
                0x08008164                HAL_TIMEx_DirectionChangeCallback
 .text.HAL_TIMEx_IndexErrorCallback
                0x08008166        0x2 ./Drivers/STM32G4xx_HAL_Driver/Src/stm32g4xx_hal_tim_ex.o
                0x08008166                HAL_TIMEx_IndexErrorCallback
 .text.HAL_TIMEx_TransitionErrorCallback
                0x08008168        0x2 ./Drivers/STM32G4xx_HAL_Driver/Src/stm32g4xx_hal_tim_ex.o
                0x08008168                HAL_TIMEx_TransitionErrorCallback
 *fill*         0x0800816a        0x2 
 .text.UART_EndRxTransfer
                0x0800816c       0x58 ./Drivers/STM32G4xx_HAL_Driver/Src/stm32g4xx_hal_uart.o
 .text.UART_SetConfig
                0x080081c4      0x230 ./Drivers/STM32G4xx_HAL_Driver/Src/stm32g4xx_hal_uart.o
                0x080081c4                UART_SetConfig
 .text.UART_AdvFeatureConfig
                0x080083f4       0xa8 ./Drivers/STM32G4xx_HAL_Driver/Src/stm32g4xx_hal_uart.o
                0x080083f4                UART_AdvFeatureConfig
 .text.UART_WaitOnFlagUntilTimeout
                0x0800849c       0x90 ./Drivers/STM32G4xx_HAL_Driver/Src/stm32g4xx_hal_uart.o
                0x0800849c                UART_WaitOnFlagUntilTimeout
 .text.UART_CheckIdleState
                0x0800852c       0xb6 ./Drivers/STM32G4xx_HAL_Driver/Src/stm32g4xx_hal_uart.o
                0x0800852c                UART_CheckIdleState
 .text.HAL_UART_Init
                0x080085e2       0x60 ./Drivers/STM32G4xx_HAL_Driver/Src/stm32g4xx_hal_uart.o
                0x080085e2                HAL_UART_Init
 *fill*         0x08008642        0x2 
 .text.UARTEx_SetNbDataToProcess
                0x08008644       0x44 ./Drivers/STM32G4xx_HAL_Driver/Src/stm32g4xx_hal_uart_ex.o
 .text.HAL_UARTEx_DisableFifoMode
                0x08008688       0x36 ./Drivers/STM32G4xx_HAL_Driver/Src/stm32g4xx_hal_uart_ex.o
                0x08008688                HAL_UARTEx_DisableFifoMode
 .text.HAL_UARTEx_SetTxFifoThreshold
                0x080086be       0x40 ./Drivers/STM32G4xx_HAL_Driver/Src/stm32g4xx_hal_uart_ex.o
                0x080086be                HAL_UARTEx_SetTxFifoThreshold
 .text.HAL_UARTEx_SetRxFifoThreshold
                0x080086fe       0x40 ./Drivers/STM32G4xx_HAL_Driver/Src/stm32g4xx_hal_uart_ex.o
                0x080086fe                HAL_UARTEx_SetRxFifoThreshold
 *fill*         0x0800873e        0x2 
 .text.LL_DMA_Init
                0x08008740       0x6c ./Drivers/STM32G4xx_HAL_Driver/Src/stm32g4xx_ll_dma.o
                0x08008740                LL_DMA_Init
 .text.LL_DMA_StructInit
                0x080087ac       0x1a ./Drivers/STM32G4xx_HAL_Driver/Src/stm32g4xx_ll_dma.o
                0x080087ac                LL_DMA_StructInit
 .text.LL_GPIO_Init
                0x080087c6      0x138 ./Drivers/STM32G4xx_HAL_Driver/Src/stm32g4xx_ll_gpio.o
                0x080087c6                LL_GPIO_Init
 *fill*         0x080088fe        0x2 
 .text.LL_UCPD_Init
                0x08008900       0x50 ./Drivers/STM32G4xx_HAL_Driver/Src/stm32g4xx_ll_ucpd.o
                0x08008900                LL_UCPD_Init
 .text.LL_UCPD_StructInit
                0x08008950       0x14 ./Drivers/STM32G4xx_HAL_Driver/Src/stm32g4xx_ll_ucpd.o
                0x08008950                LL_UCPD_StructInit
 .text.CAD_Check_HW_SNK
                0x08008964       0x74 ./Middlewares/ST/STM32_USBPD_Library/Devices/STM32G4XX/src/usbpd_cad_hw_if.o
 .text.CAD_Check_HW_SRC
                0x080089d8       0x8c ./Middlewares/ST/STM32_USBPD_Library/Devices/STM32G4XX/src/usbpd_cad_hw_if.o
 .text.LL_GPIO_SetPinPull.constprop.0
                0x08008a64       0x28 ./Middlewares/ST/STM32_USBPD_Library/Devices/STM32G4XX/src/usbpd_cad_hw_if.o
 .text.LL_GPIO_SetPinMode.constprop.0
                0x08008a8c       0x34 ./Middlewares/ST/STM32_USBPD_Library/Devices/STM32G4XX/src/usbpd_cad_hw_if.o
 .text.CAD_StateMachine_DRP
                0x08008ac0      0x50c ./Middlewares/ST/STM32_USBPD_Library/Devices/STM32G4XX/src/usbpd_cad_hw_if.o
 .text.CAD_Init
                0x08008fcc      0x100 ./Middlewares/ST/STM32_USBPD_Library/Devices/STM32G4XX/src/usbpd_cad_hw_if.o
                0x08008fcc                CAD_Init
 .text.CAD_Enter_ErrorRecovery
                0x080090cc       0x2c ./Middlewares/ST/STM32_USBPD_Library/Devices/STM32G4XX/src/usbpd_cad_hw_if.o
                0x080090cc                CAD_Enter_ErrorRecovery
 .text.CAD_SRC_Set_ResistorRp
                0x080090f8       0x34 ./Middlewares/ST/STM32_USBPD_Library/Devices/STM32G4XX/src/usbpd_cad_hw_if.o
                0x080090f8                CAD_SRC_Set_ResistorRp
 .text.CAD_Set_ResistorRp
                0x0800912c        0x4 ./Middlewares/ST/STM32_USBPD_Library/Devices/STM32G4XX/src/usbpd_cad_hw_if.o
                0x0800912c                CAD_Set_ResistorRp
 .text.CAD_StateMachine
                0x08009130      0x120 ./Middlewares/ST/STM32_USBPD_Library/Devices/STM32G4XX/src/usbpd_cad_hw_if.o
                0x08009130                CAD_StateMachine
 .text.USBPD_HW_GetUSPDInstance
                0x08009250        0x8 ./Middlewares/ST/STM32_USBPD_Library/Devices/STM32G4XX/src/usbpd_hw.o
                0x08009250                USBPD_HW_GetUSPDInstance
 .text.USBPD_HW_Init_DMARxInstance
                0x08009258       0x5c ./Middlewares/ST/STM32_USBPD_Library/Devices/STM32G4XX/src/usbpd_hw.o
                0x08009258                USBPD_HW_Init_DMARxInstance
 .text.USBPD_HW_DeInit_DMARxInstance
                0x080092b4        0x2 ./Middlewares/ST/STM32_USBPD_Library/Devices/STM32G4XX/src/usbpd_hw.o
                0x080092b4                USBPD_HW_DeInit_DMARxInstance
 *fill*         0x080092b6        0x2 
 .text.USBPD_HW_Init_DMATxInstance
                0x080092b8       0x60 ./Middlewares/ST/STM32_USBPD_Library/Devices/STM32G4XX/src/usbpd_hw.o
                0x080092b8                USBPD_HW_Init_DMATxInstance
 .text.USBPD_HW_DeInit_DMATxInstance
                0x08009318        0x2 ./Middlewares/ST/STM32_USBPD_Library/Devices/STM32G4XX/src/usbpd_hw.o
                0x08009318                USBPD_HW_DeInit_DMATxInstance
 .text.USBPD_HW_SetFRSSignalling
                0x0800931a        0x2 ./Middlewares/ST/STM32_USBPD_Library/Devices/STM32G4XX/src/usbpd_hw.o
                0x0800931a                USBPD_HW_SetFRSSignalling
 .text.PORTx_IRQHandler
                0x0800931c      0x198 ./Middlewares/ST/STM32_USBPD_Library/Devices/STM32G4XX/src/usbpd_hw_if_it.o
                0x0800931c                PORTx_IRQHandler
 .text.USBPD_PORT0_IRQHandler
                0x080094b4        0x6 ./Middlewares/ST/STM32_USBPD_Library/Devices/STM32G4XX/src/usbpd_hw_if_it.o
                0x080094b4                USBPD_PORT0_IRQHandler
 *fill*         0x080094ba        0x2 
 .text.PHY_Rx_Completed
                0x080094bc       0x74 ./Middlewares/ST/STM32_USBPD_Library/Devices/STM32G4XX/src/usbpd_phy.o
                0x080094bc                PHY_Rx_Completed
 .text.USBPD_PHY_Init
                0x08009530       0x44 ./Middlewares/ST/STM32_USBPD_Library/Devices/STM32G4XX/src/usbpd_phy.o
                0x08009530                USBPD_PHY_Init
 .text.USBPD_PHY_GetRetryTimerValue
                0x08009574        0x6 ./Middlewares/ST/STM32_USBPD_Library/Devices/STM32G4XX/src/usbpd_phy.o
                0x08009574                USBPD_PHY_GetRetryTimerValue
 .text.USBPD_PHY_GetMinGOODCRCTimerValue
                0x0800957a        0x4 ./Middlewares/ST/STM32_USBPD_Library/Devices/STM32G4XX/src/usbpd_phy.o
                0x0800957a                USBPD_PHY_GetMinGOODCRCTimerValue
 .text.USBPD_PHY_Reset
                0x0800957e        0x2 ./Middlewares/ST/STM32_USBPD_Library/Devices/STM32G4XX/src/usbpd_phy.o
                0x0800957e                USBPD_PHY_Reset
 .text.USBPD_PHY_ResetRequest
                0x08009580        0x8 ./Middlewares/ST/STM32_USBPD_Library/Devices/STM32G4XX/src/usbpd_phy.o
                0x08009580                USBPD_PHY_ResetRequest
 .text.USBPD_PHY_SendMessage
                0x08009588        0x4 ./Middlewares/ST/STM32_USBPD_Library/Devices/STM32G4XX/src/usbpd_phy.o
                0x08009588                USBPD_PHY_SendMessage
 .text.USBPD_PHY_Send_BIST_Pattern
                0x0800958c        0xa ./Middlewares/ST/STM32_USBPD_Library/Devices/STM32G4XX/src/usbpd_phy.o
                0x0800958c                USBPD_PHY_Send_BIST_Pattern
 .text.USBPD_PHY_ExitTransmit
                0x08009596        0xe ./Middlewares/ST/STM32_USBPD_Library/Devices/STM32G4XX/src/usbpd_phy.o
                0x08009596                USBPD_PHY_ExitTransmit
 .text.USBPD_PHY_SetResistor_SinkTxNG
                0x080095a4        0x4 ./Middlewares/ST/STM32_USBPD_Library/Devices/STM32G4XX/src/usbpd_phy.o
                0x080095a4                USBPD_PHY_SetResistor_SinkTxNG
 .text.USBPD_PHY_SetResistor_SinkTxOK
                0x080095a8        0x4 ./Middlewares/ST/STM32_USBPD_Library/Devices/STM32G4XX/src/usbpd_phy.o
                0x080095a8                USBPD_PHY_SetResistor_SinkTxOK
 .text.USBPD_PHY_SOPSupported
                0x080095ac       0x10 ./Middlewares/ST/STM32_USBPD_Library/Devices/STM32G4XX/src/usbpd_phy.o
                0x080095ac                USBPD_PHY_SOPSupported
 .text.USBPD_PHY_IsResistor_SinkTxOk
                0x080095bc        0x4 ./Middlewares/ST/STM32_USBPD_Library/Devices/STM32G4XX/src/usbpd_phy.o
                0x080095bc                USBPD_PHY_IsResistor_SinkTxOk
 .text.USBPD_PHY_FastRoleSwapSignalling
                0x080095c0        0x4 ./Middlewares/ST/STM32_USBPD_Library/Devices/STM32G4XX/src/usbpd_phy.o
                0x080095c0                USBPD_PHY_FastRoleSwapSignalling
 .text.USBPD_PHY_EnableRX
                0x080095c4        0x4 ./Middlewares/ST/STM32_USBPD_Library/Devices/STM32G4XX/src/usbpd_phy.o
                0x080095c4                USBPD_PHY_EnableRX
 .text.USBPD_PHY_DisableRX
                0x080095c8        0x4 ./Middlewares/ST/STM32_USBPD_Library/Devices/STM32G4XX/src/usbpd_phy.o
                0x080095c8                USBPD_PHY_DisableRX
 .text.USBPD_HW_IF_GlobalHwInit
                0x080095cc       0x30 ./Middlewares/ST/STM32_USBPD_Library/Devices/STM32G4XX/src/usbpd_phy_hw_if.o
                0x080095cc                USBPD_HW_IF_GlobalHwInit
 .text.USBPD_HW_IF_StopBISTMode2
                0x080095fc       0x28 ./Middlewares/ST/STM32_USBPD_Library/Devices/STM32G4XX/src/usbpd_phy_hw_if.o
                0x080095fc                USBPD_HW_IF_StopBISTMode2
 .text.USBPD_HW_IF_SendBuffer
                0x08009624       0xfc ./Middlewares/ST/STM32_USBPD_Library/Devices/STM32G4XX/src/usbpd_phy_hw_if.o
                0x08009624                USBPD_HW_IF_SendBuffer
 .text.USBPD_HW_IF_Send_BIST_Pattern
                0x08009720       0x24 ./Middlewares/ST/STM32_USBPD_Library/Devices/STM32G4XX/src/usbpd_phy_hw_if.o
                0x08009720                USBPD_HW_IF_Send_BIST_Pattern
 .text.USBPDM1_AssertRp
                0x08009744       0x7c ./Middlewares/ST/STM32_USBPD_Library/Devices/STM32G4XX/src/usbpd_phy_hw_if.o
                0x08009744                USBPDM1_AssertRp
 .text.USBPDM1_DeAssertRp
                0x080097c0        0x2 ./Middlewares/ST/STM32_USBPD_Library/Devices/STM32G4XX/src/usbpd_phy_hw_if.o
                0x080097c0                USBPDM1_DeAssertRp
 *fill*         0x080097c2        0x2 
 .text.USBPDM1_AssertRd
                0x080097c4       0x74 ./Middlewares/ST/STM32_USBPD_Library/Devices/STM32G4XX/src/usbpd_phy_hw_if.o
                0x080097c4                USBPDM1_AssertRd
 .text.USBPDM1_DeAssertRd
                0x08009838        0x2 ./Middlewares/ST/STM32_USBPD_Library/Devices/STM32G4XX/src/usbpd_phy_hw_if.o
                0x08009838                USBPDM1_DeAssertRd
 *fill*         0x0800983a        0x2 
 .text.USBPDM1_EnterErrorRecovery
                0x0800983c       0x38 ./Middlewares/ST/STM32_USBPD_Library/Devices/STM32G4XX/src/usbpd_phy_hw_if.o
                0x0800983c                USBPDM1_EnterErrorRecovery
 .text.USBPD_HW_IF_EnableRX
                0x08009874       0x18 ./Middlewares/ST/STM32_USBPD_Library/Devices/STM32G4XX/src/usbpd_phy_hw_if.o
                0x08009874                USBPD_HW_IF_EnableRX
 .text.USBPD_HW_IF_DisableRX
                0x0800988c       0x18 ./Middlewares/ST/STM32_USBPD_Library/Devices/STM32G4XX/src/usbpd_phy_hw_if.o
                0x0800988c                USBPD_HW_IF_DisableRX
 .text.HW_SignalAttachement
                0x080098a4       0xd4 ./Middlewares/ST/STM32_USBPD_Library/Devices/STM32G4XX/src/usbpd_phy_hw_if.o
                0x080098a4                HW_SignalAttachement
 .text.HW_SignalDetachment
                0x08009978       0x84 ./Middlewares/ST/STM32_USBPD_Library/Devices/STM32G4XX/src/usbpd_phy_hw_if.o
                0x08009978                HW_SignalDetachment
 .text.USBPD_HW_IF_SetResistor_SinkTxNG
                0x080099fc       0x1c ./Middlewares/ST/STM32_USBPD_Library/Devices/STM32G4XX/src/usbpd_phy_hw_if.o
                0x080099fc                USBPD_HW_IF_SetResistor_SinkTxNG
 .text.USBPD_HW_IF_SetResistor_SinkTxOK
                0x08009a18       0x18 ./Middlewares/ST/STM32_USBPD_Library/Devices/STM32G4XX/src/usbpd_phy_hw_if.o
                0x08009a18                USBPD_HW_IF_SetResistor_SinkTxOK
 .text.USBPD_HW_IF_IsResistor_SinkTxOk
                0x08009a30       0x3c ./Middlewares/ST/STM32_USBPD_Library/Devices/STM32G4XX/src/usbpd_phy_hw_if.o
                0x08009a30                USBPD_HW_IF_IsResistor_SinkTxOk
 .text.USBPD_HW_IF_FastRoleSwapSignalling
                0x08009a6c       0x18 ./Middlewares/ST/STM32_USBPD_Library/Devices/STM32G4XX/src/usbpd_phy_hw_if.o
                0x08009a6c                USBPD_HW_IF_FastRoleSwapSignalling
 .text.HW_IF_PWR_GetVoltage
                0x08009a84       0x12 ./Middlewares/ST/STM32_USBPD_Library/Devices/STM32G4XX/src/usbpd_pwr_hw_if.o
                0x08009a84                HW_IF_PWR_GetVoltage
 *fill*         0x08009a96        0x2 
 .text.USBPD_TIM_Init
                0x08009a98       0xf4 ./Middlewares/ST/STM32_USBPD_Library/Devices/STM32G4XX/src/usbpd_timersserver.o
                0x08009a98                USBPD_TIM_Init
 .text.USBPD_TIM_DeInit
                0x08009b8c       0x20 ./Middlewares/ST/STM32_USBPD_Library/Devices/STM32G4XX/src/usbpd_timersserver.o
                0x08009b8c                USBPD_TIM_DeInit
 .text.USBPD_TIM_Start
                0x08009bac       0x7e ./Middlewares/ST/STM32_USBPD_Library/Devices/STM32G4XX/src/usbpd_timersserver.o
                0x08009bac                USBPD_TIM_Start
 .text.USBPD_TIM_IsExpired
                0x08009c2a       0x40 ./Middlewares/ST/STM32_USBPD_Library/Devices/STM32G4XX/src/usbpd_timersserver.o
                0x08009c2a                USBPD_TIM_IsExpired
 .text.SysTick_Handler
                0x08009c6a       0x1a ./Middlewares/Third_Party/FreeRTOS/Source/CMSIS_RTOS_V2/cmsis_os2.o
                0x08009c6a                SysTick_Handler
 .text.osKernelInitialize
                0x08009c84       0x24 ./Middlewares/Third_Party/FreeRTOS/Source/CMSIS_RTOS_V2/cmsis_os2.o
                0x08009c84                osKernelInitialize
 .text.osKernelStart
                0x08009ca8       0x34 ./Middlewares/Third_Party/FreeRTOS/Source/CMSIS_RTOS_V2/cmsis_os2.o
                0x08009ca8                osKernelStart
 .text.osThreadNew
                0x08009cdc       0x88 ./Middlewares/Third_Party/FreeRTOS/Source/CMSIS_RTOS_V2/cmsis_os2.o
                0x08009cdc                osThreadNew
 .text.osThreadTerminate
                0x08009d64       0x30 ./Middlewares/Third_Party/FreeRTOS/Source/CMSIS_RTOS_V2/cmsis_os2.o
                0x08009d64                osThreadTerminate
 .text.osDelay  0x08009d94       0x18 ./Middlewares/Third_Party/FreeRTOS/Source/CMSIS_RTOS_V2/cmsis_os2.o
                0x08009d94                osDelay
 .text.osMessageQueueNew
                0x08009dac       0x76 ./Middlewares/Third_Party/FreeRTOS/Source/CMSIS_RTOS_V2/cmsis_os2.o
                0x08009dac                osMessageQueueNew
 .text.osMessageQueuePut
                0x08009e22       0x62 ./Middlewares/Third_Party/FreeRTOS/Source/CMSIS_RTOS_V2/cmsis_os2.o
                0x08009e22                osMessageQueuePut
 .text.osMessageQueueGet
                0x08009e84       0x60 ./Middlewares/Third_Party/FreeRTOS/Source/CMSIS_RTOS_V2/cmsis_os2.o
                0x08009e84                osMessageQueueGet
 .text.vApplicationGetIdleTaskMemory
                0x08009ee4       0x18 ./Middlewares/Third_Party/FreeRTOS/Source/CMSIS_RTOS_V2/cmsis_os2.o
                0x08009ee4                vApplicationGetIdleTaskMemory
 .text.vApplicationGetTimerTaskMemory
                0x08009efc       0x18 ./Middlewares/Third_Party/FreeRTOS/Source/CMSIS_RTOS_V2/cmsis_os2.o
                0x08009efc                vApplicationGetTimerTaskMemory
 .text.vListInitialise
                0x08009f14       0x16 ./Middlewares/Third_Party/FreeRTOS/Source/list.o
                0x08009f14                vListInitialise
 .text.vListInitialiseItem
                0x08009f2a        0x6 ./Middlewares/Third_Party/FreeRTOS/Source/list.o
                0x08009f2a                vListInitialiseItem
 .text.vListInsertEnd
                0x08009f30       0x16 ./Middlewares/Third_Party/FreeRTOS/Source/list.o
                0x08009f30                vListInsertEnd
 .text.vListInsert
                0x08009f46       0x2e ./Middlewares/Third_Party/FreeRTOS/Source/list.o
                0x08009f46                vListInsert
 .text.uxListRemove
                0x08009f74       0x20 ./Middlewares/Third_Party/FreeRTOS/Source/list.o
                0x08009f74                uxListRemove
 .text.prvIsQueueEmpty
                0x08009f94       0x16 ./Middlewares/Third_Party/FreeRTOS/Source/queue.o
 .text.prvCopyDataToQueue
                0x08009faa       0x66 ./Middlewares/Third_Party/FreeRTOS/Source/queue.o
 .text.prvCopyDataFromQueue
                0x0800a010       0x2c ./Middlewares/Third_Party/FreeRTOS/Source/queue.o
 .text.prvUnlockQueue
                0x0800a03c       0x6c ./Middlewares/Third_Party/FreeRTOS/Source/queue.o
 .text.xQueueGenericReset
                0x0800a0a8       0x7e ./Middlewares/Third_Party/FreeRTOS/Source/queue.o
                0x0800a0a8                xQueueGenericReset
 .text.xQueueGenericCreateStatic
                0x0800a126       0x9c ./Middlewares/Third_Party/FreeRTOS/Source/queue.o
                0x0800a126                xQueueGenericCreateStatic
 .text.xQueueGenericCreate
                0x0800a1c2       0x4e ./Middlewares/Third_Party/FreeRTOS/Source/queue.o
                0x0800a1c2                xQueueGenericCreate
 .text.xQueueGenericSend
                0x0800a210      0x164 ./Middlewares/Third_Party/FreeRTOS/Source/queue.o
                0x0800a210                xQueueGenericSend
 .text.xQueueGenericSendFromISR
                0x0800a374       0xba ./Middlewares/Third_Party/FreeRTOS/Source/queue.o
                0x0800a374                xQueueGenericSendFromISR
 .text.xQueueReceive
                0x0800a42e      0x13c ./Middlewares/Third_Party/FreeRTOS/Source/queue.o
                0x0800a42e                xQueueReceive
 .text.xQueueReceiveFromISR
                0x0800a56a       0x9a ./Middlewares/Third_Party/FreeRTOS/Source/queue.o
                0x0800a56a                xQueueReceiveFromISR
 .text.vQueueAddToRegistry
                0x0800a604       0x24 ./Middlewares/Third_Party/FreeRTOS/Source/queue.o
                0x0800a604                vQueueAddToRegistry
 .text.vQueueWaitForMessageRestricted
                0x0800a628       0x46 ./Middlewares/Third_Party/FreeRTOS/Source/queue.o
                0x0800a628                vQueueWaitForMessageRestricted
 *fill*         0x0800a66e        0x2 
 .text.prvAddNewTaskToReadyList
                0x0800a670      0x100 ./Middlewares/Third_Party/FreeRTOS/Source/tasks.o
 .text.prvAddCurrentTaskToDelayedList
                0x0800a770       0x70 ./Middlewares/Third_Party/FreeRTOS/Source/tasks.o
 .text.prvResetNextTaskUnblockTime
                0x0800a7e0       0x24 ./Middlewares/Third_Party/FreeRTOS/Source/tasks.o
 .text.prvDeleteTCB
                0x0800a804       0x3c ./Middlewares/Third_Party/FreeRTOS/Source/tasks.o
 .text.prvIdleTask
                0x0800a840       0x60 ./Middlewares/Third_Party/FreeRTOS/Source/tasks.o
 .text.prvInitialiseNewTask.constprop.0
                0x0800a8a0       0xb8 ./Middlewares/Third_Party/FreeRTOS/Source/tasks.o
 .text.xTaskCreateStatic
                0x0800a958       0x70 ./Middlewares/Third_Party/FreeRTOS/Source/tasks.o
                0x0800a958                xTaskCreateStatic
 .text.xTaskCreate
                0x0800a9c8       0x5c ./Middlewares/Third_Party/FreeRTOS/Source/tasks.o
                0x0800a9c8                xTaskCreate
 .text.vTaskDelete
                0x0800aa24       0xb0 ./Middlewares/Third_Party/FreeRTOS/Source/tasks.o
                0x0800aa24                vTaskDelete
 .text.eTaskGetState
                0x0800aad4       0x84 ./Middlewares/Third_Party/FreeRTOS/Source/tasks.o
                0x0800aad4                eTaskGetState
 .text.vTaskStartScheduler
                0x0800ab58       0xa0 ./Middlewares/Third_Party/FreeRTOS/Source/tasks.o
                0x0800ab58                vTaskStartScheduler
 .text.vTaskSuspendAll
                0x0800abf8       0x10 ./Middlewares/Third_Party/FreeRTOS/Source/tasks.o
                0x0800abf8                vTaskSuspendAll
 .text.xTaskGetTickCount
                0x0800ac08        0xc ./Middlewares/Third_Party/FreeRTOS/Source/tasks.o
                0x0800ac08                xTaskGetTickCount
 .text.xTaskIncrementTick
                0x0800ac14      0x12c ./Middlewares/Third_Party/FreeRTOS/Source/tasks.o
                0x0800ac14                xTaskIncrementTick
 .text.xTaskResumeAll
                0x0800ad40       0xe8 ./Middlewares/Third_Party/FreeRTOS/Source/tasks.o
                0x0800ad40                xTaskResumeAll
 .text.vTaskDelay
                0x0800ae28       0x48 ./Middlewares/Third_Party/FreeRTOS/Source/tasks.o
                0x0800ae28                vTaskDelay
 .text.vTaskSwitchContext
                0x0800ae70       0x80 ./Middlewares/Third_Party/FreeRTOS/Source/tasks.o
                0x0800ae70                vTaskSwitchContext
 .text.vTaskPlaceOnEventList
                0x0800aef0       0x34 ./Middlewares/Third_Party/FreeRTOS/Source/tasks.o
                0x0800aef0                vTaskPlaceOnEventList
 .text.vTaskPlaceOnEventListRestricted
                0x0800af24       0x3c ./Middlewares/Third_Party/FreeRTOS/Source/tasks.o
                0x0800af24                vTaskPlaceOnEventListRestricted
 .text.xTaskRemoveFromEventList
                0x0800af60       0x80 ./Middlewares/Third_Party/FreeRTOS/Source/tasks.o
                0x0800af60                xTaskRemoveFromEventList
 .text.vTaskInternalSetTimeOutState
                0x0800afe0       0x18 ./Middlewares/Third_Party/FreeRTOS/Source/tasks.o
                0x0800afe0                vTaskInternalSetTimeOutState
 .text.xTaskCheckForTimeOut
                0x0800aff8       0x78 ./Middlewares/Third_Party/FreeRTOS/Source/tasks.o
                0x0800aff8                xTaskCheckForTimeOut
 .text.vTaskMissedYield
                0x0800b070        0xc ./Middlewares/Third_Party/FreeRTOS/Source/tasks.o
                0x0800b070                vTaskMissedYield
 .text.xTaskGetSchedulerState
                0x0800b07c       0x20 ./Middlewares/Third_Party/FreeRTOS/Source/tasks.o
                0x0800b07c                xTaskGetSchedulerState
 .text.xTaskPriorityDisinherit
                0x0800b09c       0x84 ./Middlewares/Third_Party/FreeRTOS/Source/tasks.o
                0x0800b09c                xTaskPriorityDisinherit
 .text.prvInsertTimerInActiveList
                0x0800b120       0x3c ./Middlewares/Third_Party/FreeRTOS/Source/timers.o
 .text.prvCheckForValidListAndQueue
                0x0800b15c       0x68 ./Middlewares/Third_Party/FreeRTOS/Source/timers.o
 .text.xTimerCreateTimerTask
                0x0800b1c4       0x64 ./Middlewares/Third_Party/FreeRTOS/Source/timers.o
                0x0800b1c4                xTimerCreateTimerTask
 .text.xTimerGenericCommand
                0x0800b228       0x58 ./Middlewares/Third_Party/FreeRTOS/Source/timers.o
                0x0800b228                xTimerGenericCommand
 .text.prvSampleTimeNow
                0x0800b280       0xa4 ./Middlewares/Third_Party/FreeRTOS/Source/timers.o
 .text.prvTimerTask
                0x0800b324      0x1cc ./Middlewares/Third_Party/FreeRTOS/Source/timers.o
 .text.prvPortStartFirstTask
                0x0800b4f0       0x28 ./Middlewares/Third_Party/FreeRTOS/Source/portable/GCC/ARM_CM4F/port.o
 .text.vPortEnableVFP
                0x0800b518       0x14 ./Middlewares/Third_Party/FreeRTOS/Source/portable/GCC/ARM_CM4F/port.o
 .text.prvTaskExitError
                0x0800b52c       0x40 ./Middlewares/Third_Party/FreeRTOS/Source/portable/GCC/ARM_CM4F/port.o
 .text.pxPortInitialiseStack
                0x0800b56c       0x2c ./Middlewares/Third_Party/FreeRTOS/Source/portable/GCC/ARM_CM4F/port.o
                0x0800b56c                pxPortInitialiseStack
 *fill*         0x0800b598        0x8 
 .text.SVC_Handler
                0x0800b5a0       0x24 ./Middlewares/Third_Party/FreeRTOS/Source/portable/GCC/ARM_CM4F/port.o
                0x0800b5a0                SVC_Handler
 .text.vPortEnterCritical
                0x0800b5c4       0x40 ./Middlewares/Third_Party/FreeRTOS/Source/portable/GCC/ARM_CM4F/port.o
                0x0800b5c4                vPortEnterCritical
 .text.vPortExitCritical
                0x0800b604       0x28 ./Middlewares/Third_Party/FreeRTOS/Source/portable/GCC/ARM_CM4F/port.o
                0x0800b604                vPortExitCritical
 *fill*         0x0800b62c        0x4 
 .text.PendSV_Handler
                0x0800b630       0x64 ./Middlewares/Third_Party/FreeRTOS/Source/portable/GCC/ARM_CM4F/port.o
                0x0800b630                PendSV_Handler
 .text.xPortSysTickHandler
                0x0800b694       0x2c ./Middlewares/Third_Party/FreeRTOS/Source/portable/GCC/ARM_CM4F/port.o
                0x0800b694                xPortSysTickHandler
 .text.vPortSetupTimerInterrupt
                0x0800b6c0       0x24 ./Middlewares/Third_Party/FreeRTOS/Source/portable/GCC/ARM_CM4F/port.o
                0x0800b6c0                vPortSetupTimerInterrupt
 .text.xPortStartScheduler
                0x0800b6e4      0x104 ./Middlewares/Third_Party/FreeRTOS/Source/portable/GCC/ARM_CM4F/port.o
                0x0800b6e4                xPortStartScheduler
 .text.vPortValidateInterruptPriority
                0x0800b7e8       0x5c ./Middlewares/Third_Party/FreeRTOS/Source/portable/GCC/ARM_CM4F/port.o
                0x0800b7e8                vPortValidateInterruptPriority
 .text.prvInsertBlockIntoFreeList
                0x0800b844       0x4c ./Middlewares/Third_Party/FreeRTOS/Source/portable/MemMang/heap_4.o
 .text.pvPortMalloc
                0x0800b890      0x130 ./Middlewares/Third_Party/FreeRTOS/Source/portable/MemMang/heap_4.o
                0x0800b890                pvPortMalloc
 .text.vPortFree
                0x0800b9c0       0x7c ./Middlewares/Third_Party/FreeRTOS/Source/portable/MemMang/heap_4.o
                0x0800b9c0                vPortFree
 .text.MX_USBPD_Init
                0x0800ba3c       0x22 ./USBPD/App/usbpd.o
                0x0800ba3c                MX_USBPD_Init
 *fill*         0x0800ba5e        0x2 
 .text.USBPD_PE_TaskWakeUp
                0x0800ba60       0x20 ./USBPD/App/usbpd_dpm_core.o
 .text.USBPD_DPM_CADTaskWakeUp
                0x0800ba80       0x20 ./USBPD/App/usbpd_dpm_core.o
 .text.PE_Task  0x0800baa0       0x24 ./USBPD/App/usbpd_dpm_core.o
 .text.USBPD_PE_Task_P0
                0x0800bac4        0x8 ./USBPD/App/usbpd_dpm_core.o
                0x0800bac4                USBPD_PE_Task_P0
 .text.USBPD_PE_Task_P1
                0x0800bacc        0x8 ./USBPD/App/usbpd_dpm_core.o
                0x0800bacc                USBPD_PE_Task_P1
 .text.USBPD_CAD_Task
                0x0800bad4       0x1c ./USBPD/App/usbpd_dpm_core.o
                0x0800bad4                USBPD_CAD_Task
 .text.DPM_ManageAttachedState
                0x0800baf0       0x64 ./USBPD/App/usbpd_dpm_core.o
 .text.USBPD_DPM_CADCallback
                0x0800bb54       0x84 ./USBPD/App/usbpd_dpm_core.o
                0x0800bb54                USBPD_DPM_CADCallback
 .text.USBPD_DPM_InitCore
                0x0800bbd8       0x78 ./USBPD/App/usbpd_dpm_core.o
                0x0800bbd8                USBPD_DPM_InitCore
 .text.USBPD_DPM_InitOS
                0x0800bc50       0x48 ./USBPD/App/usbpd_dpm_core.o
                0x0800bc50                USBPD_DPM_InitOS
 .text.USBPD_PWR_IF_SetProfile
                0x0800bc98        0x4 ./USBPD/App/usbpd_pwr_if.o
                0x0800bc98                USBPD_PWR_IF_SetProfile
 .text.USBPD_PWR_IF_SupplyReady
                0x0800bc9c       0x32 ./USBPD/App/usbpd_pwr_if.o
                0x0800bc9c                USBPD_PWR_IF_SupplyReady
 .text.USBPD_PWR_IF_GetVBUSStatus
                0x0800bcce       0x3c ./USBPD/App/usbpd_pwr_if.o
                0x0800bcce                USBPD_PWR_IF_GetVBUSStatus
 .text.USBPD_DPM_UserInit
                0x0800bd0a        0x4 ./USBPD/Target/usbpd_dpm_user.o
                0x0800bd0a                USBPD_DPM_UserInit
 .text.USBPD_DPM_UserCableDetection
                0x0800bd0e        0x2 ./USBPD/Target/usbpd_dpm_user.o
                0x0800bd0e                USBPD_DPM_UserCableDetection
 .text.USBPD_DPM_Notification
                0x0800bd10        0x2 ./USBPD/Target/usbpd_dpm_user.o
                0x0800bd10                USBPD_DPM_Notification
 .text.USBPD_DPM_HardReset
                0x0800bd12        0x2 ./USBPD/Target/usbpd_dpm_user.o
                0x0800bd12                USBPD_DPM_HardReset
 .text.USBPD_DPM_SetupNewPower
                0x0800bd14        0x4 ./USBPD/Target/usbpd_dpm_user.o
                0x0800bd14                USBPD_DPM_SetupNewPower
 .text.USBPD_DPM_EvaluatePowerRoleSwap
                0x0800bd18        0x4 ./USBPD/Target/usbpd_dpm_user.o
                0x0800bd18                USBPD_DPM_EvaluatePowerRoleSwap
 .text.USBPD_DPM_GetDataInfo
                0x0800bd1c        0x2 ./USBPD/Target/usbpd_dpm_user.o
                0x0800bd1c                USBPD_DPM_GetDataInfo
 .text.USBPD_DPM_SetDataInfo
                0x0800bd1e        0x2 ./USBPD/Target/usbpd_dpm_user.o
                0x0800bd1e                USBPD_DPM_SetDataInfo
 .text.USBPD_DPM_EvaluateRequest
                0x0800bd20        0x8 ./USBPD/Target/usbpd_dpm_user.o
                0x0800bd20                USBPD_DPM_EvaluateRequest
 .text.USBPD_DPM_SNK_EvaluateCapabilities
                0x0800bd28        0x2 ./USBPD/Target/usbpd_dpm_user.o
                0x0800bd28                USBPD_DPM_SNK_EvaluateCapabilities
 .text.USBPD_DPM_PowerRoleSwap
                0x0800bd2a        0x2 ./USBPD/Target/usbpd_dpm_user.o
                0x0800bd2a                USBPD_DPM_PowerRoleSwap
 .text.USBPD_DPM_ExtendedMessageReceived
                0x0800bd2c        0x2 ./USBPD/Target/usbpd_dpm_user.o
                0x0800bd2c                USBPD_DPM_ExtendedMessageReceived
 .text.USBPD_DPM_EnterErrorRecovery
                0x0800bd2e        0x4 ./USBPD/Target/usbpd_dpm_user.o
                0x0800bd2e                USBPD_DPM_EnterErrorRecovery
 *fill*         0x0800bd32        0x2 
 .text.USBPD_DPM_EvaluateDataRoleSwap
                0x0800bd34       0x44 ./USBPD/Target/usbpd_dpm_user.o
                0x0800bd34                USBPD_DPM_EvaluateDataRoleSwap
 .text.USBPD_DPM_IsPowerReady
                0x0800bd78        0xe ./USBPD/Target/usbpd_dpm_user.o
                0x0800bd78                USBPD_DPM_IsPowerReady
 .text.BSP_USBPD_PWR_Init
                0x0800bd86        0xc ./USBPD/Target/usbpd_pwr_user.o
                0x0800bd86                BSP_USBPD_PWR_Init
 .text.BSP_USBPD_PWR_VBUSInit
                0x0800bd92        0xc ./USBPD/Target/usbpd_pwr_user.o
                0x0800bd92                BSP_USBPD_PWR_VBUSInit
 .text.BSP_USBPD_PWR_VBUSDeInit
                0x0800bd9e        0xe ./USBPD/Target/usbpd_pwr_user.o
                0x0800bd9e                BSP_USBPD_PWR_VBUSDeInit
 .text.BSP_USBPD_PWR_VBUSGetVoltage
                0x0800bdac       0x1a ./USBPD/Target/usbpd_pwr_user.o
                0x0800bdac                BSP_USBPD_PWR_VBUSGetVoltage
 *fill*         0x0800bdc6        0x2 
 .text.malloc   0x0800bdc8       0x10 C:/ST/STM32CubeIDE_1.18.1/STM32CubeIDE/plugins/com.st.stm32cube.ide.mcu.externaltools.gnu-tools-for-stm32.13.3.rel1.win32_1.0.0.202411081344/tools/bin/../lib/gcc/arm-none-eabi/13.3.1/../../../../arm-none-eabi/lib/thumb/v7e-m+fp/hard\libc_nano.a(libc_a-malloc.o)
                0x0800bdc8                malloc
 .text.sbrk_aligned
                0x0800bdd8       0x44 C:/ST/STM32CubeIDE_1.18.1/STM32CubeIDE/plugins/com.st.stm32cube.ide.mcu.externaltools.gnu-tools-for-stm32.13.3.rel1.win32_1.0.0.202411081344/tools/bin/../lib/gcc/arm-none-eabi/13.3.1/../../../../arm-none-eabi/lib/thumb/v7e-m+fp/hard\libc_nano.a(libc_a-mallocr.o)
 .text._malloc_r
                0x0800be1c      0x100 C:/ST/STM32CubeIDE_1.18.1/STM32CubeIDE/plugins/com.st.stm32cube.ide.mcu.externaltools.gnu-tools-for-stm32.13.3.rel1.win32_1.0.0.202411081344/tools/bin/../lib/gcc/arm-none-eabi/13.3.1/../../../../arm-none-eabi/lib/thumb/v7e-m+fp/hard\libc_nano.a(libc_a-mallocr.o)
                0x0800be1c                _malloc_r
 .text.__malloc_lock
                0x0800bf1c        0xc C:/ST/STM32CubeIDE_1.18.1/STM32CubeIDE/plugins/com.st.stm32cube.ide.mcu.externaltools.gnu-tools-for-stm32.13.3.rel1.win32_1.0.0.202411081344/tools/bin/../lib/gcc/arm-none-eabi/13.3.1/../../../../arm-none-eabi/lib/thumb/v7e-m+fp/hard\libc_nano.a(libc_a-mlock.o)
                0x0800bf1c                __malloc_lock
 .text.__malloc_unlock
                0x0800bf28        0xc C:/ST/STM32CubeIDE_1.18.1/STM32CubeIDE/plugins/com.st.stm32cube.ide.mcu.externaltools.gnu-tools-for-stm32.13.3.rel1.win32_1.0.0.202411081344/tools/bin/../lib/gcc/arm-none-eabi/13.3.1/../../../../arm-none-eabi/lib/thumb/v7e-m+fp/hard\libc_nano.a(libc_a-mlock.o)
                0x0800bf28                __malloc_unlock
 .text.memset   0x0800bf34       0x10 C:/ST/STM32CubeIDE_1.18.1/STM32CubeIDE/plugins/com.st.stm32cube.ide.mcu.externaltools.gnu-tools-for-stm32.13.3.rel1.win32_1.0.0.202411081344/tools/bin/../lib/gcc/arm-none-eabi/13.3.1/../../../../arm-none-eabi/lib/thumb/v7e-m+fp/hard\libc_nano.a(libc_a-memset.o)
                0x0800bf34                memset
 .text._reclaim_reent
                0x0800bf44       0xbc C:/ST/STM32CubeIDE_1.18.1/STM32CubeIDE/plugins/com.st.stm32cube.ide.mcu.externaltools.gnu-tools-for-stm32.13.3.rel1.win32_1.0.0.202411081344/tools/bin/../lib/gcc/arm-none-eabi/13.3.1/../../../../arm-none-eabi/lib/thumb/v7e-m+fp/hard\libc_nano.a(libc_a-reent.o)
                0x0800bf44                _reclaim_reent
 .text._sbrk_r  0x0800c000       0x20 C:/ST/STM32CubeIDE_1.18.1/STM32CubeIDE/plugins/com.st.stm32cube.ide.mcu.externaltools.gnu-tools-for-stm32.13.3.rel1.win32_1.0.0.202411081344/tools/bin/../lib/gcc/arm-none-eabi/13.3.1/../../../../arm-none-eabi/lib/thumb/v7e-m+fp/hard\libc_nano.a(libc_a-sbrkr.o)
                0x0800c000                _sbrk_r
 .text.__errno  0x0800c020        0xc C:/ST/STM32CubeIDE_1.18.1/STM32CubeIDE/plugins/com.st.stm32cube.ide.mcu.externaltools.gnu-tools-for-stm32.13.3.rel1.win32_1.0.0.202411081344/tools/bin/../lib/gcc/arm-none-eabi/13.3.1/../../../../arm-none-eabi/lib/thumb/v7e-m+fp/hard\libc_nano.a(libc_a-errno.o)
                0x0800c020                __errno
 .text.__libc_init_array
                0x0800c02c       0x48 C:/ST/STM32CubeIDE_1.18.1/STM32CubeIDE/plugins/com.st.stm32cube.ide.mcu.externaltools.gnu-tools-for-stm32.13.3.rel1.win32_1.0.0.202411081344/tools/bin/../lib/gcc/arm-none-eabi/13.3.1/../../../../arm-none-eabi/lib/thumb/v7e-m+fp/hard\libc_nano.a(libc_a-init.o)
                0x0800c02c                __libc_init_array
 .text.__retarget_lock_acquire_recursive
                0x0800c074        0x2 C:/ST/STM32CubeIDE_1.18.1/STM32CubeIDE/plugins/com.st.stm32cube.ide.mcu.externaltools.gnu-tools-for-stm32.13.3.rel1.win32_1.0.0.202411081344/tools/bin/../lib/gcc/arm-none-eabi/13.3.1/../../../../arm-none-eabi/lib/thumb/v7e-m+fp/hard\libc_nano.a(libc_a-lock.o)
                0x0800c074                __retarget_lock_acquire_recursive
 .text.__retarget_lock_release_recursive
                0x0800c076        0x2 C:/ST/STM32CubeIDE_1.18.1/STM32CubeIDE/plugins/com.st.stm32cube.ide.mcu.externaltools.gnu-tools-for-stm32.13.3.rel1.win32_1.0.0.202411081344/tools/bin/../lib/gcc/arm-none-eabi/13.3.1/../../../../arm-none-eabi/lib/thumb/v7e-m+fp/hard\libc_nano.a(libc_a-lock.o)
                0x0800c076                __retarget_lock_release_recursive
 .text.__aeabi_memcpy
                0x0800c078        0x4 C:/ST/STM32CubeIDE_1.18.1/STM32CubeIDE/plugins/com.st.stm32cube.ide.mcu.externaltools.gnu-tools-for-stm32.13.3.rel1.win32_1.0.0.202411081344/tools/bin/../lib/gcc/arm-none-eabi/13.3.1/../../../../arm-none-eabi/lib/thumb/v7e-m+fp/hard\libc_nano.a(libc_a-aeabi_memcpy.o)
                0x0800c078                __aeabi_memcpy4
                0x0800c078                __aeabi_memcpy8
                0x0800c078                __aeabi_memcpy
 .text.__aeabi_memclr
                0x0800c07c        0x6 C:/ST/STM32CubeIDE_1.18.1/STM32CubeIDE/plugins/com.st.stm32cube.ide.mcu.externaltools.gnu-tools-for-stm32.13.3.rel1.win32_1.0.0.202411081344/tools/bin/../lib/gcc/arm-none-eabi/13.3.1/../../../../arm-none-eabi/lib/thumb/v7e-m+fp/hard\libc_nano.a(libc_a-aeabi_memclr.o)
                0x0800c07c                __aeabi_memclr
                0x0800c07c                __aeabi_memclr4
                0x0800c07c                __aeabi_memclr8
 .text.memcpy   0x0800c082       0x1c C:/ST/STM32CubeIDE_1.18.1/STM32CubeIDE/plugins/com.st.stm32cube.ide.mcu.externaltools.gnu-tools-for-stm32.13.3.rel1.win32_1.0.0.202411081344/tools/bin/../lib/gcc/arm-none-eabi/13.3.1/../../../../arm-none-eabi/lib/thumb/v7e-m+fp/hard\libc_nano.a(libc_a-memcpy-stub.o)
                0x0800c082                memcpy
 *fill*         0x0800c09e        0x2 
 .text._free_r  0x0800c0a0       0x94 C:/ST/STM32CubeIDE_1.18.1/STM32CubeIDE/plugins/com.st.stm32cube.ide.mcu.externaltools.gnu-tools-for-stm32.13.3.rel1.win32_1.0.0.202411081344/tools/bin/../lib/gcc/arm-none-eabi/13.3.1/../../../../arm-none-eabi/lib/thumb/v7e-m+fp/hard\libc_nano.a(libc_a-freer.o)
                0x0800c0a0                _free_r
 *(.glue_7)
 .glue_7        0x0800c134        0x0 linker stubs
 *(.glue_7t)
 .glue_7t       0x0800c134        0x0 linker stubs
 *(.eh_frame)
 .eh_frame      0x0800c134        0x0 C:/ST/STM32CubeIDE_1.18.1/STM32CubeIDE/plugins/com.st.stm32cube.ide.mcu.externaltools.gnu-tools-for-stm32.13.3.rel1.win32_1.0.0.202411081344/tools/bin/../lib/gcc/arm-none-eabi/13.3.1/thumb/v7e-m+fp/hard/crtbegin.o
 *(.init)
 .init          0x0800c134        0x4 C:/ST/STM32CubeIDE_1.18.1/STM32CubeIDE/plugins/com.st.stm32cube.ide.mcu.externaltools.gnu-tools-for-stm32.13.3.rel1.win32_1.0.0.202411081344/tools/bin/../lib/gcc/arm-none-eabi/13.3.1/thumb/v7e-m+fp/hard/crti.o
                0x0800c134                _init
 .init          0x0800c138        0x8 C:/ST/STM32CubeIDE_1.18.1/STM32CubeIDE/plugins/com.st.stm32cube.ide.mcu.externaltools.gnu-tools-for-stm32.13.3.rel1.win32_1.0.0.202411081344/tools/bin/../lib/gcc/arm-none-eabi/13.3.1/thumb/v7e-m+fp/hard/crtn.o
 *(.fini)
 .fini          0x0800c140        0x4 C:/ST/STM32CubeIDE_1.18.1/STM32CubeIDE/plugins/com.st.stm32cube.ide.mcu.externaltools.gnu-tools-for-stm32.13.3.rel1.win32_1.0.0.202411081344/tools/bin/../lib/gcc/arm-none-eabi/13.3.1/thumb/v7e-m+fp/hard/crti.o
                0x0800c140                _fini
 .fini          0x0800c144        0x8 C:/ST/STM32CubeIDE_1.18.1/STM32CubeIDE/plugins/com.st.stm32cube.ide.mcu.externaltools.gnu-tools-for-stm32.13.3.rel1.win32_1.0.0.202411081344/tools/bin/../lib/gcc/arm-none-eabi/13.3.1/thumb/v7e-m+fp/hard/crtn.o
                0x0800c14c                        . = ALIGN (0x4)
                0x0800c14c                        _etext = .

.vfp11_veneer   0x0800c14c        0x0
 .vfp11_veneer  0x0800c14c        0x0 linker stubs

.v4_bx          0x0800c14c        0x0
 .v4_bx         0x0800c14c        0x0 linker stubs

.iplt           0x0800c14c        0x0
 .iplt          0x0800c14c        0x0 C:/ST/STM32CubeIDE_1.18.1/STM32CubeIDE/plugins/com.st.stm32cube.ide.mcu.externaltools.gnu-tools-for-stm32.13.3.rel1.win32_1.0.0.202411081344/tools/bin/../lib/gcc/arm-none-eabi/13.3.1/thumb/v7e-m+fp/hard/crtbegin.o

.rodata         0x0800c14c      0x160
                0x0800c14c                        . = ALIGN (0x4)
 *(.rodata)
 .rodata        0x0800c14c       0x2d ./Middlewares/ST/STM32_USBPD_Library/Devices/STM32G4XX/src/usbpd_cad_hw_if.o
 .rodata        0x0800c179        0x6 ./Middlewares/ST/STM32_USBPD_Library/Devices/STM32G4XX/src/usbpd_phy.o
 *fill*         0x0800c17f        0x1 
 .rodata        0x0800c180       0x4c ../Middlewares/ST/STM32_USBPD_Library/Core/lib\USBPDCORE_PD3_FULL_CM4_wc32.a(usbpd_pe.o)
 *(.rodata*)
 .rodata.str1.1
                0x0800c1cc       0x2c ./Core/Src/main.o
                                  0xc (size before relaxing)
 .rodata._ZL22defaultTask_attributes
                0x0800c1f8       0x24 ./Core/Src/main.o
 .rodata.APBPrescTable
                0x0800c21c        0x8 ./Core/Src/system_stm32g4xx.o
                0x0800c21c                APBPrescTable
 .rodata.AHBPrescTable
                0x0800c224       0x10 ./Core/Src/system_stm32g4xx.o
                0x0800c224                AHBPrescTable
 .rodata.UARTPrescTable
                0x0800c234       0x18 ./Drivers/STM32G4xx_HAL_Driver/Src/stm32g4xx_hal_uart.o
                0x0800c234                UARTPrescTable
 .rodata.denominator.0
                0x0800c24c        0x8 ./Drivers/STM32G4xx_HAL_Driver/Src/stm32g4xx_hal_uart_ex.o
 .rodata.numerator.1
                0x0800c254        0x8 ./Drivers/STM32G4xx_HAL_Driver/Src/stm32g4xx_hal_uart_ex.o
 .rodata.CHANNEL_OFFSET_TAB
                0x0800c25c        0x6 ./Drivers/STM32G4xx_HAL_Driver/Src/stm32g4xx_ll_dma.o
 .rodata.vTaskStartScheduler.str1.1
                0x0800c262        0x5 ./Middlewares/Third_Party/FreeRTOS/Source/tasks.o
 .rodata.prvCheckForValidListAndQueue.str1.1
                0x0800c262        0x5 ./Middlewares/Third_Party/FreeRTOS/Source/timers.o
 .rodata.xTimerCreateTimerTask.str1.1
                0x0800c262        0x8 ./Middlewares/Third_Party/FreeRTOS/Source/timers.o
 *fill*         0x0800c262        0x2 
 .rodata.dpmCallbacks.0
                0x0800c264       0x40 ./USBPD/App/usbpd_dpm_core.o
 .rodata.CAD_cbs.1
                0x0800c2a4        0x8 ./USBPD/App/usbpd_dpm_core.o
 .rodata.str1.1
                0x0800c2ac        0xe ./USBPD/App/usbpd_dpm_core.o
                0x0800c2bc                        . = ALIGN (0x4)

.ARM.extab      0x0800c2ac        0x0
                0x0800c2ac                        . = ALIGN (0x4)
 *(.ARM.extab* .gnu.linkonce.armextab.*)
                0x0800c2ac                        . = ALIGN (0x4)

.ARM            0x0800c2ac        0x8
                0x0800c2ac                        . = ALIGN (0x4)
                0x0800c2ac                        __exidx_start = .
 *(.ARM.exidx*)
 .ARM.exidx     0x0800c2ac        0x8 C:/ST/STM32CubeIDE_1.18.1/STM32CubeIDE/plugins/com.st.stm32cube.ide.mcu.externaltools.gnu-tools-for-stm32.13.3.rel1.win32_1.0.0.202411081344/tools/bin/../lib/gcc/arm-none-eabi/13.3.1/../../../../arm-none-eabi/lib/thumb/v7e-m+fp/hard\libc_nano.a(libc_a-aeabi_memset-soft.o)
 .ARM.exidx     0x0800c2b4        0x0 C:/ST/STM32CubeIDE_1.18.1/STM32CubeIDE/plugins/com.st.stm32cube.ide.mcu.externaltools.gnu-tools-for-stm32.13.3.rel1.win32_1.0.0.202411081344/tools/bin/../lib/gcc/arm-none-eabi/13.3.1/thumb/v7e-m+fp/hard\libgcc.a(_udivmoddi4.o)
                                  0x8 (size before relaxing)
                0x0800c2b4                        __exidx_end = .
                0x0800c2b4                        . = ALIGN (0x4)

.preinit_array  0x0800c2b4        0x0
                0x0800c2b4                        . = ALIGN (0x4)
                0x0800c2b4                        PROVIDE (__preinit_array_start = .)
 *(.preinit_array*)
                0x0800c2b4                        PROVIDE (__preinit_array_end = .)
                0x0800c2b4                        . = ALIGN (0x4)

.init_array     0x0800c2b4        0x8
                0x0800c2b4                        . = ALIGN (0x4)
                0x0800c2b4                        PROVIDE (__init_array_start = .)
 *(SORT_BY_NAME(.init_array.*))
 *(.init_array*)
 .init_array    0x0800c2b4        0x4 C:/ST/STM32CubeIDE_1.18.1/STM32CubeIDE/plugins/com.st.stm32cube.ide.mcu.externaltools.gnu-tools-for-stm32.13.3.rel1.win32_1.0.0.202411081344/tools/bin/../lib/gcc/arm-none-eabi/13.3.1/thumb/v7e-m+fp/hard/crtbegin.o
 .init_array    0x0800c2b8        0x4 ./Core/Src/main.o
                0x0800c2bc                        PROVIDE (__init_array_end = .)
                0x0800c2bc                        . = ALIGN (0x4)

.fini_array     0x0800c2bc        0x8
                0x0800c2bc                        . = ALIGN (0x4)
                [!provide]                        PROVIDE (__fini_array_start = .)
 *(SORT_BY_NAME(.fini_array.*))
 *(.fini_array*)
 .fini_array    0x0800c2bc        0x4 C:/ST/STM32CubeIDE_1.18.1/STM32CubeIDE/plugins/com.st.stm32cube.ide.mcu.externaltools.gnu-tools-for-stm32.13.3.rel1.win32_1.0.0.202411081344/tools/bin/../lib/gcc/arm-none-eabi/13.3.1/thumb/v7e-m+fp/hard/crtbegin.o
 .fini_array    0x0800c2c0        0x4 ./Core/Src/main.o
                [!provide]                        PROVIDE (__fini_array_end = .)
                0x0800c2c4                        . = ALIGN (0x4)
                0x0800c2c4                        _sidata = LOADADDR (.data)

.rel.dyn        0x0800c2c4        0x0
 .rel.iplt      0x0800c2c4        0x0 C:/ST/STM32CubeIDE_1.18.1/STM32CubeIDE/plugins/com.st.stm32cube.ide.mcu.externaltools.gnu-tools-for-stm32.13.3.rel1.win32_1.0.0.202411081344/tools/bin/../lib/gcc/arm-none-eabi/13.3.1/thumb/v7e-m+fp/hard/crtbegin.o

.data           0x20000000      0x134 load address 0x0800c2c4
                0x20000000                        . = ALIGN (0x4)
                0x20000000                        _sdata = .
 *(.data)
 .data          0x20000000        0x4 ../Middlewares/ST/STM32_USBPD_Library/Core/lib\USBPDCORE_PD3_FULL_CM4_wc32.a(usbpd_pe_lib.o)
                0x20000000                USBPD_Trace
 *(.data*)
 .data.SystemCoreClock
                0x20000004        0x4 ./Core/Src/system_stm32g4xx.o
                0x20000004                SystemCoreClock
 .data.uwTickFreq
                0x20000008        0x4 ./Drivers/STM32G4xx_HAL_Driver/Src/stm32g4xx_hal.o
                0x20000008                uwTickFreq
 .data.uwTickPrio
                0x2000000c        0x4 ./Drivers/STM32G4xx_HAL_Driver/Src/stm32g4xx_hal.o
                0x2000000c                uwTickPrio
 .data.uxCriticalNesting
                0x20000010        0x4 ./Middlewares/Third_Party/FreeRTOS/Source/portable/GCC/ARM_CM4F/port.o
 .data.CAD_Thread_Atrr
                0x20000014       0x24 ./USBPD/App/usbpd_dpm_core.o
                0x20000014                CAD_Thread_Atrr
 .data.PE1_Thread_Atrr
                0x20000038       0x24 ./USBPD/App/usbpd_dpm_core.o
                0x20000038                PE1_Thread_Atrr
 .data.PE0_Thread_Atrr
                0x2000005c       0x24 ./USBPD/App/usbpd_dpm_core.o
                0x2000005c                PE0_Thread_Atrr
 .data.DPM_USER_Settings
                0x20000080       0x58 ./USBPD/App/usbpd_dpm_core.o
                0x20000080                DPM_USER_Settings
 .data.DPM_Settings
                0x200000d8        0xc ./USBPD/App/usbpd_dpm_core.o
                0x200000d8                DPM_Settings
 .data._impure_ptr
                0x200000e4        0x4 C:/ST/STM32CubeIDE_1.18.1/STM32CubeIDE/plugins/com.st.stm32cube.ide.mcu.externaltools.gnu-tools-for-stm32.13.3.rel1.win32_1.0.0.202411081344/tools/bin/../lib/gcc/arm-none-eabi/13.3.1/../../../../arm-none-eabi/lib/thumb/v7e-m+fp/hard\libc_nano.a(libc_a-impure.o)
                0x200000e4                _impure_ptr
 .data._impure_data
                0x200000e8       0x4c C:/ST/STM32CubeIDE_1.18.1/STM32CubeIDE/plugins/com.st.stm32cube.ide.mcu.externaltools.gnu-tools-for-stm32.13.3.rel1.win32_1.0.0.202411081344/tools/bin/../lib/gcc/arm-none-eabi/13.3.1/../../../../arm-none-eabi/lib/thumb/v7e-m+fp/hard\libc_nano.a(libc_a-impure.o)
                0x200000e8                _impure_data
 *(.RamFunc)
 *(.RamFunc*)
                0x20000134                        . = ALIGN (0x4)
                0x20000134                        _edata = .

.igot.plt       0x20000134        0x0 load address 0x0800c3f8
 .igot.plt      0x20000134        0x0 C:/ST/STM32CubeIDE_1.18.1/STM32CubeIDE/plugins/com.st.stm32cube.ide.mcu.externaltools.gnu-tools-for-stm32.13.3.rel1.win32_1.0.0.202411081344/tools/bin/../lib/gcc/arm-none-eabi/13.3.1/thumb/v7e-m+fp/hard/crtbegin.o
                0x20000134                        . = ALIGN (0x4)

.bss            0x20000134     0x30d0 load address 0x0800c3f8
                0x20000134                        _sbss = .
                0x20000134                        __bss_start__ = _sbss
 *(.bss)
 .bss           0x20000134       0x1c C:/ST/STM32CubeIDE_1.18.1/STM32CubeIDE/plugins/com.st.stm32cube.ide.mcu.externaltools.gnu-tools-for-stm32.13.3.rel1.win32_1.0.0.202411081344/tools/bin/../lib/gcc/arm-none-eabi/13.3.1/thumb/v7e-m+fp/hard/crtbegin.o
 .bss           0x20000150        0xc ../Middlewares/ST/STM32_USBPD_Library/Core/lib\USBPDCORE_PD3_FULL_CM4_wc32.a(usbpd_cad.o)
 .bss           0x2000015c        0xc ../Middlewares/ST/STM32_USBPD_Library/Core/lib\USBPDCORE_PD3_FULL_CM4_wc32.a(usbpd_pe.o)
                0x2000015c                PE_Handles
 .bss           0x20000168        0xc ../Middlewares/ST/STM32_USBPD_Library/Core/lib\USBPDCORE_PD3_FULL_CM4_wc32.a(usbpd_prl.o)
 *(.bss*)
 .bss.statemachine
                0x20000174       0x14 ./Core/Src/main.o
                0x20000174                statemachine
 .bss.defaultTaskHandle
                0x20000188        0x4 ./Core/Src/main.o
                0x20000188                defaultTaskHandle
 .bss.huart4    0x2000018c       0x94 ./Core/Src/main.o
                0x2000018c                huart4
 .bss.htim8     0x20000220       0x4c ./Core/Src/main.o
                0x20000220                htim8
 .bss.hadc1     0x2000026c       0x6c ./Core/Src/main.o
                0x2000026c                hadc1
 .bss.htim1     0x200002d8       0x4c ./Core/Src/stm32g4xx_hal_timebase_tim.o
                0x200002d8                htim1
 .bss.__sbrk_heap_end
                0x20000324        0x4 ./Core/Src/sysmem.o
 .bss.uwTick    0x20000328        0x4 ./Drivers/STM32G4xx_HAL_Driver/Src/stm32g4xx_hal.o
                0x20000328                uwTick
 .bss.CAD_HW_Handles
                0x2000032c       0x10 ./Middlewares/ST/STM32_USBPD_Library/Devices/STM32G4XX/src/usbpd_cad_hw_if.o
 .bss.ovrflag.0
                0x2000033c        0x1 ./Middlewares/ST/STM32_USBPD_Library/Devices/STM32G4XX/src/usbpd_hw_if_it.o
 *fill*         0x2000033d        0x3 
 .bss.PHY_Ports
                0x20000340        0x8 ./Middlewares/ST/STM32_USBPD_Library/Devices/STM32G4XX/src/usbpd_phy.o
 .bss.Ports     0x20000348       0x3c ./Middlewares/ST/STM32_USBPD_Library/Devices/STM32G4XX/src/usbpd_phy_hw_if.o
                0x20000348                Ports
 .bss.timer_initcounter
                0x20000384        0x1 ./Middlewares/ST/STM32_USBPD_Library/Devices/STM32G4XX/src/usbpd_timersserver.o
                0x20000384                timer_initcounter
 *fill*         0x20000385        0x3 
 .bss.Timer_Stack.0
                0x20000388      0x400 ./Middlewares/Third_Party/FreeRTOS/Source/CMSIS_RTOS_V2/cmsis_os2.o
 .bss.Timer_TCB.1
                0x20000788       0xa8 ./Middlewares/Third_Party/FreeRTOS/Source/CMSIS_RTOS_V2/cmsis_os2.o
 .bss.Idle_Stack.2
                0x20000830      0x200 ./Middlewares/Third_Party/FreeRTOS/Source/CMSIS_RTOS_V2/cmsis_os2.o
 .bss.Idle_TCB.3
                0x20000a30       0xa8 ./Middlewares/Third_Party/FreeRTOS/Source/CMSIS_RTOS_V2/cmsis_os2.o
 .bss.KernelState
                0x20000ad8        0x4 ./Middlewares/Third_Party/FreeRTOS/Source/CMSIS_RTOS_V2/cmsis_os2.o
 .bss.xQueueRegistry
                0x20000adc       0x40 ./Middlewares/Third_Party/FreeRTOS/Source/queue.o
                0x20000adc                xQueueRegistry
 .bss.uxSchedulerSuspended
                0x20000b1c        0x4 ./Middlewares/Third_Party/FreeRTOS/Source/tasks.o
 .bss.xNextTaskUnblockTime
                0x20000b20        0x4 ./Middlewares/Third_Party/FreeRTOS/Source/tasks.o
 .bss.uxTaskNumber
                0x20000b24        0x4 ./Middlewares/Third_Party/FreeRTOS/Source/tasks.o
 .bss.xNumOfOverflows
                0x20000b28        0x4 ./Middlewares/Third_Party/FreeRTOS/Source/tasks.o
 .bss.xYieldPending
                0x20000b2c        0x4 ./Middlewares/Third_Party/FreeRTOS/Source/tasks.o
 .bss.xPendedTicks
                0x20000b30        0x4 ./Middlewares/Third_Party/FreeRTOS/Source/tasks.o
 .bss.xSchedulerRunning
                0x20000b34        0x4 ./Middlewares/Third_Party/FreeRTOS/Source/tasks.o
 .bss.uxTopReadyPriority
                0x20000b38        0x4 ./Middlewares/Third_Party/FreeRTOS/Source/tasks.o
 .bss.xTickCount
                0x20000b3c        0x4 ./Middlewares/Third_Party/FreeRTOS/Source/tasks.o
 .bss.uxCurrentNumberOfTasks
                0x20000b40        0x4 ./Middlewares/Third_Party/FreeRTOS/Source/tasks.o
 .bss.xSuspendedTaskList
                0x20000b44       0x14 ./Middlewares/Third_Party/FreeRTOS/Source/tasks.o
 .bss.uxDeletedTasksWaitingCleanUp
                0x20000b58        0x4 ./Middlewares/Third_Party/FreeRTOS/Source/tasks.o
 .bss.xTasksWaitingTermination
                0x20000b5c       0x14 ./Middlewares/Third_Party/FreeRTOS/Source/tasks.o
 .bss.xPendingReadyList
                0x20000b70       0x14 ./Middlewares/Third_Party/FreeRTOS/Source/tasks.o
 .bss.pxOverflowDelayedTaskList
                0x20000b84        0x4 ./Middlewares/Third_Party/FreeRTOS/Source/tasks.o
 .bss.pxDelayedTaskList
                0x20000b88        0x4 ./Middlewares/Third_Party/FreeRTOS/Source/tasks.o
 .bss.xDelayedTaskList2
                0x20000b8c       0x14 ./Middlewares/Third_Party/FreeRTOS/Source/tasks.o
 .bss.xDelayedTaskList1
                0x20000ba0       0x14 ./Middlewares/Third_Party/FreeRTOS/Source/tasks.o
 .bss.pxReadyTasksLists
                0x20000bb4      0x460 ./Middlewares/Third_Party/FreeRTOS/Source/tasks.o
 .bss.pxCurrentTCB
                0x20001014        0x4 ./Middlewares/Third_Party/FreeRTOS/Source/tasks.o
                0x20001014                pxCurrentTCB
 .bss.xStaticTimerQueue.0
                0x20001018       0x50 ./Middlewares/Third_Party/FreeRTOS/Source/timers.o
 .bss.ucStaticTimerQueueStorage.1
                0x20001068       0xa0 ./Middlewares/Third_Party/FreeRTOS/Source/timers.o
 .bss.xLastTime.2
                0x20001108        0x4 ./Middlewares/Third_Party/FreeRTOS/Source/timers.o
 .bss.xTimerTaskHandle
                0x2000110c        0x4 ./Middlewares/Third_Party/FreeRTOS/Source/timers.o
 .bss.xTimerQueue
                0x20001110        0x4 ./Middlewares/Third_Party/FreeRTOS/Source/timers.o
 .bss.pxOverflowTimerList
                0x20001114        0x4 ./Middlewares/Third_Party/FreeRTOS/Source/timers.o
 .bss.pxCurrentTimerList
                0x20001118        0x4 ./Middlewares/Third_Party/FreeRTOS/Source/timers.o
 .bss.xActiveTimerList2
                0x2000111c       0x14 ./Middlewares/Third_Party/FreeRTOS/Source/timers.o
 .bss.xActiveTimerList1
                0x20001130       0x14 ./Middlewares/Third_Party/FreeRTOS/Source/timers.o
 .bss.ulMaxPRIGROUPValue
                0x20001144        0x4 ./Middlewares/Third_Party/FreeRTOS/Source/portable/GCC/ARM_CM4F/port.o
 .bss.ucMaxSysCallPriority
                0x20001148        0x1 ./Middlewares/Third_Party/FreeRTOS/Source/portable/GCC/ARM_CM4F/port.o
 *fill*         0x20001149        0x3 
 .bss.xBlockAllocatedBit
                0x2000114c        0x4 ./Middlewares/Third_Party/FreeRTOS/Source/portable/MemMang/heap_4.o
 .bss.xNumberOfSuccessfulFrees
                0x20001150        0x4 ./Middlewares/Third_Party/FreeRTOS/Source/portable/MemMang/heap_4.o
 .bss.xNumberOfSuccessfulAllocations
                0x20001154        0x4 ./Middlewares/Third_Party/FreeRTOS/Source/portable/MemMang/heap_4.o
 .bss.xMinimumEverFreeBytesRemaining
                0x20001158        0x4 ./Middlewares/Third_Party/FreeRTOS/Source/portable/MemMang/heap_4.o
 .bss.xFreeBytesRemaining
                0x2000115c        0x4 ./Middlewares/Third_Party/FreeRTOS/Source/portable/MemMang/heap_4.o
 .bss.pxEnd     0x20001160        0x4 ./Middlewares/Third_Party/FreeRTOS/Source/portable/MemMang/heap_4.o
 .bss.xStart    0x20001164        0x8 ./Middlewares/Third_Party/FreeRTOS/Source/portable/MemMang/heap_4.o
 .bss.ucHeap    0x2000116c     0x1f40 ./Middlewares/Third_Party/FreeRTOS/Source/portable/MemMang/heap_4.o
 .bss.DPM_Params
                0x200030ac        0x4 ./USBPD/App/usbpd_dpm_core.o
                0x200030ac                DPM_Params
 .bss.PEQueueId
                0x200030b0        0x4 ./USBPD/App/usbpd_dpm_core.o
 .bss.DPM_PEThreadId_Table
                0x200030b4        0x4 ./USBPD/App/usbpd_dpm_core.o
 .bss.CADQueueId
                0x200030b8        0x4 ./USBPD/App/usbpd_dpm_core.o
 .bss.__malloc_sbrk_start
                0x200030bc        0x4 C:/ST/STM32CubeIDE_1.18.1/STM32CubeIDE/plugins/com.st.stm32cube.ide.mcu.externaltools.gnu-tools-for-stm32.13.3.rel1.win32_1.0.0.202411081344/tools/bin/../lib/gcc/arm-none-eabi/13.3.1/../../../../arm-none-eabi/lib/thumb/v7e-m+fp/hard\libc_nano.a(libc_a-mallocr.o)
                0x200030bc                __malloc_sbrk_start
 .bss.__malloc_free_list
                0x200030c0        0x4 C:/ST/STM32CubeIDE_1.18.1/STM32CubeIDE/plugins/com.st.stm32cube.ide.mcu.externaltools.gnu-tools-for-stm32.13.3.rel1.win32_1.0.0.202411081344/tools/bin/../lib/gcc/arm-none-eabi/13.3.1/../../../../arm-none-eabi/lib/thumb/v7e-m+fp/hard\libc_nano.a(libc_a-mallocr.o)
                0x200030c0                __malloc_free_list
 .bss.__sf      0x200030c4      0x138 C:/ST/STM32CubeIDE_1.18.1/STM32CubeIDE/plugins/com.st.stm32cube.ide.mcu.externaltools.gnu-tools-for-stm32.13.3.rel1.win32_1.0.0.202411081344/tools/bin/../lib/gcc/arm-none-eabi/13.3.1/../../../../arm-none-eabi/lib/thumb/v7e-m+fp/hard\libc_nano.a(libc_a-findfp.o)
                0x200030c4                __sf