../USBPD/Target/usbpd_dpm_user.c:150:21:USBPD_DPM_UserInit	0	static
../USBPD/Target/usbpd_dpm_user.c:162:6:USBPD_DPM_WaitForTime	0	static
../USBPD/Target/usbpd_dpm_user.c:175:6:USBPD_DPM_UserExecute	0	static
../USBPD/Target/usbpd_dpm_user.c:189:6:USBPD_DPM_UserCableDetection	0	static
../USBPD/Target/usbpd_dpm_user.c:226:6:USBPD_DPM_UserTimerCounter	0	static
../USBPD/Target/usbpd_dpm_user.c:247:6:USBPD_DPM_Notification	0	static
../USBPD/Target/usbpd_dpm_user.c:299:6:USBPD_DPM_HardReset	0	static
../USBPD/Target/usbpd_dpm_user.c:311:21:USBPD_DPM_SetupNewPower	0	static
../USBPD/Target/usbpd_dpm_user.c:323:21:USBPD_DPM_EvaluatePowerRoleSwap	0	static
../USBPD/Target/usbpd_dpm_user.c:338:6:USBPD_DPM_GetDataInfo	0	static
../USBPD/Target/usbpd_dpm_user.c:381:6:USBPD_DPM_SetDataInfo	0	static
../USBPD/Target/usbpd_dpm_user.c:429:21:USBPD_DPM_EvaluateRequest	0	static
../USBPD/Target/usbpd_dpm_user.c:452:6:USBPD_DPM_SNK_EvaluateCapabilities	0	static
../USBPD/Target/usbpd_dpm_user.c:466:6:USBPD_DPM_PowerRoleSwap	0	static
../USBPD/Target/usbpd_dpm_user.c:478:21:USBPD_DPM_EvaluateVconnSwap	0	static
../USBPD/Target/usbpd_dpm_user.c:497:21:USBPD_DPM_PE_VconnPwr	0	static
../USBPD/Target/usbpd_dpm_user.c:515:6:USBPD_DPM_ExtendedMessageReceived	0	static
../USBPD/Target/usbpd_dpm_user.c:527:6:USBPD_DPM_EnterErrorRecovery	0	static
../USBPD/Target/usbpd_dpm_user.c:544:21:USBPD_DPM_EvaluateDataRoleSwap	0	static
../USBPD/Target/usbpd_dpm_user.c:574:23:USBPD_DPM_IsPowerReady	8	static
../USBPD/Target/usbpd_dpm_user.c:594:21:USBPD_DPM_RequestHardReset	0	static
../USBPD/Target/usbpd_dpm_user.c:608:21:USBPD_DPM_RequestCableReset	0	static
../USBPD/Target/usbpd_dpm_user.c:620:21:USBPD_DPM_RequestGotoMin	0	static
../USBPD/Target/usbpd_dpm_user.c:634:21:USBPD_DPM_RequestPing	0	static
../USBPD/Target/usbpd_dpm_user.c:648:21:USBPD_DPM_RequestMessageRequest	0	static
../USBPD/Target/usbpd_dpm_user.c:665:21:USBPD_DPM_RequestGetSourceCapability	0	static
../USBPD/Target/usbpd_dpm_user.c:677:21:USBPD_DPM_RequestGetSinkCapability	0	static
../USBPD/Target/usbpd_dpm_user.c:689:21:USBPD_DPM_RequestDataRoleSwap	0	static
../USBPD/Target/usbpd_dpm_user.c:701:21:USBPD_DPM_RequestPowerRoleSwap	0	static
../USBPD/Target/usbpd_dpm_user.c:713:21:USBPD_DPM_RequestVconnSwap	0	static
../USBPD/Target/usbpd_dpm_user.c:726:21:USBPD_DPM_RequestSoftReset	0	static
../USBPD/Target/usbpd_dpm_user.c:738:21:USBPD_DPM_RequestSourceCapability	0	static
../USBPD/Target/usbpd_dpm_user.c:752:21:USBPD_DPM_RequestVDM_DiscoveryIdentify	0	static
../USBPD/Target/usbpd_dpm_user.c:771:21:USBPD_DPM_RequestVDM_DiscoverySVID	0	static
../USBPD/Target/usbpd_dpm_user.c:785:21:USBPD_DPM_RequestVDM_DiscoveryMode	0	static
../USBPD/Target/usbpd_dpm_user.c:800:21:USBPD_DPM_RequestVDM_EnterMode	0	static
../USBPD/Target/usbpd_dpm_user.c:815:21:USBPD_DPM_RequestVDM_ExitMode	0	static
../USBPD/Target/usbpd_dpm_user.c:830:21:USBPD_DPM_RequestDisplayPortStatus	0	static
../USBPD/Target/usbpd_dpm_user.c:848:21:USBPD_DPM_RequestDisplayPortConfig	0	static
../USBPD/Target/usbpd_dpm_user.c:866:21:USBPD_DPM_RequestAttention	0	static
../USBPD/Target/usbpd_dpm_user.c:879:21:USBPD_DPM_RequestAlert	16	static
../USBPD/Target/usbpd_dpm_user.c:891:21:USBPD_DPM_RequestGetSourceCapabilityExt	0	static
../USBPD/Target/usbpd_dpm_user.c:903:21:USBPD_DPM_RequestGetSinkCapabilityExt	0	static
../USBPD/Target/usbpd_dpm_user.c:917:21:USBPD_DPM_RequestGetManufacturerInfo	16	static
../USBPD/Target/usbpd_dpm_user.c:933:21:USBPD_DPM_RequestGetPPS_Status	0	static
../USBPD/Target/usbpd_dpm_user.c:945:21:USBPD_DPM_RequestGetStatus	0	static
../USBPD/Target/usbpd_dpm_user.c:957:21:USBPD_DPM_RequestFastRoleSwap	0	static
../USBPD/Target/usbpd_dpm_user.c:969:21:USBPD_DPM_RequestGetCountryCodes	0	static
../USBPD/Target/usbpd_dpm_user.c:982:21:USBPD_DPM_RequestGetCountryInfo	16	static
../USBPD/Target/usbpd_dpm_user.c:995:21:USBPD_DPM_RequestGetBatteryCapability	16	static
../USBPD/Target/usbpd_dpm_user.c:1008:21:USBPD_DPM_RequestGetBatteryStatus	16	static
../USBPD/Target/usbpd_dpm_user.c:1020:21:USBPD_DPM_RequestSecurityRequest	0	static
